Archive member included because of file (symbol)

c:/program files (x86)/atmel/atmel toolchain/arm gcc/native/4.7.1416/arm-gnu-toolchain/bin/../lib/gcc/arm-none-eabi/4.7.4/../../../../arm-none-eabi/lib/armv7e-m\libc.a(lib_a-__atexit.o)
                              c:/program files (x86)/atmel/atmel toolchain/arm gcc/native/4.7.1416/arm-gnu-toolchain/bin/../lib/gcc/arm-none-eabi/4.7.4/../../../../arm-none-eabi/lib/armv7e-m/crt0.o (__register_exitproc)
c:/program files (x86)/atmel/atmel toolchain/arm gcc/native/4.7.1416/arm-gnu-toolchain/bin/../lib/gcc/arm-none-eabi/4.7.4/../../../../arm-none-eabi/lib/armv7e-m\libc.a(lib_a-exit.o)
                              c:/program files (x86)/atmel/atmel toolchain/arm gcc/native/4.7.1416/arm-gnu-toolchain/bin/../lib/gcc/arm-none-eabi/4.7.4/../../../../arm-none-eabi/lib/armv7e-m/crt0.o (exit)
c:/program files (x86)/atmel/atmel toolchain/arm gcc/native/4.7.1416/arm-gnu-toolchain/bin/../lib/gcc/arm-none-eabi/4.7.4/../../../../arm-none-eabi/lib/armv7e-m\libc.a(lib_a-fini.o)
                              c:/program files (x86)/atmel/atmel toolchain/arm gcc/native/4.7.1416/arm-gnu-toolchain/bin/../lib/gcc/arm-none-eabi/4.7.4/../../../../arm-none-eabi/lib/armv7e-m/crt0.o (__libc_fini_array)
c:/program files (x86)/atmel/atmel toolchain/arm gcc/native/4.7.1416/arm-gnu-toolchain/bin/../lib/gcc/arm-none-eabi/4.7.4/../../../../arm-none-eabi/lib/armv7e-m\libc.a(lib_a-impure.o)
                              c:/program files (x86)/atmel/atmel toolchain/arm gcc/native/4.7.1416/arm-gnu-toolchain/bin/../lib/gcc/arm-none-eabi/4.7.4/../../../../arm-none-eabi/lib/armv7e-m\libc.a(lib_a-__atexit.o) (_global_impure_ptr)
c:/program files (x86)/atmel/atmel toolchain/arm gcc/native/4.7.1416/arm-gnu-toolchain/bin/../lib/gcc/arm-none-eabi/4.7.4/../../../../arm-none-eabi/lib/armv7e-m\libc.a(lib_a-init.o)
                              c:/program files (x86)/atmel/atmel toolchain/arm gcc/native/4.7.1416/arm-gnu-toolchain/bin/../lib/gcc/arm-none-eabi/4.7.4/../../../../arm-none-eabi/lib/armv7e-m/crt0.o (__libc_init_array)
c:/program files (x86)/atmel/atmel toolchain/arm gcc/native/4.7.1416/arm-gnu-toolchain/bin/../lib/gcc/arm-none-eabi/4.7.4/../../../../arm-none-eabi/lib/armv7e-m\libc.a(lib_a-iprintf.o)
                              src/ASF/sam/utils/syscalls/gcc/syscalls.o (iprintf)
c:/program files (x86)/atmel/atmel toolchain/arm gcc/native/4.7.1416/arm-gnu-toolchain/bin/../lib/gcc/arm-none-eabi/4.7.4/../../../../arm-none-eabi/lib/armv7e-m\libc.a(lib_a-memset.o)
                              c:/program files (x86)/atmel/atmel toolchain/arm gcc/native/4.7.1416/arm-gnu-toolchain/bin/../lib/gcc/arm-none-eabi/4.7.4/../../../../arm-none-eabi/lib/armv7e-m/crt0.o (memset)
c:/program files (x86)/atmel/atmel toolchain/arm gcc/native/4.7.1416/arm-gnu-toolchain/bin/../lib/gcc/arm-none-eabi/4.7.4/../../../../arm-none-eabi/lib/armv7e-m\libc.a(lib_a-setbuf.o)
                              src/ili9325_example.o (setbuf)
c:/program files (x86)/atmel/atmel toolchain/arm gcc/native/4.7.1416/arm-gnu-toolchain/bin/../lib/gcc/arm-none-eabi/4.7.4/../../../../arm-none-eabi/lib/armv7e-m\libc.a(lib_a-setvbuf.o)
                              c:/program files (x86)/atmel/atmel toolchain/arm gcc/native/4.7.1416/arm-gnu-toolchain/bin/../lib/gcc/arm-none-eabi/4.7.4/../../../../arm-none-eabi/lib/armv7e-m\libc.a(lib_a-setbuf.o) (setvbuf)
c:/program files (x86)/atmel/atmel toolchain/arm gcc/native/4.7.1416/arm-gnu-toolchain/bin/../lib/gcc/arm-none-eabi/4.7.4/../../../../arm-none-eabi/lib/armv7e-m\libc.a(lib_a-vfiprintf.o)
                              c:/program files (x86)/atmel/atmel toolchain/arm gcc/native/4.7.1416/arm-gnu-toolchain/bin/../lib/gcc/arm-none-eabi/4.7.4/../../../../arm-none-eabi/lib/armv7e-m\libc.a(lib_a-iprintf.o) (_vfiprintf_r)
c:/program files (x86)/atmel/atmel toolchain/arm gcc/native/4.7.1416/arm-gnu-toolchain/bin/../lib/gcc/arm-none-eabi/4.7.4/../../../../arm-none-eabi/lib/armv7e-m\libc.a(lib_a-wsetup.o)
                              c:/program files (x86)/atmel/atmel toolchain/arm gcc/native/4.7.1416/arm-gnu-toolchain/bin/../lib/gcc/arm-none-eabi/4.7.4/../../../../arm-none-eabi/lib/armv7e-m\libc.a(lib_a-vfiprintf.o) (__swsetup_r)
c:/program files (x86)/atmel/atmel toolchain/arm gcc/native/4.7.1416/arm-gnu-toolchain/bin/../lib/gcc/arm-none-eabi/4.7.4/../../../../arm-none-eabi/lib/armv7e-m\libc.a(lib_a-__call_atexit.o)
                              c:/program files (x86)/atmel/atmel toolchain/arm gcc/native/4.7.1416/arm-gnu-toolchain/bin/../lib/gcc/arm-none-eabi/4.7.4/../../../../arm-none-eabi/lib/armv7e-m\libc.a(lib_a-exit.o) (__call_exitprocs)
c:/program files (x86)/atmel/atmel toolchain/arm gcc/native/4.7.1416/arm-gnu-toolchain/bin/../lib/gcc/arm-none-eabi/4.7.4/../../../../arm-none-eabi/lib/armv7e-m\libc.a(lib_a-atexit.o)
[...]
Memory Configuration

Name             Origin             Length             Attributes
rom              0x00400000         0x00200000         xr
ram              0x20000000         0x00028000         xrw
*default*        0x00000000         0xffffffff

Linker script and memory map

LOAD c:/program files (x86)/atmel/atmel toolchain/arm gcc/native/4.7.1416/arm-gnu-toolchain/bin/../lib/gcc/arm-none-eabi/4.7.4/armv7e-m/crti.o
LOAD c:/program files (x86)/atmel/atmel toolchain/arm gcc/native/4.7.1416/arm-gnu-toolchain/bin/../lib/gcc/arm-none-eabi/4.7.4/armv7e-m/crtbegin.o
LOAD c:/program files (x86)/atmel/atmel toolchain/arm gcc/native/4.7.1416/arm-gnu-toolchain/bin/../lib/gcc/arm-none-eabi/4.7.4/../../../../arm-none-eabi/lib/armv7e-m/crt0.o
LOAD src/ASF/common/services/clock/sam4s/sysclk.o
LOAD src/ASF/common/services/serial/usart_serial.o
LOAD src/ASF/common/utils/interrupt/interrupt_sam_nvic.o
LOAD src/ASF/common/utils/stdio/read.o
LOAD src/ASF/common/utils/stdio/write.o
LOAD src/ASF/sam/boards/sam4s_ek2/init.o
LOAD src/ASF/sam/boards/sam4s_ek2/led.o
LOAD src/ASF/sam/components/display/aat31xx/aat31xx.o
LOAD src/ASF/sam/components/display/ili9325/ili9325.o
LOAD src/ASF/sam/drivers/ebi/smc/smc.o
LOAD src/ASF/sam/drivers/pio/pio.o
LOAD src/ASF/sam/drivers/pio/pio_handler.o
LOAD src/ASF/sam/drivers/pmc/pmc.o
LOAD src/ASF/sam/drivers/pmc/sleep.o
LOAD src/ASF/sam/drivers/uart/uart.o
LOAD src/ASF/sam/drivers/usart/usart.o
LOAD src/ASF/sam/utils/cmsis/sam4s/source/templates/gcc/startup_sam4s.o
LOAD src/ASF/sam/utils/cmsis/sam4s/source/templates/system_sam4s.o
LOAD src/ASF/sam/utils/syscalls/gcc/syscalls.o
LOAD src/ili9325_example.o
START GROUP
LOAD ../src/ASF/thirdparty/CMSIS/Lib/GCC\libarm_cortexM4l_math.a
LOAD c:/program files (x86)/atmel/atmel toolchain/arm gcc/native/4.7.1416/arm-gnu-toolchain/bin/../lib/gcc/arm-none-eabi/4.7.4/../../../../arm-none-eabi/lib/armv7e-m\libm.a
END GROUP
START GROUP
LOAD c:/program files (x86)/atmel/atmel toolchain/arm gcc/native/4.7.1416/arm-gnu-toolchain/bin/../lib/gcc/arm-none-eabi/4.7.4/armv7e-m\libgcc.a
LOAD c:/program files (x86)/atmel/atmel toolchain/arm gcc/native/4.7.1416/arm-gnu-toolchain/bin/../lib/gcc/arm-none-eabi/4.7.4/../../../../arm-none-eabi/lib/armv7e-m\libc.a
END GROUP
LOAD c:/program files (x86)/atmel/atmel toolchain/arm gcc/native/4.7.1416/arm-gnu-toolchain/bin/../lib/gcc/arm-none-eabi/4.7.4/armv7e-m/crtend.o
LOAD c:/program files (x86)/atmel/atmel toolchain/arm gcc/native/4.7.1416/arm-gnu-toolchain/bin/../lib/gcc/arm-none-eabi/4.7.4/armv7e-m/crtn.o
                [0x00003000]                __stack_size__ = DEFINED (__stack_size__)?__stack_size__:0x3000
                0x20027ffc                __ram_end__ = ((ORIGIN (ram) + 0x28000) - 0x4)

.text           0x00400000     0x339c
                0x00400000                . = ALIGN (0x4)
                0x00400000                _sfixed = .
 *(.vectors .vectors.*)
 .vectors       0x00400000       0xcc src/ASF/sam/utils/cmsis/sam4s/source/templates/gcc/startup_sam4s.o
                0x00400000                exception_table
 *(.text .text.* .gnu.linkonce.t.*)
 .text          0x004000cc       0xb0 c:/program files (x86)/atmel/atmel toolchain/arm gcc/native/4.7.1416/arm-gnu-toolchain/bin/../lib/gcc/arm-none-eabi/4.7.4/armv7e-m/crtbegin.o
 .text.sysclk_init
                0x0040017c       0x78 src/ASF/common/services/clock/sam4s/sysclk.o
                0x0040017c                sysclk_init
 .text._read    0x004001f4       0x88 src/ASF/common/utils/stdio/read.o
                0x004001f4                _read
 .text._write   0x0040027c       0xa0 src/ASF/common/utils/stdio/write.o
                0x0040027c                _write
 .text.board_init
                0x0040031c       0xf0 src/ASF/sam/boards/sam4s_ek2/init.o
                0x0040031c                board_init
 .text.aat31xx_set_backlight
                0x0040040c       0x6c src/ASF/sam/components/display/aat31xx/aat31xx.o
                0x0040040c                aat31xx_set_backlight
 .text.aat31xx_disable_backlight
                0x00400478       0x28 src/ASF/sam/components/display/aat31xx/aat31xx.o
                0x00400478                aat31xx_disable_backlight
 .text.ili9325_write_ram_prepare
                0x004004a0       0x14 src/ASF/sam/components/display/ili9325/ili9325.o
 .text.ili9325_write_ram
                0x004004b4       0x1c src/ASF/sam/components/display/ili9325/ili9325.o
 .text.ili9325_write_ram_buffer
                0x004004d0      0x148 src/ASF/sam/components/display/ili9325/ili9325.o
 .text.ili9325_write_register
                0x00400618       0x20 src/ASF/sam/components/display/ili9325/ili9325.o
 .text.ili9325_delay
                0x00400638       0x44 src/ASF/sam/components/display/ili9325/ili9325.o
 .text.ili9325_check_box_coordinates
                0x0040067c       0x50 src/ASF/sam/components/display/ili9325/ili9325.o
 .text.ili9325_display_on
                0x004006cc       0x18 src/ASF/sam/components/display/ili9325/ili9325.o
                0x004006cc                ili9325_display_on
 .text.ili9325_set_foreground_color
                0x004006e4       0x24 src/ASF/sam/components/display/ili9325/ili9325.o
                0x004006e4                ili9325_set_foreground_color
 .text.ili9325_set_window
                0x00400708       0x48 src/ASF/sam/components/display/ili9325/ili9325.o
                0x00400708                ili9325_set_window
 .text.ili9325_set_cursor_position
                0x00400750       0x20 src/ASF/sam/components/display/ili9325/ili9325.o
                0x00400750                ili9325_set_cursor_position
 .text.ili9325_init
                0x00400770      0x258 src/ASF/sam/components/display/ili9325/ili9325.o
                0x00400770                ili9325_init
 .text.ili9325_draw_pixel
                0x004009c8       0x4c src/ASF/sam/components/display/ili9325/ili9325.o
                0x004009c8                ili9325_draw_pixel
 .text.ili9325_draw_filled_rectangle
                0x00400a14      0x11c src/ASF/sam/components/display/ili9325/ili9325.o
                0x00400a14                ili9325_draw_filled_rectangle
 .text.ili9325_draw_line
                0x00400b30      0x1a0 src/ASF/sam/components/display/ili9325/ili9325.o
                0x00400b30                ili9325_draw_line
 .text.ili9325_draw_circle
                0x00400cd0       0xb4 src/ASF/sam/components/display/ili9325/ili9325.o
                0x00400cd0                ili9325_draw_circle
 .text.ili9325_draw_string
                0x00400d84      0x1a8 src/ASF/sam/components/display/ili9325/ili9325.o
                0x00400d84                ili9325_draw_string
 .text.smc_set_setup_timing
                0x00400f2c        0x8 src/ASF/sam/drivers/ebi/smc/smc.o
                0x00400f2c                smc_set_setup_timing
 .text.smc_set_pulse_timing
                0x00400f34        0x8 src/ASF/sam/drivers/ebi/smc/smc.o
                0x00400f34                smc_set_pulse_timing
 .text.smc_set_cycle_timing
                0x00400f3c        0x8 src/ASF/sam/drivers/ebi/smc/smc.o
                0x00400f3c                smc_set_cycle_timing
 .text.smc_set_mode
                0x00400f44        0x8 src/ASF/sam/drivers/ebi/smc/smc.o
                0x00400f44                smc_set_mode
 .text.pio_pull_up
                0x00400f4c        0xc src/ASF/sam/drivers/pio/pio.o
                0x00400f4c                pio_pull_up
 .text.pio_set_peripheral
                0x00400f58       0x98 src/ASF/sam/drivers/pio/pio.o
                0x00400f58                pio_set_peripheral
 .text.pio_disable_interrupt
                0x00400ff0        0x4 src/ASF/sam/drivers/pio/pio.o
                0x00400ff0                pio_disable_interrupt
 .text.pio_set_output
                0x00400ff4       0x3c src/ASF/sam/drivers/pio/pio.o
                0x00400ff4                pio_set_output
 .text.pio_set_input
                0x00401030       0x4c src/ASF/sam/drivers/pio/pio.o
                0x00401030                pio_set_input
 .text.pio_get_interrupt_status
                0x0040107c        0x4 src/ASF/sam/drivers/pio/pio.o
                0x0040107c                pio_get_interrupt_status
 .text.pio_get_interrupt_mask
                0x00401080        0x4 src/ASF/sam/drivers/pio/pio.o
                0x00401080                pio_get_interrupt_mask
 .text.pio_configure_pin
                0x00401084      0x178 src/ASF/sam/drivers/pio/pio.o
                0x00401084                pio_configure_pin
 .text.pio_configure_pin_group
                0x004011fc      0x124 src/ASF/sam/drivers/pio/pio.o
                0x004011fc                pio_configure_pin_group
 .text.pio_handler_process
                0x00401320       0x74 src/ASF/sam/drivers/pio/pio_handler.o
                0x00401320                pio_handler_process
 .text.PIOA_Handler
                0x00401394       0x1c src/ASF/sam/drivers/pio/pio_handler.o
                0x00401394                PIOA_Handler
 .text.PIOB_Handler
                0x004013b0       0x1c src/ASF/sam/drivers/pio/pio_handler.o
                0x004013b0                PIOB_Handler
 .text.PIOC_Handler
                0x004013cc       0x1c src/ASF/sam/drivers/pio/pio_handler.o
                0x004013cc                PIOC_Handler
 .text.pmc_switch_mck_to_pllack
                0x004013e8       0xa0 src/ASF/sam/drivers/pmc/pmc.o
                0x004013e8                pmc_switch_mck_to_pllack
 .text.pmc_switch_mainck_to_xtal
                0x00401488       0x70 src/ASF/sam/drivers/pmc/pmc.o
                0x00401488                pmc_switch_mainck_to_xtal
 .text.pmc_osc_is_ready_mainck
                0x004014f8       0x10 src/ASF/sam/drivers/pmc/pmc.o
                0x004014f8                pmc_osc_is_ready_mainck
 .text.pmc_disable_pllack
                0x00401508       0x10 src/ASF/sam/drivers/pmc/pmc.o
                0x00401508                pmc_disable_pllack
 .text.pmc_is_locked_pllack
                0x00401518       0x10 src/ASF/sam/drivers/pmc/pmc.o
                0x00401518                pmc_is_locked_pllack
 .text.pmc_enable_periph_clk
                0x00401528       0x84 src/ASF/sam/drivers/pmc/pmc.o
                0x00401528                pmc_enable_periph_clk
 .text.uart_init
                0x004015ac       0x44 src/ASF/sam/drivers/uart/uart.o
                0x004015ac                uart_init
 .text.uart_write
                0x004015f0       0x18 src/ASF/sam/drivers/uart/uart.o
                0x004015f0                uart_write
 .text.uart_read
                0x00401608       0x18 src/ASF/sam/drivers/uart/uart.o
                0x00401608                uart_read
 .text.usart_write
                0x00401620       0x20 src/ASF/sam/drivers/usart/usart.o
                0x00401620                usart_write
 .text.usart_read
                0x00401640       0x20 src/ASF/sam/drivers/usart/usart.o
                0x00401640                usart_read
 .text.Dummy_Handler
                0x00401660        0x4 src/ASF/sam/utils/cmsis/sam4s/source/templates/gcc/startup_sam4s.o
                0x00401660                DACC_Handler
                0x00401660                DebugMon_Handler
                0x00401660                HardFault_Handler
                0x00401660                TC2_Handler
                0x00401660                SPI_Handler
                0x00401660                SysTick_Handler
                0x00401660                TWI1_Handler
                0x00401660                PendSV_Handler
                0x00401660                NMI_Handler
                0x00401660                ADC_Handler
                0x00401660                CRCCU_Handler
                0x00401660                USART0_Handler
                0x00401660                RTT_Handler
                0x00401660                EFC1_Handler
                0x00401660                RTC_Handler
                0x00401660                UsageFault_Handler
                0x00401660                WDT_Handler
                0x00401660                TC4_Handler
                0x00401660                TC1_Handler
                0x00401660                HSMCI_Handler
                0x00401660                UART1_Handler
                0x00401660                TC3_Handler
                0x00401660                Dummy_Handler
                0x00401660                TWI0_Handler
                0x00401660                USART1_Handler
                0x00401660                SSC_Handler
                0x00401660                EFC0_Handler
                0x00401660                ACC_Handler
                0x00401660                PMC_Handler
                0x00401660                PWM_Handler
                0x00401660                MemManage_Handler
                0x00401660                SUPC_Handler
                0x00401660                SVC_Handler
                0x00401660                UART0_Handler
                0x00401660                UDP_Handler
                0x00401660                BusFault_Handler
                0x00401660                RSTC_Handler
                0x00401660                TC0_Handler
                0x00401660                TC5_Handler
 .text.Reset_Handler
                0x00401664      0x164 src/ASF/sam/utils/cmsis/sam4s/source/templates/gcc/startup_sam4s.o
                0x00401664                Reset_Handler
 .text.SystemCoreClockUpdate
                0x004017c8      0x1b8 src/ASF/sam/utils/cmsis/sam4s/source/templates/system_sam4s.o
                0x004017c8                SystemCoreClockUpdate
 .text.system_init_flash
                0x00401980       0xe8 src/ASF/sam/utils/cmsis/sam4s/source/templates/system_sam4s.o
                0x00401980                system_init_flash
 .text._sbrk    0x00401a68       0x4c src/ASF/sam/utils/syscalls/gcc/syscalls.o
                0x00401a68                _sbrk
 .text._close   0x00401ab4        0x8 src/ASF/sam/utils/syscalls/gcc/syscalls.o
                0x00401ab4                _close
 .text._lseek   0x00401abc        0x8 src/ASF/sam/utils/syscalls/gcc/syscalls.o
                0x00401abc                _lseek
 .text.usart_serial_getchar
                0x00401ac4       0xb8 src/ili9325_example.o
 .text.usart_serial_putchar
                0x00401b7c       0xbc src/ili9325_example.o
 .text.main     0x00401c38      0x200 src/ili9325_example.o
                0x00401c38                main
 .text          0x00401e38       0x9c c:/program files (x86)/atmel/atmel toolchain/arm gcc/native/4.7.1416/arm-gnu-toolchain/bin/../lib/gcc/arm-none-eabi/4.7.4/../../../../arm-none-eabi/lib/armv7e-m\libc.a(lib_a-__atexit.o)
                0x00401e38                __register_exitproc
 .text          0x00401ed4       0x2c c:/program files (x86)/atmel/atmel toolchain/arm gcc/native/4.7.1416/arm-gnu-toolchain/bin/../lib/gcc/arm-none-eabi/4.7.4/../../../../arm-none-eabi/lib/armv7e-m\libc.a(lib_a-fini.o)
                0x00401ed4                __libc_fini_array
 .text          0x00401f00       0x4c c:/program files (x86)/atmel/atmel toolchain/arm gcc/native/4.7.1416/arm-gnu-toolchain/bin/../lib/gcc/arm-none-eabi/4.7.4/../../../../arm-none-eabi/lib/armv7e-m\libc.a(lib_a-init.o)
                0x00401f00                __libc_init_array
 .text          0x00401f4c       0x10 c:/program files (x86)/atmel/atmel toolchain/arm gcc/native/4.7.1416/arm-gnu-toolchain/bin/../lib/gcc/arm-none-eabi/4.7.4/../../../../arm-none-eabi/lib/armv7e-m\libc.a(lib_a-memset.o)
                0x00401f4c                memset
 .text          0x00401f5c       0x10 c:/program files (x86)/atmel/atmel toolchain/arm gcc/native/4.7.1416/arm-gnu-toolchain/bin/../lib/gcc/arm-none-eabi/4.7.4/../../../../arm-none-eabi/lib/armv7e-m\libc.a(lib_a-setbuf.o)
                0x00401f5c                setbuf
 .text          0x00401f6c       0xec c:/program files (x86)/atmel/atmel toolchain/arm gcc/native/4.7.1416/arm-gnu-toolchain/bin/../lib/gcc/arm-none-eabi/4.7.4/../../../../arm-none-eabi/lib/armv7e-m\libc.a(lib_a-setvbuf.o)
                0x00401f6c                setvbuf
 .text.startup  0x00402058       0x14 c:/program files (x86)/atmel/atmel toolchain/arm gcc/native/4.7.1416/arm-gnu-toolchain/bin/../lib/gcc/arm-none-eabi/4.7.4/../../../../arm-none-eabi/lib/armv7e-m\libc.a(lib_a-__call_atexit.o)
 .text          0x0040206c        0xc c:/program files (x86)/atmel/atmel toolchain/arm gcc/native/4.7.1416/arm-gnu-toolchain/bin/../lib/gcc/arm-none-eabi/4.7.4/../../../../arm-none-eabi/lib/armv7e-m\libc.a(lib_a-atexit.o)
                0x0040206c                atexit
 .text          0x00402078      0x154 c:/program files (x86)/atmel/atmel toolchain/arm gcc/native/4.7.1416/arm-gnu-toolchain/bin/../lib/gcc/arm-none-eabi/4.7.4/../../../../arm-none-eabi/lib/armv7e-m\libc.a(lib_a-fflush.o)
                0x00402078                _fflush_r
                0x004021a8                fflush
 .text          0x004021cc      0x18c c:/program files (x86)/atmel/atmel toolchain/arm gcc/native/4.7.1416/arm-gnu-toolchain/bin/../lib/gcc/arm-none-eabi/4.7.4/../../../../arm-none-eabi/lib/armv7e-m\libc.a(lib_a-findfp.o)
                0x004021d4                _cleanup_r
                0x00402228                __sfmoreglue
                0x00402252                _cleanup
                0x00402260                __sinit
                0x004022ac                __sfp
                0x00402328                __sfp_lock_acquire
                0x0040232a                __sfp_lock_release
                0x0040232c                __sinit_lock_acquire
                0x0040232e                __sinit_lock_release
                0x00402330                __fp_lock_all
                0x00402344                __fp_unlock_all
 .text          0x00402358      0x208 c:/program files (x86)/atmel/atmel toolchain/arm gcc/native/4.7.1416/arm-gnu-toolchain/bin/../lib/gcc/arm-none-eabi/4.7.4/../../../../arm-none-eabi/lib/armv7e-m\libc.a(lib_a-freer.o)
                0x00402358                _malloc_trim_r
                0x004023f4                _free_r
 .text          0x00402560       0x86 c:/program files (x86)/atmel/atmel toolchain/arm gcc/native/4.7.1416/arm-gnu-toolchain/bin/../lib/gcc/arm-none-eabi/4.7.4/../../../../arm-none-eabi/lib/armv7e-m\libc.a(lib_a-fwalk.o)
                0x00402560                _fwalk
                0x004025a2                _fwalk_reent
 *fill*         0x004025e6        0x2 00
 .text          0x004025e8       0x20 c:/program files (x86)/atmel/atmel toolchain/arm gcc/native/4.7.1416/arm-gnu-toolchain/bin/../lib/gcc/arm-none-eabi/4.7.4/../../../../arm-none-eabi/lib/armv7e-m\libc.a(lib_a-malloc.o)
                0x004025e8                malloc
                0x004025f8                free
 .text          0x00402608      0x404 c:/program files (x86)/atmel/atmel toolchain/arm gcc/native/4.7.1416/arm-gnu-toolchain/bin/../lib/gcc/arm-none-eabi/4.7.4/../../../../arm-none-eabi/lib/armv7e-m\libc.a(lib_a-mallocr.o)
                0x00402608                _malloc_r
 .text          0x00402a0c        0x4 c:/program files (x86)/atmel/atmel toolchain/arm gcc/native/4.7.1416/arm-gnu-toolchain/bin/../lib/gcc/arm-none-eabi/4.7.4/../../../../arm-none-eabi/lib/armv7e-m\libc.a(lib_a-mlock.o)
                0x00402a0c                __malloc_lock
                0x00402a0e                __malloc_unlock
 .text          0x00402a10       0x20 c:/program files (x86)/atmel/atmel toolchain/arm gcc/native/4.7.1416/arm-gnu-toolchain/bin/../lib/gcc/arm-none-eabi/4.7.4/../../../../arm-none-eabi/lib/armv7e-m\libc.a(lib_a-sbrkr.o)
                0x00402a10                _sbrk_r
 .text          0x00402a30       0x8e c:/program files (x86)/atmel/atmel toolchain/arm gcc/native/4.7.1416/arm-gnu-toolchain/bin/../lib/gcc/arm-none-eabi/4.7.4/../../../../arm-none-eabi/lib/armv7e-m\libc.a(lib_a-stdio.o)
                0x00402a30                __sread
                0x00402a52                __seofread
                0x00402a56                __swrite
                0x00402a92                __sseek
                0x00402ab6                __sclose
 *fill*         0x00402abe        0x2 00
 .text          0x00402ac0       0x24 c:/program files (x86)/atmel/atmel toolchain/arm gcc/native/4.7.1416/arm-gnu-toolchain/bin/../lib/gcc/arm-none-eabi/4.7.4/../../../../arm-none-eabi/lib/armv7e-m\libc.a(lib_a-writer.o)
                0x00402ac0                _write_r
 .text          0x00402ae4       0x20 c:/program files (x86)/atmel/atmel toolchain/arm gcc/native/4.7.1416/arm-gnu-toolchain/bin/../lib/gcc/arm-none-eabi/4.7.4/../../../../arm-none-eabi/lib/armv7e-m\libc.a(lib_a-closer.o)
                0x00402ae4                _close_r
 .text          0x00402b04       0x94 c:/program files (x86)/atmel/atmel toolchain/arm gcc/native/4.7.1416/arm-gnu-toolchain/bin/../lib/gcc/arm-none-eabi/4.7.4/../../../../arm-none-eabi/lib/armv7e-m\libc.a(lib_a-fclose.o)
                0x00402b04                _fclose_r
                0x00402b88                fclose
 .text          0x00402b98       0x24 c:/program files (x86)/atmel/atmel toolchain/arm gcc/native/4.7.1416/arm-gnu-toolchain/bin/../lib/gcc/arm-none-eabi/4.7.4/../../../../arm-none-eabi/lib/armv7e-m\libc.a(lib_a-lseekr.o)
                0x00402b98                _lseek_r
 .text          0x00402bbc       0x24 c:/program files (x86)/atmel/atmel toolchain/arm gcc/native/4.7.1416/arm-gnu-toolchain/bin/../lib/gcc/arm-none-eabi/4.7.4/../../../../arm-none-eabi/lib/armv7e-m\libc.a(lib_a-readr.o)
                0x00402bbc                _read_r
 *(.glue_7t)
 .glue_7t       0x00000000        0x0 linker stubs
 *(.glue_7)
 .glue_7        0x00000000        0x0 linker stubs
 *(.rodata .rodata* .gnu.linkonce.r.*)
 .rodata.p_uc_charset10x14
                0x00402be0      0x780 src/ASF/sam/components/display/ili9325/ili9325.o
                0x00402be0                p_uc_charset10x14
 .rodata.str1.4
                0x00403360       0x10 src/ili9325_example.o
 .rodata        0x00403370        0x4 c:/program files (x86)/atmel/atmel toolchain/arm gcc/native/4.7.1416/arm-gnu-toolchain/bin/../lib/gcc/arm-none-eabi/4.7.4/../../../../arm-none-eabi/lib/armv7e-m\libc.a(lib_a-impure.o)
                0x00403370                _global_impure_ptr
 .rodata.str1.1
                0x00403374        0x2 c:/program files (x86)/atmel/atmel toolchain/arm gcc/native/4.7.1416/arm-gnu-toolchain/bin/../lib/gcc/arm-none-eabi/4.7.4/../../../../arm-none-eabi/lib/armv7e-m\libc.a(lib_a-impure.o)
 *(.ARM.extab* .gnu.linkonce.armextab.*)
                0x00403378                . = ALIGN (0x4)
 *fill*         0x00403376        0x2 00
 *(.init)
 .init          0x00403378        0x4 c:/program files (x86)/atmel/atmel toolchain/arm gcc/native/4.7.1416/arm-gnu-toolchain/bin/../lib/gcc/arm-none-eabi/4.7.4/armv7e-m/crti.o
                0x00403378                _init
 .init          0x0040337c        0x8 c:/program files (x86)/atmel/atmel toolchain/arm gcc/native/4.7.1416/arm-gnu-toolchain/bin/../lib/gcc/arm-none-eabi/4.7.4/armv7e-m/crtn.o
                0x00403384                . = ALIGN (0x4)
                0x00403384                __preinit_array_start = .
 *(.preinit_array)
                0x00403384                __preinit_array_end = .
                0x00403384                . = ALIGN (0x4)
                0x00403384                __init_array_start = .
 *(SORT(.init_array.*))
 .init_array.00000
                0x00403384        0x4 c:/program files (x86)/atmel/atmel toolchain/arm gcc/native/4.7.1416/arm-gnu-toolchain/bin/../lib/gcc/arm-none-eabi/4.7.4/../../../../arm-none-eabi/lib/armv7e-m\libc.a(lib_a-__call_atexit.o)
 *(.init_array)
 .init_array    0x00403388        0x4 c:/program files (x86)/atmel/atmel toolchain/arm gcc/native/4.7.1416/arm-gnu-toolchain/bin/../lib/gcc/arm-none-eabi/4.7.4/armv7e-m/crtbegin.o
                0x0040338c                __init_array_end = .
                0x0040338c                . = ALIGN (0x4)
 *crtbegin.o(.ctors)
 *(EXCLUDE_FILE(*crtend.o) .ctors)
 *(SORT(.ctors.*))
 *crtend.o(.ctors)
                0x0040338c                . = ALIGN (0x4)
 *(.fini)
 .fini          0x0040338c        0x4 c:/program files (x86)/atmel/atmel toolchain/arm gcc/native/4.7.1416/arm-gnu-toolchain/bin/../lib/gcc/arm-none-eabi/4.7.4/armv7e-m/crti.o
                0x0040338c                _fini
 .fini          0x00403390        0x8 c:/program files (x86)/atmel/atmel toolchain/arm gcc/native/4.7.1416/arm-gnu-toolchain/bin/../lib/gcc/arm-none-eabi/4.7.4/armv7e-m/crtn.o
                0x00403398                . = ALIGN (0x4)
                0x00403398                __fini_array_start = .
 *(.fini_array)
 .fini_array    0x00403398        0x4 c:/program files (x86)/atmel/atmel toolchain/arm gcc/native/4.7.1416/arm-gnu-toolchain/bin/../lib/gcc/arm-none-eabi/4.7.4/armv7e-m/crtbegin.o
 *(SORT(.fini_array.*))
                0x0040339c                __fini_array_end = .
 *crtbegin.o(.dtors)
 *(EXCLUDE_FILE(*crtend.o) .dtors)
 *(SORT(.dtors.*))
 *crtend.o(.dtors)
                0x0040339c                . = ALIGN (0x4)
                0x0040339c                _efixed = .
                0x0040339c                PROVIDE (__exidx_start, .)

.vfp11_veneer   0x0040339c        0x0
 .vfp11_veneer  0x00000000        0x0 linker stubs

.v4_bx          0x0040339c        0x0
 .v4_bx         0x00000000        0x0 linker stubs

.iplt           0x0040339c        0x0
 .iplt          0x00000000        0x0 c:/program files (x86)/atmel/atmel toolchain/arm gcc/native/4.7.1416/arm-gnu-toolchain/bin/../lib/gcc/arm-none-eabi/4.7.4/armv7e-m/crtbegin.o

.eh_frame       0x0040339c        0x0
 .eh_frame      0x0040339c        0x0 c:/program files (x86)/atmel/atmel toolchain/arm gcc/native/4.7.1416/arm-gnu-toolchain/bin/../lib/gcc/arm-none-eabi/4.7.4/armv7e-m/crtbegin.o

.rel.dyn        0x0040339c        0x0
 .rel.iplt      0x00000000        0x0 c:/program files (x86)/atmel/atmel toolchain/arm gcc/native/4.7.1416/arm-gnu-toolchain/bin/../lib/gcc/arm-none-eabi/4.7.4/armv7e-m/crtbegin.o

.jcr            0x0040339c        0x0
 .jcr           0x0040339c        0x0 c:/program files (x86)/atmel/atmel toolchain/arm gcc/native/4.7.1416/arm-gnu-toolchain/bin/../lib/gcc/arm-none-eabi/4.7.4/armv7e-m/crtbegin.o

.tm_clone_table
                0x0040339c        0x0
 .tm_clone_table
                0x0040339c        0x0 c:/program files (x86)/atmel/atmel toolchain/arm gcc/native/4.7.1416/arm-gnu-toolchain/bin/../lib/gcc/arm-none-eabi/4.7.4/armv7e-m/crtbegin.o
 .tm_clone_table
                0x0040339c        0x0 c:/program files (x86)/atmel/atmel toolchain/arm gcc/native/4.7.1416/arm-gnu-toolchain/bin/../lib/gcc/arm-none-eabi/4.7.4/armv7e-m/crtend.o

.igot.plt       0x0040339c        0x0
 .igot.plt      0x00000000        0x0 c:/program files (x86)/atmel/atmel toolchain/arm gcc/native/4.7.1416/arm-gnu-toolchain/bin/../lib/gcc/arm-none-eabi/4.7.4/armv7e-m/crtbegin.o

.ARM.exidx
 *(.ARM.exidx* .gnu.linkonce.armexidx.*)
                0x0040339c                PROVIDE (__exidx_end, .)
                0x0040339c                . = ALIGN (0x4)
                0x0040339c                _etext = .

.relocate       0x20000000      0x848 load address 0x0040339c
                0x20000000                . = ALIGN (0x4)
                0x20000000                _srelocate = .
 *(.ramfunc .ramfunc.*)
 *(.data .data.*)
 .data.SystemCoreClock
                0x20000000        0x4 src/ASF/sam/utils/cmsis/sam4s/source/templates/system_sam4s.o
                0x20000000                SystemCoreClock
 *fill*         0x20000004        0x4 00
 .data          0x20000008      0x430 c:/program files (x86)/atmel/atmel toolchain/arm gcc/native/4.7.1416/arm-gnu-toolchain/bin/../lib/gcc/arm-none-eabi/4.7.4/../../../../arm-none-eabi/lib/armv7e-m\libc.a(lib_a-impure.o)
                0x20000008                _impure_ptr
 .data          0x20000438      0x410 c:/program files (x86)/atmel/atmel toolchain/arm gcc/native/4.7.1416/arm-gnu-toolchain/bin/../lib/gcc/arm-none-eabi/4.7.4/../../../../arm-none-eabi/lib/armv7e-m\libc.a(lib_a-mallocr.o)
                0x20000438                __malloc_av_
                0x20000840                __malloc_sbrk_base
                0x20000844                __malloc_trim_threshold
                0x20000848                . = ALIGN (0x4)
                0x20000848                _erelocate = .

.bss            0x20000848      0x4ac load address 0x00403be4
                0x20000848                . = ALIGN (0x4)
                0x20000848                _sbss = .
                0x20000848                _szero = .
 *(.bss .bss.*)
 .bss           0x20000848       0x1c c:/program files (x86)/atmel/atmel toolchain/arm gcc/native/4.7.1416/arm-gnu-toolchain/bin/../lib/gcc/arm-none-eabi/4.7.4/armv7e-m/crtbegin.o
 .bss.g_ul_pixel_cache
                0x20000864      0x3c0 src/ASF/sam/components/display/ili9325/ili9325.o
 .bss.pio_capture_handler
                0x20000c24        0x4 src/ASF/sam/drivers/pio/pio_handler.o
 .bss.gs_interrupt_sources
                0x20000c28       0x70 src/ASF/sam/drivers/pio/pio_handler.o
 .bss.heap.5085
                0x20000c98        0x4 src/ASF/sam/utils/syscalls/gcc/syscalls.o
 .bss           0x20000c9c       0x34 c:/program files (x86)/atmel/atmel toolchain/arm gcc/native/4.7.1416/arm-gnu-toolchain/bin/../lib/gcc/arm-none-eabi/4.7.4/../../../../arm-none-eabi/lib/armv7e-m\libc.a(lib_a-mallocr.o)
                0x20000c9c                __malloc_top_pad
                0x20000ca0                __malloc_current_mallinfo
                0x20000cc8                __malloc_max_sbrked_mem
                0x20000ccc                __malloc_max_total_mem
 *(COMMON)
 COMMON         0x20000cd0        0x4 src/ASF/common/utils/stdio/read.o
                0x20000cd0                ptr_get
 COMMON         0x20000cd4        0x8 src/ASF/common/utils/stdio/write.o
                0x20000cd4                ptr_put
                0x20000cd8                stdio_base
 COMMON         0x20000cdc        0x4 src/ASF/sam/drivers/pio/pio.o
                0x20000cdc                pio_capture_enable_flag
 COMMON         0x20000ce0       0x10 src/ili9325_example.o
                0x20000ce0                g_ili9325_display_opt
 COMMON         0x20000cf0        0x4 c:/program files (x86)/atmel/atmel toolchain/arm gcc/native/4.7.1416/arm-gnu-toolchain/bin/../lib/gcc/arm-none-eabi/4.7.4/../../../../arm-none-eabi/lib/armv7e-m\libc.a(lib_a-reent.o)
                0x20000cf0                errno
                0x20000cf4                . = ALIGN (0x4)
                0x20000cf4                _ebss = .
                0x20000cf4                _ezero = .

.stack          0x20000cf4     0x3004 load address 0x00404090
                0x20000cf8                . = ALIGN (0x8)
 *fill*         0x20000cf4        0x4 00
                0x20000cf8                _sstack = .
                0x20003cf8                . = (. + __stack_size__)
 *fill*         0x20000cf8     0x3000 00
                0x20003cf8                . = ALIGN (0x8)
                0x20003cf8                _estack = .
                0x20003cf8                . = ALIGN (0x4)
                0x20003cf8                _end = .
OUTPUT(ILI9325_EXAMPLE1.elf elf32-littlearm)

.ARM.attributes
                0x00000000       0x2a
 .ARM.attributes
                0x00000000       0x1e c:/program files (x86)/atmel/atmel toolchain/arm gcc/native/4.7.1416/arm-gnu-toolchain/bin/../lib/gcc/arm-none-eabi/4.7.4/armv7e-m/crti.o
 .ARM.attributes
                0x0000001e       0x2e c:/program files (x86)/atmel/atmel toolchain/arm gcc/native/4.7.1416/arm-gnu-toolchain/bin/../lib/gcc/arm-none-eabi/4.7.4/armv7e-m/crtbegin.o
 .ARM.attributes
                0x0000004c       0x33 src/ASF/common/services/clock/sam4s/sysclk.o
 .ARM.attributes
                0x0000007f       0x33 src/ASF/common/utils/stdio/read.o
 .ARM.attributes
                0x000000b2       0x33 src/ASF/common/utils/stdio/write.o
 .ARM.attributes
                0x000000e5       0x33 src/ASF/sam/boards/sam4s_ek2/init.o
 .ARM.attributes
                0x00000118       0x33 src/ASF/sam/components/display/aat31xx/aat31xx.o
 .ARM.attributes
                0x0000014b       0x33 src/ASF/sam/components/display/ili9325/ili9325.o
 .ARM.attributes
                0x0000017e       0x33 src/ASF/sam/drivers/ebi/smc/smc.o
 .ARM.attributes
                0x000001b1       0x33 src/ASF/sam/drivers/pio/pio.o
 .ARM.attributes
                0x000001e4       0x33 src/ASF/sam/drivers/pio/pio_handler.o
 .ARM.attributes
                0x00000217       0x33 src/ASF/sam/drivers/pmc/pmc.o
 .ARM.attributes
                0x0000024a       0x33 src/ASF/sam/drivers/uart/uart.o
 .ARM.attributes
                0x0000027d       0x33 src/ASF/sam/drivers/usart/usart.o
 .ARM.attributes
                0x000002b0       0x33 src/ASF/sam/utils/cmsis/sam4s/source/templates/gcc/startup_sam4s.o
 .ARM.attributes
                0x000002e3       0x33 src/ASF/sam/utils/cmsis/sam4s/source/templates/system_sam4s.o
 .ARM.attributes
                0x00000316       0x33 src/ASF/sam/utils/syscalls/gcc/syscalls.o
 .ARM.attributes
                0x00000349       0x33 src/ili9325_example.o
 .ARM.attributes
                0x0000037c       0x2e c:/program files (x86)/atmel/atmel toolchain/arm gcc/native/4.7.1416/arm-gnu-toolchain/bin/../lib/gcc/arm-none-eabi/4.7.4/../../../../arm-none-eabi/lib/armv7e-m\libc.a(lib_a-__atexit.o)
 .ARM.attributes
                0x000003aa       0x2e c:/program files (x86)/atmel/atmel toolchain/arm gcc/native/4.7.1416/arm-gnu-toolchain/bin/../lib/gcc/arm-none-eabi/4.7.4/../../../../arm-none-eabi/lib/armv7e-m\libc.a(lib_a-fini.o)
 .ARM.attributes
                0x000003d8       0x2e c:/program files (x86)/atmel/atmel toolchain/arm gcc/native/4.7.1416/arm-gnu-toolchain/bin/../lib/gcc/arm-none-eabi/4.7.4/../../../../arm-none-eabi/lib/armv7e-m\libc.a(lib_a-impure.o)
 .ARM.attributes
                0x00000406       0x2e c:/program files (x86)/atmel/atmel toolchain/arm gcc/native/4.7.1416/arm-gnu-toolchain/bin/../lib/gcc/arm-none-eabi/4.7.4/../../../../arm-none-eabi/lib/armv7e-m\libc.a(lib_a-init.o)
 .ARM.attributes
                0x00000434       0x2e c:/program files (x86)/atmel/atmel toolchain/arm gcc/native/4.7.1416/arm-gnu-toolchain/bin/../lib/gcc/arm-none-eabi/4.7.4/../../../../arm-none-eabi/lib/armv7e-m\libc.a(lib_a-memset.o)
 .ARM.attributes
                0x00000462       0x2e c:/program files (x86)/atmel/atmel toolchain/arm gcc/native/4.7.1416/arm-gnu-toolchain/bin/../lib/gcc/arm-none-eabi/4.7.4/../../../../arm-none-eabi/lib/armv7e-m\libc.a(lib_a-setbuf.o)
 .ARM.attributes
                0x00000490       0x2e c:/program files (x86)/atmel/atmel toolchain/arm gcc/native/4.7.1416/arm-gnu-toolchain/bin/../lib/gcc/arm-none-eabi/4.7.4/../../../../arm-none-eabi/lib/armv7e-m\libc.a(lib_a-setvbuf.o)
 .ARM.attributes
                0x000004be       0x2e c:/program files (x86)/atmel/atmel toolchain/arm gcc/native/4.7.1416/arm-gnu-toolchain/bin/../lib/gcc/arm-none-eabi/4.7.4/../../../../arm-none-eabi/lib/armv7e-m\libc.a(lib_a-__call_atexit.o)
 .ARM.attributes
                0x000004ec       0x2e c:/program files (x86)/atmel/atmel toolchain/arm gcc/native/4.7.1416/arm-gnu-toolchain/bin/../lib/gcc/arm-none-eabi/4.7.4/../../../../arm-none-eabi/lib/armv7e-m\libc.a(lib_a-atexit.o)
 .ARM.attributes
                0x0000051a       0x2e c:/program files (x86)/atmel/atmel toolchain/arm gcc/native/4.7.1416/arm-gnu-toolchain/bin/../lib/gcc/arm-none-eabi/4.7.4/../../../../arm-none-eabi/lib/armv7e-m\libc.a(lib_a-fflush.o)
 .ARM.attributes
                0x00000548       0x2e c:/program files (x86)/atmel/atmel toolchain/arm gcc/native/4.7.1416/arm-gnu-toolchain/bin/../lib/gcc/arm-none-eabi/4.7.4/../../../../arm-none-eabi/lib/armv7e-m\libc.a(lib_a-findfp.o)
 .ARM.attributes
                0x00000576       0x2e c:/program files (x86)/atmel/atmel toolchain/arm gcc/native/4.7.1416/arm-gnu-toolchain/bin/../lib/gcc/arm-none-eabi/4.7.4/../../../../arm-none-eabi/lib/armv7e-m\libc.a(lib_a-freer.o)
 .ARM.attributes
                0x000005a4       0x2e c:/program files (x86)/atmel/atmel toolchain/arm gcc/native/4.7.1416/arm-gnu-toolchain/bin/../lib/gcc/arm-none-eabi/4.7.4/../../../../arm-none-eabi/lib/armv7e-m\libc.a(lib_a-fwalk.o)
 .ARM.attributes
                0x000005d2       0x2e c:/program files (x86)/atmel/atmel toolchain/arm gcc/native/4.7.1416/arm-gnu-toolchain/bin/../lib/gcc/arm-none-eabi/4.7.4/../../../../arm-none-eabi/lib/armv7e-m\libc.a(lib_a-malloc.o)
 .ARM.attributes
                0x00000600       0x2e c:/program files (x86)/atmel/atmel toolchain/arm gcc/native/4.7.1416/arm-gnu-toolchain/bin/../lib/gcc/arm-none-eabi/4.7.4/../../../../arm-none-eabi/lib/armv7e-m\libc.a(lib_a-mallocr.o)
 .ARM.attributes
                0x0000062e       0x2e c:/program files (x86)/atmel/atmel toolchain/arm gcc/native/4.7.1416/arm-gnu-toolchain/bin/../lib/gcc/arm-none-eabi/4.7.4/../../../../arm-none-eabi/lib/armv7e-m\libc.a(lib_a-mlock.o)
 .ARM.attributes
                0x0000065c       0x2e c:/program files (x86)/atmel/atmel toolchain/arm gcc/native/4.7.1416/arm-gnu-toolchain/bin/../lib/gcc/arm-none-eabi/4.7.4/../../../../arm-none-eabi/lib/armv7e-m\libc.a(lib_a-sbrkr.o)
 .ARM.attributes
                0x0000068a       0x2e c:/program files (x86)/atmel/atmel toolchain/arm gcc/native/4.7.1416/arm-gnu-toolchain/bin/../lib/gcc/arm-none-eabi/4.7.4/../../../../arm-none-eabi/lib/armv7e-m\libc.a(lib_a-stdio.o)
 .ARM.attributes
                0x000006b8       0x2e c:/program files (x86)/atmel/atmel toolchain/arm gcc/native/4.7.1416/arm-gnu-toolchain/bin/../lib/gcc/arm-none-eabi/4.7.4/../../../../arm-none-eabi/lib/armv7e-m\libc.a(lib_a-writer.o)
 .ARM.attributes
                0x000006e6       0x2e c:/program files (x86)/atmel/atmel toolchain/arm gcc/native/4.7.1416/arm-gnu-toolchain/bin/../lib/gcc/arm-none-eabi/4.7.4/../../../../arm-none-eabi/lib/armv7e-m\libc.a(lib_a-closer.o)
 .ARM.attributes
                0x00000714       0x2e c:/program files (x86)/atmel/atmel toolchain/arm gcc/native/4.7.1416/arm-gnu-toolchain/bin/../lib/gcc/arm-none-eabi/4.7.4/../../../../arm-none-eabi/lib/armv7e-m\libc.a(lib_a-fclose.o)
 .ARM.attributes
                0x00000742       0x2e c:/program files (x86)/atmel/atmel toolchain/arm gcc/native/4.7.1416/arm-gnu-toolchain/bin/../lib/gcc/arm-none-eabi/4.7.4/../../../../arm-none-eabi/lib/armv7e-m\libc.a(lib_a-lseekr.o)
 .ARM.attributes
                0x00000770       0x2e c:/program files (x86)/atmel/atmel toolchain/arm gcc/native/4.7.1416/arm-gnu-toolchain/bin/../lib/gcc/arm-none-eabi/4.7.4/../../../../arm-none-eabi/lib/armv7e-m\libc.a(lib_a-readr.o)
 .ARM.attributes
                0x0000079e       0x2e c:/program files (x86)/atmel/atmel toolchain/arm gcc/native/4.7.1416/arm-gnu-toolchain/bin/../lib/gcc/arm-none-eabi/4.7.4/../../../../arm-none-eabi/lib/armv7e-m\libc.a(lib_a-reent.o)
 .ARM.attributes
                0x000007cc       0x2e c:/program files (x86)/atmel/atmel toolchain/arm gcc/native/4.7.1416/arm-gnu-toolchain/bin/../lib/gcc/arm-none-eabi/4.7.4/armv7e-m/crtend.o
 .ARM.attributes
                0x000007fa       0x1e c:/program files (x86)/atmel/atmel toolchain/arm gcc/native/4.7.1416/arm-gnu-toolchain/bin/../lib/gcc/arm-none-eabi/4.7.4/armv7e-m/crtn.o

.comment        0x00000000       0x71
 .comment       0x00000000       0x71 c:/program files (x86)/atmel/atmel toolchain/arm gcc/native/4.7.1416/arm-gnu-toolchain/bin/../lib/gcc/arm-none-eabi/4.7.4/armv7e-m/crtbegin.o
                                 0x72 (size before relaxing)
 .comment       0x00000000       0x72 src/ASF/common/services/clock/sam4s/sysclk.o
 .comment       0x00000000       0x72 src/ASF/common/utils/stdio/read.o
 .comment       0x00000000       0x72 src/ASF/common/utils/stdio/write.o
 .comment       0x00000000       0x72 src/ASF/sam/boards/sam4s_ek2/init.o
 .comment       0x00000000       0x72 src/ASF/sam/components/display/aat31xx/aat31xx.o
 .comment       0x00000000       0x72 src/ASF/sam/components/display/ili9325/ili9325.o
 .comment       0x00000000       0x72 src/ASF/sam/drivers/ebi/smc/smc.o
 .comment       0x00000000       0x72 src/ASF/sam/drivers/pio/pio.o
 .comment       0x00000000       0x72 src/ASF/sam/drivers/pio/pio_handler.o
 .comment       0x00000000       0x72 src/ASF/sam/drivers/pmc/pmc.o
 .comment       0x00000000       0x72 src/ASF/sam/drivers/uart/uart.o
 .comment       0x00000000       0x72 src/ASF/sam/drivers/usart/usart.o
 .comment       0x00000000       0x72 src/ASF/sam/utils/cmsis/sam4s/source/templates/gcc/startup_sam4s.o
 .comment       0x00000000       0x72 src/ASF/sam/utils/cmsis/sam4s/source/templates/system_sam4s.o
 .comment       0x00000000       0x72 src/ASF/sam/utils/syscalls/gcc/syscalls.o
 .comment       0x00000000       0x72 src/ili9325_example.o
 .comment       0x00000000       0x72 c:/program files (x86)/atmel/atmel toolchain/arm gcc/native/4.7.1416/arm-gnu-toolchain/bin/../lib/gcc/arm-none-eabi/4.7.4/../../../../arm-none-eabi/lib/armv7e-m\libc.a(lib_a-__atexit.o)
 .comment       0x00000000       0x72 c:/program files (x86)/atmel/atmel toolchain/arm gcc/native/4.7.1416/arm-gnu-toolchain/bin/../lib/gcc/arm-none-eabi/4.7.4/../../../../arm-none-eabi/lib/armv7e-m\libc.a(lib_a-fini.o)
 .comment       0x00000000       0x72 c:/program files (x86)/atmel/atmel toolchain/arm gcc/native/4.7.1416/arm-gnu-toolchain/bin/../lib/gcc/arm-none-eabi/4.7.4/../../../../arm-none-eabi/lib/armv7e-m\libc.a(lib_a-impure.o)
 .comment       0x00000000       0x72 c:/program files (x86)/atmel/atmel toolchain/arm gcc/native/4.7.1416/arm-gnu-toolchain/bin/../lib/gcc/arm-none-eabi/4.7.4/../../../../arm-none-eabi/lib/armv7e-m\libc.a(lib_a-init.o)
 .comment       0x00000000       0x72 c:/program files (x86)/atmel/atmel toolchain/arm gcc/native/4.7.1416/arm-gnu-toolchain/bin/../lib/gcc/arm-none-eabi/4.7.4/../../../../arm-none-eabi/lib/armv7e-m\libc.a(lib_a-memset.o)
 .comment       0x00000000       0x72 c:/program files (x86)/atmel/atmel toolchain/arm gcc/native/4.7.1416/arm-gnu-toolchain/bin/../lib/gcc/arm-none-eabi/4.7.4/../../../../arm-none-eabi/lib/armv7e-m\libc.a(lib_a-setbuf.o)
 .comment       0x00000000       0x72 c:/program files (x86)/atmel/atmel toolchain/arm gcc/native/4.7.1416/arm-gnu-toolchain/bin/../lib/gcc/arm-none-eabi/4.7.4/../../../../arm-none-eabi/lib/armv7e-m\libc.a(lib_a-setvbuf.o)
 .comment       0x00000000       0x72 c:/program files (x86)/atmel/atmel toolchain/arm gcc/native/4.7.1416/arm-gnu-toolchain/bin/../lib/gcc/arm-none-eabi/4.7.4/../../../../arm-none-eabi/lib/armv7e-m\libc.a(lib_a-__call_atexit.o)
 .comment       0x00000000       0x72 c:/program files (x86)/atmel/atmel toolchain/arm gcc/native/4.7.1416/arm-gnu-toolchain/bin/../lib/gcc/arm-none-eabi/4.7.4/../../../../arm-none-eabi/lib/armv7e-m\libc.a(lib_a-atexit.o)
 .comment       0x00000000       0x72 c:/program files (x86)/atmel/atmel toolchain/arm gcc/native/4.7.1416/arm-gnu-toolchain/bin/../lib/gcc/arm-none-eabi/4.7.4/../../../../arm-none-eabi/lib/armv7e-m\libc.a(lib_a-fflush.o)
 .comment       0x00000000       0x72 c:/program files (x86)/atmel/atmel toolchain/arm gcc/native/4.7.1416/arm-gnu-toolchain/bin/../lib/gcc/arm-none-eabi/4.7.4/../../../../arm-none-eabi/lib/armv7e-m\libc.a(lib_a-findfp.o)
 .comment       0x00000000       0x72 c:/program files (x86)/atmel/atmel toolchain/arm gcc/native/4.7.1416/arm-gnu-toolchain/bin/../lib/gcc/arm-none-eabi/4.7.4/../../../../arm-none-eabi/lib/armv7e-m\libc.a(lib_a-freer.o)
 .comment       0x00000000       0x72 c:/program files (x86)/atmel/atmel toolchain/arm gcc/native/4.7.1416/arm-gnu-toolchain/bin/../lib/gcc/arm-none-eabi/4.7.4/../../../../arm-none-eabi/lib/armv7e-m\libc.a(lib_a-fwalk.o)
 .comment       0x00000000       0x72 c:/program files (x86)/atmel/atmel toolchain/arm gcc/native/4.7.1416/arm-gnu-toolchain/bin/../lib/gcc/arm-none-eabi/4.7.4/../../../../arm-none-eabi/lib/armv7e-m\libc.a(lib_a-malloc.o)
 .comment       0x00000000       0x72 c:/program files (x86)/atmel/atmel toolchain/arm gcc/native/4.7.1416/arm-gnu-toolchain/bin/../lib/gcc/arm-none-eabi/4.7.4/../../../../arm-none-eabi/lib/armv7e-m\libc.a(lib_a-mallocr.o)
 .comment       0x00000000       0x72 c:/program files (x86)/atmel/atmel toolchain/arm gcc/native/4.7.1416/arm-gnu-toolchain/bin/../lib/gcc/arm-none-eabi/4.7.4/../../../../arm-none-eabi/lib/armv7e-m\libc.a(lib_a-mlock.o)
 .comment       0x00000000       0x72 c:/program files (x86)/atmel/atmel toolchain/arm gcc/native/4.7.1416/arm-gnu-toolchain/bin/../lib/gcc/arm-none-eabi/4.7.4/../../../../arm-none-eabi/lib/armv7e-m\libc.a(lib_a-sbrkr.o)
 .comment       0x00000000       0x72 c:/program files (x86)/atmel/atmel toolchain/arm gcc/native/4.7.1416/arm-gnu-toolchain/bin/../lib/gcc/arm-none-eabi/4.7.4/../../../../arm-none-eabi/lib/armv7e-m\libc.a(lib_a-stdio.o)
 .comment       0x00000000       0x72 c:/program files (x86)/atmel/atmel toolchain/arm gcc/native/4.7.1416/arm-gnu-toolchain/bin/../lib/gcc/arm-none-eabi/4.7.4/../../../../arm-none-eabi/lib/armv7e-m\libc.a(lib_a-writer.o)
 .comment       0x00000000       0x72 c:/program files (x86)/atmel/atmel toolchain/arm gcc/native/4.7.1416/arm-gnu-toolchain/bin/../lib/gcc/arm-none-eabi/4.7.4/../../../../arm-none-eabi/lib/armv7e-m\libc.a(lib_a-closer.o)
 .comment       0x00000000       0x72 c:/program files (x86)/atmel/atmel toolchain/arm gcc/native/4.7.1416/arm-gnu-toolchain/bin/../lib/gcc/arm-none-eabi/4.7.4/../../../../arm-none-eabi/lib/armv7e-m\libc.a(lib_a-fclose.o)
 .comment       0x00000000       0x72 c:/program files (x86)/atmel/atmel toolchain/arm gcc/native/4.7.1416/arm-gnu-toolchain/bin/../lib/gcc/arm-none-eabi/4.7.4/../../../../arm-none-eabi/lib/armv7e-m\libc.a(lib_a-lseekr.o)
 .comment       0x00000000       0x72 c:/program files (x86)/atmel/atmel toolchain/arm gcc/native/4.7.1416/arm-gnu-toolchain/bin/../lib/gcc/arm-none-eabi/4.7.4/../../../../arm-none-eabi/lib/armv7e-m\libc.a(lib_a-readr.o)
 .comment       0x00000000       0x72 c:/program files (x86)/atmel/atmel toolchain/arm gcc/native/4.7.1416/arm-gnu-toolchain/bin/../lib/gcc/arm-none-eabi/4.7.4/../../../../arm-none-eabi/lib/armv7e-m\libc.a(lib_a-reent.o)
 .comment       0x00000000       0x72 c:/program files (x86)/atmel/atmel toolchain/arm gcc/native/4.7.1416/arm-gnu-toolchain/bin/../lib/gcc/arm-none-eabi/4.7.4/armv7e-m/crtend.o

.debug_info     0x00000000    0x19acd
 .debug_info    0x00000000      0x730 src/ASF/common/services/clock/sam4s/sysclk.o
 .debug_info    0x00000730      0x1d8 src/ASF/common/utils/stdio/read.o
 .debug_info    0x00000908      0x1aa src/ASF/common/utils/stdio/write.o
 .debug_info    0x00000ab2      0x952 src/ASF/sam/boards/sam4s_ek2/init.o
 .debug_info    0x00001404      0x88d src/ASF/sam/components/display/aat31xx/aat31xx.o
 .debug_info    0x00001c91     0x2286 src/ASF/sam/components/display/ili9325/ili9325.o
 .debug_info    0x00003f17      0x3c9 src/ASF/sam/drivers/ebi/smc/smc.o
 .debug_info    0x000042e0     0x1749 src/ASF/sam/drivers/pio/pio.o
 .debug_info    0x00005a29      0xef7 src/ASF/sam/drivers/pio/pio_handler.o
 .debug_info    0x00006920     0x110c src/ASF/sam/drivers/pmc/pmc.o
 .debug_info    0x00007a2c      0x7dc src/ASF/sam/drivers/uart/uart.o
 .debug_info    0x00008208     0x16c5 src/ASF/sam/drivers/usart/usart.o
 .debug_info    0x000098cd      0x664 src/ASF/sam/utils/cmsis/sam4s/source/templates/gcc/startup_sam4s.o
 .debug_info    0x00009f31      0x48d src/ASF/sam/utils/cmsis/sam4s/source/templates/system_sam4s.o
 .debug_info    0x0000a3be      0x441 src/ASF/sam/utils/syscalls/gcc/syscalls.o
 .debug_info    0x0000a7ff     0x15ad src/ili9325_example.o
 .debug_info    0x0000bdac      0xa15 c:/program files (x86)/atmel/atmel toolchain/arm gcc/native/4.7.1416/arm-gnu-toolchain/bin/../lib/gcc/arm-none-eabi/4.7.4/../../../../arm-none-eabi/lib/armv7e-m\libc.a(lib_a-__atexit.o)
 .debug_info    0x0000c7c1       0xf7 c:/program files (x86)/atmel/atmel toolchain/arm gcc/native/4.7.1416/arm-gnu-toolchain/bin/../lib/gcc/arm-none-eabi/4.7.4/../../../../arm-none-eabi/lib/armv7e-m\libc.a(lib_a-fini.o)
 .debug_info    0x0000c8b8      0x961 c:/program files (x86)/atmel/atmel toolchain/arm gcc/native/4.7.1416/arm-gnu-toolchain/bin/../lib/gcc/arm-none-eabi/4.7.4/../../../../arm-none-eabi/lib/armv7e-m\libc.a(lib_a-impure.o)
 .debug_info    0x0000d219      0x110 c:/program files (x86)/atmel/atmel toolchain/arm gcc/native/4.7.1416/arm-gnu-toolchain/bin/../lib/gcc/arm-none-eabi/4.7.4/../../../../arm-none-eabi/lib/armv7e-m\libc.a(lib_a-init.o)
 .debug_info    0x0000d329       0xd3 c:/program files (x86)/atmel/atmel toolchain/arm gcc/native/4.7.1416/arm-gnu-toolchain/bin/../lib/gcc/arm-none-eabi/4.7.4/../../../../arm-none-eabi/lib/armv7e-m\libc.a(lib_a-memset.o)
 .debug_info    0x0000d3fc      0x9d7 c:/program files (x86)/atmel/atmel toolchain/arm gcc/native/4.7.1416/arm-gnu-toolchain/bin/../lib/gcc/arm-none-eabi/4.7.4/../../../../arm-none-eabi/lib/armv7e-m\libc.a(lib_a-setbuf.o)
 .debug_info    0x0000ddd3      0xa79 c:/program files (x86)/atmel/atmel toolchain/arm gcc/native/4.7.1416/arm-gnu-toolchain/bin/../lib/gcc/arm-none-eabi/4.7.4/../../../../arm-none-eabi/lib/armv7e-m\libc.a(lib_a-setvbuf.o)
 .debug_info    0x0000e84c      0xa7c c:/program files (x86)/atmel/atmel toolchain/arm gcc/native/4.7.1416/arm-gnu-toolchain/bin/../lib/gcc/arm-none-eabi/4.7.4/../../../../arm-none-eabi/lib/armv7e-m\libc.a(lib_a-__call_atexit.o)
 .debug_info    0x0000f2c8      0x10f c:/program files (x86)/atmel/atmel toolchain/arm gcc/native/4.7.1416/arm-gnu-toolchain/bin/../lib/gcc/arm-none-eabi/4.7.4/../../../../arm-none-eabi/lib/armv7e-m\libc.a(lib_a-atexit.o)
 .debug_info    0x0000f3d7      0xb2b c:/program files (x86)/atmel/atmel toolchain/arm gcc/native/4.7.1416/arm-gnu-toolchain/bin/../lib/gcc/arm-none-eabi/4.7.4/../../../../arm-none-eabi/lib/armv7e-m\libc.a(lib_a-fflush.o)
 .debug_info    0x0000ff02      0xdbc c:/program files (x86)/atmel/atmel toolchain/arm gcc/native/4.7.1416/arm-gnu-toolchain/bin/../lib/gcc/arm-none-eabi/4.7.4/../../../../arm-none-eabi/lib/armv7e-m\libc.a(lib_a-findfp.o)
 .debug_info    0x00010cbe      0xd0f c:/program files (x86)/atmel/atmel toolchain/arm gcc/native/4.7.1416/arm-gnu-toolchain/bin/../lib/gcc/arm-none-eabi/4.7.4/../../../../arm-none-eabi/lib/armv7e-m\libc.a(lib_a-freer.o)
 .debug_info    0x000119cd      0xb9d c:/program files (x86)/atmel/atmel toolchain/arm gcc/native/4.7.1416/arm-gnu-toolchain/bin/../lib/gcc/arm-none-eabi/4.7.4/../../../../arm-none-eabi/lib/armv7e-m\libc.a(lib_a-fwalk.o)
 .debug_info    0x0001256a      0x9f2 c:/program files (x86)/atmel/atmel toolchain/arm gcc/native/4.7.1416/arm-gnu-toolchain/bin/../lib/gcc/arm-none-eabi/4.7.4/../../../../arm-none-eabi/lib/armv7e-m\libc.a(lib_a-malloc.o)
 .debug_info    0x00012f5c      0xe25 c:/program files (x86)/atmel/atmel toolchain/arm gcc/native/4.7.1416/arm-gnu-toolchain/bin/../lib/gcc/arm-none-eabi/4.7.4/../../../../arm-none-eabi/lib/armv7e-m\libc.a(lib_a-mallocr.o)
 .debug_info    0x00013d81      0x985 c:/program files (x86)/atmel/atmel toolchain/arm gcc/native/4.7.1416/arm-gnu-toolchain/bin/../lib/gcc/arm-none-eabi/4.7.4/../../../../arm-none-eabi/lib/armv7e-m\libc.a(lib_a-mlock.o)
 .debug_info    0x00014706      0x9cc c:/program files (x86)/atmel/atmel toolchain/arm gcc/native/4.7.1416/arm-gnu-toolchain/bin/../lib/gcc/arm-none-eabi/4.7.4/../../../../arm-none-eabi/lib/armv7e-m\libc.a(lib_a-sbrkr.o)
 .debug_info    0x000150d2      0xc7b c:/program files (x86)/atmel/atmel toolchain/arm gcc/native/4.7.1416/arm-gnu-toolchain/bin/../lib/gcc/arm-none-eabi/4.7.4/../../../../arm-none-eabi/lib/armv7e-m\libc.a(lib_a-stdio.o)
 .debug_info    0x00015d4d      0x9ff c:/program files (x86)/atmel/atmel toolchain/arm gcc/native/4.7.1416/arm-gnu-toolchain/bin/../lib/gcc/arm-none-eabi/4.7.4/../../../../arm-none-eabi/lib/armv7e-m\libc.a(lib_a-writer.o)
 .debug_info    0x0001674c      0x9b6 c:/program files (x86)/atmel/atmel toolchain/arm gcc/native/4.7.1416/arm-gnu-toolchain/bin/../lib/gcc/arm-none-eabi/4.7.4/../../../../arm-none-eabi/lib/armv7e-m\libc.a(lib_a-closer.o)
 .debug_info    0x00017102      0xac3 c:/program files (x86)/atmel/atmel toolchain/arm gcc/native/4.7.1416/arm-gnu-toolchain/bin/../lib/gcc/arm-none-eabi/4.7.4/../../../../arm-none-eabi/lib/armv7e-m\libc.a(lib_a-fclose.o)
 .debug_info    0x00017bc5      0x9ed c:/program files (x86)/atmel/atmel toolchain/arm gcc/native/4.7.1416/arm-gnu-toolchain/bin/../lib/gcc/arm-none-eabi/4.7.4/../../../../arm-none-eabi/lib/armv7e-m\libc.a(lib_a-lseekr.o)
 .debug_info    0x000185b2      0x9f8 c:/program files (x86)/atmel/atmel toolchain/arm gcc/native/4.7.1416/arm-gnu-toolchain/bin/../lib/gcc/arm-none-eabi/4.7.4/../../../../arm-none-eabi/lib/armv7e-m\libc.a(lib_a-readr.o)
 .debug_info    0x00018faa      0xb23 c:/program files (x86)/atmel/atmel toolchain/arm gcc/native/4.7.1416/arm-gnu-toolchain/bin/../lib/gcc/arm-none-eabi/4.7.4/../../../../arm-none-eabi/lib/armv7e-m\libc.a(lib_a-reent.o)

.debug_abbrev   0x00000000     0x4a1d
 .debug_abbrev  0x00000000      0x221 src/ASF/common/services/clock/sam4s/sysclk.o
 .debug_abbrev  0x00000221      0x10c src/ASF/common/utils/stdio/read.o
 .debug_abbrev  0x0000032d       0xf5 src/ASF/common/utils/stdio/write.o
 .debug_abbrev  0x00000422      0x171 src/ASF/sam/boards/sam4s_ek2/init.o
 .debug_abbrev  0x00000593      0x1ea src/ASF/sam/components/display/aat31xx/aat31xx.o
 .debug_abbrev  0x0000077d      0x336 src/ASF/sam/components/display/ili9325/ili9325.o
 .debug_abbrev  0x00000ab3      0x113 src/ASF/sam/drivers/ebi/smc/smc.o
 .debug_abbrev  0x00000bc6      0x24c src/ASF/sam/drivers/pio/pio.o
 .debug_abbrev  0x00000e12      0x280 src/ASF/sam/drivers/pio/pio_handler.o
 .debug_abbrev  0x00001092      0x246 src/ASF/sam/drivers/pmc/pmc.o
 .debug_abbrev  0x000012d8      0x1a3 src/ASF/sam/drivers/uart/uart.o
 .debug_abbrev  0x0000147b      0x26e src/ASF/sam/drivers/usart/usart.o
 .debug_abbrev  0x000016e9      0x173 src/ASF/sam/utils/cmsis/sam4s/source/templates/gcc/startup_sam4s.o
 .debug_abbrev  0x0000185c       0xf5 src/ASF/sam/utils/cmsis/sam4s/source/templates/system_sam4s.o
 .debug_abbrev  0x00001951      0x15d src/ASF/sam/utils/syscalls/gcc/syscalls.o
 .debug_abbrev  0x00001aae      0x363 src/ili9325_example.o
 .debug_abbrev  0x00001e11      0x1fe c:/program files (x86)/atmel/atmel toolchain/arm gcc/native/4.7.1416/arm-gnu-toolchain/bin/../lib/gcc/arm-none-eabi/4.7.4/../../../../arm-none-eabi/lib/armv7e-m\libc.a(lib_a-__atexit.o)
 .debug_abbrev  0x0000200f       0xbb c:/program files (x86)/atmel/atmel toolchain/arm gcc/native/4.7.1416/arm-gnu-toolchain/bin/../lib/gcc/arm-none-eabi/4.7.4/../../../../arm-none-eabi/lib/armv7e-m\libc.a(lib_a-fini.o)
 .debug_abbrev  0x000020ca      0x160 c:/program files (x86)/atmel/atmel toolchain/arm gcc/native/4.7.1416/arm-gnu-toolchain/bin/../lib/gcc/arm-none-eabi/4.7.4/../../../../arm-none-eabi/lib/armv7e-m\libc.a(lib_a-impure.o)
 .debug_abbrev  0x0000222a       0xb8 c:/program files (x86)/atmel/atmel toolchain/arm gcc/native/4.7.1416/arm-gnu-toolchain/bin/../lib/gcc/arm-none-eabi/4.7.4/../../../../arm-none-eabi/lib/armv7e-m\libc.a(lib_a-init.o)
 .debug_abbrev  0x000022e2       0x8c c:/program files (x86)/atmel/atmel toolchain/arm gcc/native/4.7.1416/arm-gnu-toolchain/bin/../lib/gcc/arm-none-eabi/4.7.4/../../../../arm-none-eabi/lib/armv7e-m\libc.a(lib_a-memset.o)
 .debug_abbrev  0x0000236e      0x19c c:/program files (x86)/atmel/atmel toolchain/arm gcc/native/4.7.1416/arm-gnu-toolchain/bin/../lib/gcc/arm-none-eabi/4.7.4/../../../../arm-none-eabi/lib/armv7e-m\libc.a(lib_a-setbuf.o)
 .debug_abbrev  0x0000250a      0x217 c:/program files (x86)/atmel/atmel toolchain/arm gcc/native/4.7.1416/arm-gnu-toolchain/bin/../lib/gcc/arm-none-eabi/4.7.4/../../../../arm-none-eabi/lib/armv7e-m\libc.a(lib_a-setvbuf.o)
 .debug_abbrev  0x00002721      0x265 c:/program files (x86)/atmel/atmel toolchain/arm gcc/native/4.7.1416/arm-gnu-toolchain/bin/../lib/gcc/arm-none-eabi/4.7.4/../../../../arm-none-eabi/lib/armv7e-m\libc.a(lib_a-__call_atexit.o)
 .debug_abbrev  0x00002986       0xb6 c:/program files (x86)/atmel/atmel toolchain/arm gcc/native/4.7.1416/arm-gnu-toolchain/bin/../lib/gcc/arm-none-eabi/4.7.4/../../../../arm-none-eabi/lib/armv7e-m\libc.a(lib_a-atexit.o)
 .debug_abbrev  0x00002a3c      0x25f c:/program files (x86)/atmel/atmel toolchain/arm gcc/native/4.7.1416/arm-gnu-toolchain/bin/../lib/gcc/arm-none-eabi/4.7.4/../../../../arm-none-eabi/lib/armv7e-m\libc.a(lib_a-fflush.o)
 .debug_abbrev  0x00002c9b      0x317 c:/program files (x86)/atmel/atmel toolchain/arm gcc/native/4.7.1416/arm-gnu-toolchain/bin/../lib/gcc/arm-none-eabi/4.7.4/../../../../arm-none-eabi/lib/armv7e-m\libc.a(lib_a-findfp.o)
 .debug_abbrev  0x00002fb2      0x248 c:/program files (x86)/atmel/atmel toolchain/arm gcc/native/4.7.1416/arm-gnu-toolchain/bin/../lib/gcc/arm-none-eabi/4.7.4/../../../../arm-none-eabi/lib/armv7e-m\libc.a(lib_a-freer.o)
 .debug_abbrev  0x000031fa      0x238 c:/program files (x86)/atmel/atmel toolchain/arm gcc/native/4.7.1416/arm-gnu-toolchain/bin/../lib/gcc/arm-none-eabi/4.7.4/../../../../arm-none-eabi/lib/armv7e-m\libc.a(lib_a-fwalk.o)
 .debug_abbrev  0x00003432      0x1da c:/program files (x86)/atmel/atmel toolchain/arm gcc/native/4.7.1416/arm-gnu-toolchain/bin/../lib/gcc/arm-none-eabi/4.7.4/../../../../arm-none-eabi/lib/armv7e-m\libc.a(lib_a-malloc.o)
 .debug_abbrev  0x0000360c      0x286 c:/program files (x86)/atmel/atmel toolchain/arm gcc/native/4.7.1416/arm-gnu-toolchain/bin/../lib/gcc/arm-none-eabi/4.7.4/../../../../arm-none-eabi/lib/armv7e-m\libc.a(lib_a-mallocr.o)
 .debug_abbrev  0x00003892      0x17a c:/program files (x86)/atmel/atmel toolchain/arm gcc/native/4.7.1416/arm-gnu-toolchain/bin/../lib/gcc/arm-none-eabi/4.7.4/../../../../arm-none-eabi/lib/armv7e-m\libc.a(lib_a-mlock.o)
 .debug_abbrev  0x00003a0c      0x1dd c:/program files (x86)/atmel/atmel toolchain/arm gcc/native/4.7.1416/arm-gnu-toolchain/bin/../lib/gcc/arm-none-eabi/4.7.4/../../../../arm-none-eabi/lib/armv7e-m\libc.a(lib_a-sbrkr.o)
 .debug_abbrev  0x00003be9      0x244 c:/program files (x86)/atmel/atmel toolchain/arm gcc/native/4.7.1416/arm-gnu-toolchain/bin/../lib/gcc/arm-none-eabi/4.7.4/../../../../arm-none-eabi/lib/armv7e-m\libc.a(lib_a-stdio.o)
 .debug_abbrev  0x00003e2d      0x1d4 c:/program files (x86)/atmel/atmel toolchain/arm gcc/native/4.7.1416/arm-gnu-toolchain/bin/../lib/gcc/arm-none-eabi/4.7.4/../../../../arm-none-eabi/lib/armv7e-m\libc.a(lib_a-writer.o)
 .debug_abbrev  0x00004001      0x1cf c:/program files (x86)/atmel/atmel toolchain/arm gcc/native/4.7.1416/arm-gnu-toolchain/bin/../lib/gcc/arm-none-eabi/4.7.4/../../../../arm-none-eabi/lib/armv7e-m\libc.a(lib_a-closer.o)
 .debug_abbrev  0x000041d0      0x232 c:/program files (x86)/atmel/atmel toolchain/arm gcc/native/4.7.1416/arm-gnu-toolchain/bin/../lib/gcc/arm-none-eabi/4.7.4/../../../../arm-none-eabi/lib/armv7e-m\libc.a(lib_a-fclose.o)
 .debug_abbrev  0x00004402      0x1de c:/program files (x86)/atmel/atmel toolchain/arm gcc/native/4.7.1416/arm-gnu-toolchain/bin/../lib/gcc/arm-none-eabi/4.7.4/../../../../arm-none-eabi/lib/armv7e-m\libc.a(lib_a-lseekr.o)
 .debug_abbrev  0x000045e0      0x1cf c:/program files (x86)/atmel/atmel toolchain/arm gcc/native/4.7.1416/arm-gnu-toolchain/bin/../lib/gcc/arm-none-eabi/4.7.4/../../../../arm-none-eabi/lib/armv7e-m\libc.a(lib_a-readr.o)
 .debug_abbrev  0x000047af      0x26e c:/program files (x86)/atmel/atmel toolchain/arm gcc/native/4.7.1416/arm-gnu-toolchain/bin/../lib/gcc/arm-none-eabi/4.7.4/../../../../arm-none-eabi/lib/armv7e-m\libc.a(lib_a-reent.o)

.debug_loc      0x00000000     0x6e8f
 .debug_loc     0x00000000       0xed src/ASF/common/services/clock/sam4s/sysclk.o
 .debug_loc     0x000000ed       0xff src/ASF/common/utils/stdio/read.o
 .debug_loc     0x000001ec       0xcc src/ASF/common/utils/stdio/write.o
 .debug_loc     0x000002b8       0x20 src/ASF/sam/boards/sam4s_ek2/init.o
 .debug_loc     0x000002d8      0x161 src/ASF/sam/components/display/aat31xx/aat31xx.o
 .debug_loc     0x00000439     0x1a42 src/ASF/sam/components/display/ili9325/ili9325.o
 .debug_loc     0x00001e7b      0x113 src/ASF/sam/drivers/ebi/smc/smc.o
 .debug_loc     0x00001f8e      0xb2e src/ASF/sam/drivers/pio/pio.o
 .debug_loc     0x00002abc      0x476 src/ASF/sam/drivers/pio/pio_handler.o
 .debug_loc     0x00002f32      0xbda src/ASF/sam/drivers/pmc/pmc.o
 .debug_loc     0x00003b0c      0x2e0 src/ASF/sam/drivers/uart/uart.o
 .debug_loc     0x00003dec      0xeba src/ASF/sam/drivers/usart/usart.o
 .debug_loc     0x00004ca6       0x85 src/ASF/sam/utils/cmsis/sam4s/source/templates/gcc/startup_sam4s.o
 .debug_loc     0x00004d2b       0x85 src/ASF/sam/utils/cmsis/sam4s/source/templates/system_sam4s.o
 .debug_loc     0x00004db0      0x134 src/ASF/sam/utils/syscalls/gcc/syscalls.o
 .debug_loc     0x00004ee4      0x1c9 src/ili9325_example.o
 .debug_loc     0x000050ad       0xfc c:/program files (x86)/atmel/atmel toolchain/arm gcc/native/4.7.1416/arm-gnu-toolchain/bin/../lib/gcc/arm-none-eabi/4.7.4/../../../../arm-none-eabi/lib/armv7e-m\libc.a(lib_a-__atexit.o)
 .debug_loc     0x000051a9       0x33 c:/program files (x86)/atmel/atmel toolchain/arm gcc/native/4.7.1416/arm-gnu-toolchain/bin/../lib/gcc/arm-none-eabi/4.7.4/../../../../arm-none-eabi/lib/armv7e-m\libc.a(lib_a-fini.o)
 .debug_loc     0x000051dc       0x56 c:/program files (x86)/atmel/atmel toolchain/arm gcc/native/4.7.1416/arm-gnu-toolchain/bin/../lib/gcc/arm-none-eabi/4.7.4/../../../../arm-none-eabi/lib/armv7e-m\libc.a(lib_a-init.o)
 .debug_loc     0x00005232       0x3f c:/program files (x86)/atmel/atmel toolchain/arm gcc/native/4.7.1416/arm-gnu-toolchain/bin/../lib/gcc/arm-none-eabi/4.7.4/../../../../arm-none-eabi/lib/armv7e-m\libc.a(lib_a-memset.o)
 .debug_loc     0x00005271       0x42 c:/program files (x86)/atmel/atmel toolchain/arm gcc/native/4.7.1416/arm-gnu-toolchain/bin/../lib/gcc/arm-none-eabi/4.7.4/../../../../arm-none-eabi/lib/armv7e-m\libc.a(lib_a-setbuf.o)
 .debug_loc     0x000052b3      0x174 c:/program files (x86)/atmel/atmel toolchain/arm gcc/native/4.7.1416/arm-gnu-toolchain/bin/../lib/gcc/arm-none-eabi/4.7.4/../../../../arm-none-eabi/lib/armv7e-m\libc.a(lib_a-setvbuf.o)
 .debug_loc     0x00005427      0x13b c:/program files (x86)/atmel/atmel toolchain/arm gcc/native/4.7.1416/arm-gnu-toolchain/bin/../lib/gcc/arm-none-eabi/4.7.4/../../../../arm-none-eabi/lib/armv7e-m\libc.a(lib_a-__call_atexit.o)
 .debug_loc     0x00005562       0x2c c:/program files (x86)/atmel/atmel toolchain/arm gcc/native/4.7.1416/arm-gnu-toolchain/bin/../lib/gcc/arm-none-eabi/4.7.4/../../../../arm-none-eabi/lib/armv7e-m\libc.a(lib_a-atexit.o)
 .debug_loc     0x0000558e      0x1cc c:/program files (x86)/atmel/atmel toolchain/arm gcc/native/4.7.1416/arm-gnu-toolchain/bin/../lib/gcc/arm-none-eabi/4.7.4/../../../../arm-none-eabi/lib/armv7e-m\libc.a(lib_a-fflush.o)
 .debug_loc     0x0000575a      0x25b c:/program files (x86)/atmel/atmel toolchain/arm gcc/native/4.7.1416/arm-gnu-toolchain/bin/../lib/gcc/arm-none-eabi/4.7.4/../../../../arm-none-eabi/lib/armv7e-m\libc.a(lib_a-findfp.o)
 .debug_loc     0x000059b5      0x409 c:/program files (x86)/atmel/atmel toolchain/arm gcc/native/4.7.1416/arm-gnu-toolchain/bin/../lib/gcc/arm-none-eabi/4.7.4/../../../../arm-none-eabi/lib/armv7e-m\libc.a(lib_a-freer.o)
 .debug_loc     0x00005dbe      0x1cf c:/program files (x86)/atmel/atmel toolchain/arm gcc/native/4.7.1416/arm-gnu-toolchain/bin/../lib/gcc/arm-none-eabi/4.7.4/../../../../arm-none-eabi/lib/armv7e-m\libc.a(lib_a-fwalk.o)
 .debug_loc     0x00005f8d       0x58 c:/program files (x86)/atmel/atmel toolchain/arm gcc/native/4.7.1416/arm-gnu-toolchain/bin/../lib/gcc/arm-none-eabi/4.7.4/../../../../arm-none-eabi/lib/armv7e-m\libc.a(lib_a-malloc.o)
 .debug_loc     0x00005fe5      0x75e c:/program files (x86)/atmel/atmel toolchain/arm gcc/native/4.7.1416/arm-gnu-toolchain/bin/../lib/gcc/arm-none-eabi/4.7.4/../../../../arm-none-eabi/lib/armv7e-m\libc.a(lib_a-mallocr.o)
 .debug_loc     0x00006743       0x5f c:/program files (x86)/atmel/atmel toolchain/arm gcc/native/4.7.1416/arm-gnu-toolchain/bin/../lib/gcc/arm-none-eabi/4.7.4/../../../../arm-none-eabi/lib/armv7e-m\libc.a(lib_a-sbrkr.o)
 .debug_loc     0x000067a2      0x23d c:/program files (x86)/atmel/atmel toolchain/arm gcc/native/4.7.1416/arm-gnu-toolchain/bin/../lib/gcc/arm-none-eabi/4.7.4/../../../../arm-none-eabi/lib/armv7e-m\libc.a(lib_a-stdio.o)
 .debug_loc     0x000069df       0xb7 c:/program files (x86)/atmel/atmel toolchain/arm gcc/native/4.7.1416/arm-gnu-toolchain/bin/../lib/gcc/arm-none-eabi/4.7.4/../../../../arm-none-eabi/lib/armv7e-m\libc.a(lib_a-writer.o)
 .debug_loc     0x00006a96       0x5f c:/program files (x86)/atmel/atmel toolchain/arm gcc/native/4.7.1416/arm-gnu-toolchain/bin/../lib/gcc/arm-none-eabi/4.7.4/../../../../arm-none-eabi/lib/armv7e-m\libc.a(lib_a-closer.o)
 .debug_loc     0x00006af5       0xd2 c:/program files (x86)/atmel/atmel toolchain/arm gcc/native/4.7.1416/arm-gnu-toolchain/bin/../lib/gcc/arm-none-eabi/4.7.4/../../../../arm-none-eabi/lib/armv7e-m\libc.a(lib_a-fclose.o)
 .debug_loc     0x00006bc7       0xb7 c:/program files (x86)/atmel/atmel toolchain/arm gcc/native/4.7.1416/arm-gnu-toolchain/bin/../lib/gcc/arm-none-eabi/4.7.4/../../../../arm-none-eabi/lib/armv7e-m\libc.a(lib_a-lseekr.o)
 .debug_loc     0x00006c7e       0xb7 c:/program files (x86)/atmel/atmel toolchain/arm gcc/native/4.7.1416/arm-gnu-toolchain/bin/../lib/gcc/arm-none-eabi/4.7.4/../../../../arm-none-eabi/lib/armv7e-m\libc.a(lib_a-readr.o)
 .debug_loc     0x00006d35      0x15a c:/program files (x86)/atmel/atmel toolchain/arm gcc/native/4.7.1416/arm-gnu-toolchain/bin/../lib/gcc/arm-none-eabi/4.7.4/../../../../arm-none-eabi/lib/armv7e-m\libc.a(lib_a-reent.o)

.debug_aranges  0x00000000      0xd10
 .debug_aranges
                0x00000000       0x30 src/ASF/common/services/clock/sam4s/sysclk.o
 .debug_aranges
                0x00000030       0x20 src/ASF/common/utils/stdio/read.o
 .debug_aranges
                0x00000050       0x20 src/ASF/common/utils/stdio/write.o
 .debug_aranges
                0x00000070       0x20 src/ASF/sam/boards/sam4s_ek2/init.o
 .debug_aranges
                0x00000090       0x28 src/ASF/sam/components/display/aat31xx/aat31xx.o
 .debug_aranges
                0x000000b8      0x140 src/ASF/sam/components/display/ili9325/ili9325.o
 .debug_aranges
                0x000001f8       0x50 src/ASF/sam/drivers/ebi/smc/smc.o
 .debug_aranges
                0x00000248      0x1a8 src/ASF/sam/drivers/pio/pio.o
 .debug_aranges
                0x000003f0       0x58 src/ASF/sam/drivers/pio/pio_handler.o
 .debug_aranges
                0x00000448      0x200 src/ASF/sam/drivers/pmc/pmc.o
 .debug_aranges
                0x00000648       0xd8 src/ASF/sam/drivers/uart/uart.o
 .debug_aranges
                0x00000720      0x208 src/ASF/sam/drivers/usart/usart.o
 .debug_aranges
                0x00000928       0x28 src/ASF/sam/utils/cmsis/sam4s/source/templates/gcc/startup_sam4s.o
 .debug_aranges
                0x00000950       0x30 src/ASF/sam/utils/cmsis/sam4s/source/templates/system_sam4s.o
 .debug_aranges
                0x00000980       0x60 src/ASF/sam/utils/syscalls/gcc/syscalls.o
 .debug_aranges
                0x000009e0       0x30 src/ili9325_example.o
 .debug_aranges
                0x00000a10       0x20 c:/program files (x86)/atmel/atmel toolchain/arm gcc/native/4.7.1416/arm-gnu-toolchain/bin/../lib/gcc/arm-none-eabi/4.7.4/../../../../arm-none-eabi/lib/armv7e-m\libc.a(lib_a-__atexit.o)
 .debug_aranges
                0x00000a30       0x20 c:/program files (x86)/atmel/atmel toolchain/arm gcc/native/4.7.1416/arm-gnu-toolchain/bin/../lib/gcc/arm-none-eabi/4.7.4/../../../../arm-none-eabi/lib/armv7e-m\libc.a(lib_a-fini.o)
 .debug_aranges
                0x00000a50       0x18 c:/program files (x86)/atmel/atmel toolchain/arm gcc/native/4.7.1416/arm-gnu-toolchain/bin/../lib/gcc/arm-none-eabi/4.7.4/../../../../arm-none-eabi/lib/armv7e-m\libc.a(lib_a-impure.o)
 .debug_aranges
                0x00000a68       0x20 c:/program files (x86)/atmel/atmel toolchain/arm gcc/native/4.7.1416/arm-gnu-toolchain/bin/../lib/gcc/arm-none-eabi/4.7.4/../../../../arm-none-eabi/lib/armv7e-m\libc.a(lib_a-init.o)
 .debug_aranges
                0x00000a88       0x20 c:/program files (x86)/atmel/atmel toolchain/arm gcc/native/4.7.1416/arm-gnu-toolchain/bin/../lib/gcc/arm-none-eabi/4.7.4/../../../../arm-none-eabi/lib/armv7e-m\libc.a(lib_a-memset.o)
 .debug_aranges
                0x00000aa8       0x20 c:/program files (x86)/atmel/atmel toolchain/arm gcc/native/4.7.1416/arm-gnu-toolchain/bin/../lib/gcc/arm-none-eabi/4.7.4/../../../../arm-none-eabi/lib/armv7e-m\libc.a(lib_a-setbuf.o)
 .debug_aranges
                0x00000ac8       0x20 c:/program files (x86)/atmel/atmel toolchain/arm gcc/native/4.7.1416/arm-gnu-toolchain/bin/../lib/gcc/arm-none-eabi/4.7.4/../../../../arm-none-eabi/lib/armv7e-m\libc.a(lib_a-setvbuf.o)
 .debug_aranges
                0x00000ae8       0x28 c:/program files (x86)/atmel/atmel toolchain/arm gcc/native/4.7.1416/arm-gnu-toolchain/bin/../lib/gcc/arm-none-eabi/4.7.4/../../../../arm-none-eabi/lib/armv7e-m\libc.a(lib_a-__call_atexit.o)
 .debug_aranges
                0x00000b10       0x20 c:/program files (x86)/atmel/atmel toolchain/arm gcc/native/4.7.1416/arm-gnu-toolchain/bin/../lib/gcc/arm-none-eabi/4.7.4/../../../../arm-none-eabi/lib/armv7e-m\libc.a(lib_a-atexit.o)
 .debug_aranges
                0x00000b30       0x20 c:/program files (x86)/atmel/atmel toolchain/arm gcc/native/4.7.1416/arm-gnu-toolchain/bin/../lib/gcc/arm-none-eabi/4.7.4/../../../../arm-none-eabi/lib/armv7e-m\libc.a(lib_a-fflush.o)
 .debug_aranges
                0x00000b50       0x20 c:/program files (x86)/atmel/atmel toolchain/arm gcc/native/4.7.1416/arm-gnu-toolchain/bin/../lib/gcc/arm-none-eabi/4.7.4/../../../../arm-none-eabi/lib/armv7e-m\libc.a(lib_a-findfp.o)
 .debug_aranges
                0x00000b70       0x20 c:/program files (x86)/atmel/atmel toolchain/arm gcc/native/4.7.1416/arm-gnu-toolchain/bin/../lib/gcc/arm-none-eabi/4.7.4/../../../../arm-none-eabi/lib/armv7e-m\libc.a(lib_a-freer.o)
 .debug_aranges
                0x00000b90       0x20 c:/program files (x86)/atmel/atmel toolchain/arm gcc/native/4.7.1416/arm-gnu-toolchain/bin/../lib/gcc/arm-none-eabi/4.7.4/../../../../arm-none-eabi/lib/armv7e-m\libc.a(lib_a-fwalk.o)
 .debug_aranges
                0x00000bb0       0x20 c:/program files (x86)/atmel/atmel toolchain/arm gcc/native/4.7.1416/arm-gnu-toolchain/bin/../lib/gcc/arm-none-eabi/4.7.4/../../../../arm-none-eabi/lib/armv7e-m\libc.a(lib_a-malloc.o)
 .debug_aranges
                0x00000bd0       0x20 c:/program files (x86)/atmel/atmel toolchain/arm gcc/native/4.7.1416/arm-gnu-toolchain/bin/../lib/gcc/arm-none-eabi/4.7.4/../../../../arm-none-eabi/lib/armv7e-m\libc.a(lib_a-mallocr.o)
 .debug_aranges
                0x00000bf0       0x20 c:/program files (x86)/atmel/atmel toolchain/arm gcc/native/4.7.1416/arm-gnu-toolchain/bin/../lib/gcc/arm-none-eabi/4.7.4/../../../../arm-none-eabi/lib/armv7e-m\libc.a(lib_a-mlock.o)
 .debug_aranges
                0x00000c10       0x20 c:/program files (x86)/atmel/atmel toolchain/arm gcc/native/4.7.1416/arm-gnu-toolchain/bin/../lib/gcc/arm-none-eabi/4.7.4/../../../../arm-none-eabi/lib/armv7e-m\libc.a(lib_a-sbrkr.o)
 .debug_aranges
                0x00000c30       0x20 c:/program files (x86)/atmel/atmel toolchain/arm gcc/native/4.7.1416/arm-gnu-toolchain/bin/../lib/gcc/arm-none-eabi/4.7.4/../../../../arm-none-eabi/lib/armv7e-m\libc.a(lib_a-stdio.o)
 .debug_aranges
                0x00000c50       0x20 c:/program files (x86)/atmel/atmel toolchain/arm gcc/native/4.7.1416/arm-gnu-toolchain/bin/../lib/gcc/arm-none-eabi/4.7.4/../../../../arm-none-eabi/lib/armv7e-m\libc.a(lib_a-writer.o)
 .debug_aranges
                0x00000c70       0x20 c:/program files (x86)/atmel/atmel toolchain/arm gcc/native/4.7.1416/arm-gnu-toolchain/bin/../lib/gcc/arm-none-eabi/4.7.4/../../../../arm-none-eabi/lib/armv7e-m\libc.a(lib_a-closer.o)
 .debug_aranges
                0x00000c90       0x20 c:/program files (x86)/atmel/atmel toolchain/arm gcc/native/4.7.1416/arm-gnu-toolchain/bin/../lib/gcc/arm-none-eabi/4.7.4/../../../../arm-none-eabi/lib/armv7e-m\libc.a(lib_a-fclose.o)
 .debug_aranges
                0x00000cb0       0x20 c:/program files (x86)/atmel/atmel toolchain/arm gcc/native/4.7.1416/arm-gnu-toolchain/bin/../lib/gcc/arm-none-eabi/4.7.4/../../../../arm-none-eabi/lib/armv7e-m\libc.a(lib_a-lseekr.o)
 .debug_aranges
                0x00000cd0       0x20 c:/program files (x86)/atmel/atmel toolchain/arm gcc/native/4.7.1416/arm-gnu-toolchain/bin/../lib/gcc/arm-none-eabi/4.7.4/../../../../arm-none-eabi/lib/armv7e-m\libc.a(lib_a-readr.o)
 .debug_aranges
                0x00000cf0       0x20 c:/program files (x86)/atmel/atmel toolchain/arm gcc/native/4.7.1416/arm-gnu-toolchain/bin/../lib/gcc/arm-none-eabi/4.7.4/../../../../arm-none-eabi/lib/armv7e-m\libc.a(lib_a-reent.o)

.debug_ranges   0x00000000      0xc68
 .debug_ranges  0x00000000       0x20 src/ASF/common/services/clock/sam4s/sysclk.o
 .debug_ranges  0x00000020       0x10 src/ASF/common/utils/stdio/read.o
 .debug_ranges  0x00000030       0x10 src/ASF/common/utils/stdio/write.o
 .debug_ranges  0x00000040       0x10 src/ASF/sam/boards/sam4s_ek2/init.o
 .debug_ranges  0x00000050       0x60 src/ASF/sam/components/display/aat31xx/aat31xx.o
 .debug_ranges  0x000000b0      0x318 src/ASF/sam/components/display/ili9325/ili9325.o
 .debug_ranges  0x000003c8       0x40 src/ASF/sam/drivers/ebi/smc/smc.o
 .debug_ranges  0x00000408      0x198 src/ASF/sam/drivers/pio/pio.o
 .debug_ranges  0x000005a0       0x48 src/ASF/sam/drivers/pio/pio_handler.o
 .debug_ranges  0x000005e8      0x1f0 src/ASF/sam/drivers/pmc/pmc.o
 .debug_ranges  0x000007d8       0xc8 src/ASF/sam/drivers/uart/uart.o
 .debug_ranges  0x000008a0      0x2b8 src/ASF/sam/drivers/usart/usart.o
 .debug_ranges  0x00000b58       0x30 src/ASF/sam/utils/cmsis/sam4s/source/templates/gcc/startup_sam4s.o
 .debug_ranges  0x00000b88       0x20 src/ASF/sam/utils/cmsis/sam4s/source/templates/system_sam4s.o
 .debug_ranges  0x00000ba8       0x50 src/ASF/sam/utils/syscalls/gcc/syscalls.o
 .debug_ranges  0x00000bf8       0x20 src/ili9325_example.o
 .debug_ranges  0x00000c18       0x50 c:/program files (x86)/atmel/atmel toolchain/arm gcc/native/4.7.1416/arm-gnu-toolchain/bin/../lib/gcc/arm-none-eabi/4.7.4/../../../../arm-none-eabi/lib/armv7e-m\libc.a(lib_a-__call_atexit.o)

.debug_macro    0x00000000    0x1357b
 .debug_macro   0x00000000      0x4ee src/ASF/common/services/clock/sam4s/sysclk.o
 .debug_macro   0x000004ee      0x838 src/ASF/common/services/clock/sam4s/sysclk.o
 .debug_macro   0x00000d26      0x3b9 src/ASF/common/services/clock/sam4s/sysclk.o
 .debug_macro   0x000010df       0x28 src/ASF/common/services/clock/sam4s/sysclk.o
 .debug_macro   0x00001107      0x16c src/ASF/common/services/clock/sam4s/sysclk.o
 .debug_macro   0x00001273       0x76 src/ASF/common/services/clock/sam4s/sysclk.o
 .debug_macro   0x000012e9       0x16 src/ASF/common/services/clock/sam4s/sysclk.o
 .debug_macro   0x000012ff      0x6e1 src/ASF/common/services/clock/sam4s/sysclk.o
 .debug_macro   0x000019e0       0x3a src/ASF/common/services/clock/sam4s/sysclk.o
 .debug_macro   0x00001a1a       0x10 src/ASF/common/services/clock/sam4s/sysclk.o
 .debug_macro   0x00001a2a       0x2e src/ASF/common/services/clock/sam4s/sysclk.o
 .debug_macro   0x00001a58       0xa3 src/ASF/common/services/clock/sam4s/sysclk.o
 .debug_macro   0x00001afb      0x20e src/ASF/common/services/clock/sam4s/sysclk.o
 .debug_macro   0x00001d09       0x27 src/ASF/common/services/clock/sam4s/sysclk.o
 .debug_macro   0x00001d30       0x3b src/ASF/common/services/clock/sam4s/sysclk.o
 .debug_macro   0x00001d6b       0x18 src/ASF/common/services/clock/sam4s/sysclk.o
 .debug_macro   0x00001d83       0x42 src/ASF/common/services/clock/sam4s/sysclk.o
 .debug_macro   0x00001dc5      0xb17 src/ASF/common/services/clock/sam4s/sysclk.o
 .debug_macro   0x000028dc      0x157 src/ASF/common/services/clock/sam4s/sysclk.o
 .debug_macro   0x00002a33      0x970 src/ASF/common/services/clock/sam4s/sysclk.o
 .debug_macro   0x000033a3      0x281 src/ASF/common/services/clock/sam4s/sysclk.o
 .debug_macro   0x00003624      0x11e src/ASF/common/services/clock/sam4s/sysclk.o
 .debug_macro   0x00003742       0xac src/ASF/common/services/clock/sam4s/sysclk.o
 .debug_macro   0x000037ee      0x317 src/ASF/common/services/clock/sam4s/sysclk.o
 .debug_macro   0x00003b05      0x106 src/ASF/common/services/clock/sam4s/sysclk.o
 .debug_macro   0x00003c0b       0x1c src/ASF/common/services/clock/sam4s/sysclk.o
 .debug_macro   0x00003c27      0x735 src/ASF/common/services/clock/sam4s/sysclk.o
 .debug_macro   0x0000435c      0x2d0 src/ASF/common/services/clock/sam4s/sysclk.o
 .debug_macro   0x0000462c       0xbe src/ASF/common/services/clock/sam4s/sysclk.o
 .debug_macro   0x000046ea     0x280b src/ASF/common/services/clock/sam4s/sysclk.o
 .debug_macro   0x00006ef5      0x76f src/ASF/common/services/clock/sam4s/sysclk.o
 .debug_macro   0x00007664      0xa8b src/ASF/common/services/clock/sam4s/sysclk.o
 .debug_macro   0x000080ef       0x9a src/ASF/common/services/clock/sam4s/sysclk.o
 .debug_macro   0x00008189      0x3d6 src/ASF/common/services/clock/sam4s/sysclk.o
 .debug_macro   0x0000855f       0x64 src/ASF/common/services/clock/sam4s/sysclk.o
 .debug_macro   0x000085c3      0x1ab src/ASF/common/services/clock/sam4s/sysclk.o
 .debug_macro   0x0000876e      0x383 src/ASF/common/services/clock/sam4s/sysclk.o
 .debug_macro   0x00008af1      0x621 src/ASF/common/services/clock/sam4s/sysclk.o
 .debug_macro   0x00009112      0x68d src/ASF/common/services/clock/sam4s/sysclk.o
 .debug_macro   0x0000979f      0x59c src/ASF/common/services/clock/sam4s/sysclk.o
 .debug_macro   0x00009d3b      0x34a src/ASF/common/services/clock/sam4s/sysclk.o
 .debug_macro   0x0000a085      0x289 src/ASF/common/services/clock/sam4s/sysclk.o
 .debug_macro   0x0000a30e      0x2d3 src/ASF/common/services/clock/sam4s/sysclk.o
 .debug_macro   0x0000a5e1      0x6d6 src/ASF/common/services/clock/sam4s/sysclk.o
 .debug_macro   0x0000acb7       0x76 src/ASF/common/services/clock/sam4s/sysclk.o
 .debug_macro   0x0000ad2d       0xb8 src/ASF/common/services/clock/sam4s/sysclk.o
 .debug_macro   0x0000ade5       0xb2 src/ASF/common/services/clock/sam4s/sysclk.o
 .debug_macro   0x0000ae97       0x88 src/ASF/common/services/clock/sam4s/sysclk.o
 .debug_macro   0x0000af1f      0x102 src/ASF/common/services/clock/sam4s/sysclk.o
 .debug_macro   0x0000b021      0x102 src/ASF/common/services/clock/sam4s/sysclk.o
 .debug_macro   0x0000b123       0x88 src/ASF/common/services/clock/sam4s/sysclk.o
 .debug_macro   0x0000b1ab       0x88 src/ASF/common/services/clock/sam4s/sysclk.o
 .debug_macro   0x0000b233      0x2cd src/ASF/common/services/clock/sam4s/sysclk.o
 .debug_macro   0x0000b500       0xb2 src/ASF/common/services/clock/sam4s/sysclk.o
 .debug_macro   0x0000b5b2       0xb2 src/ASF/common/services/clock/sam4s/sysclk.o
 .debug_macro   0x0000b664       0x52 src/ASF/common/services/clock/sam4s/sysclk.o
 .debug_macro   0x0000b6b6       0xa6 src/ASF/common/services/clock/sam4s/sysclk.o
 .debug_macro   0x0000b75c       0x7c src/ASF/common/services/clock/sam4s/sysclk.o
 .debug_macro   0x0000b7d8       0x40 src/ASF/common/services/clock/sam4s/sysclk.o
 .debug_macro   0x0000b818       0x64 src/ASF/common/services/clock/sam4s/sysclk.o
 .debug_macro   0x0000b87c       0x46 src/ASF/common/services/clock/sam4s/sysclk.o
 .debug_macro   0x0000b8c2       0x88 src/ASF/common/services/clock/sam4s/sysclk.o
 .debug_macro   0x0000b94a       0x4c src/ASF/common/services/clock/sam4s/sysclk.o
 .debug_macro   0x0000b996       0xac src/ASF/common/services/clock/sam4s/sysclk.o
 .debug_macro   0x0000ba42       0x7c src/ASF/common/services/clock/sam4s/sysclk.o
 .debug_macro   0x0000babe       0x16 src/ASF/common/services/clock/sam4s/sysclk.o
 .debug_macro   0x0000bad4       0x7c src/ASF/common/services/clock/sam4s/sysclk.o
 .debug_macro   0x0000bb50       0x22 src/ASF/common/services/clock/sam4s/sysclk.o
 .debug_macro   0x0000bb72       0x22 src/ASF/common/services/clock/sam4s/sysclk.o
 .debug_macro   0x0000bb94      0x192 src/ASF/common/services/clock/sam4s/sysclk.o
 .debug_macro   0x0000bd26      0x162 src/ASF/common/services/clock/sam4s/sysclk.o
 .debug_macro   0x0000be88      0x162 src/ASF/common/services/clock/sam4s/sysclk.o
 .debug_macro   0x0000bfea       0x1c src/ASF/common/services/clock/sam4s/sysclk.o
 .debug_macro   0x0000c006       0x2e src/ASF/common/services/clock/sam4s/sysclk.o
 .debug_macro   0x0000c034       0x22 src/ASF/common/services/clock/sam4s/sysclk.o
 .debug_macro   0x0000c056       0x1c src/ASF/common/services/clock/sam4s/sysclk.o
 .debug_macro   0x0000c072       0x52 src/ASF/common/services/clock/sam4s/sysclk.o
 .debug_macro   0x0000c0c4       0x10 src/ASF/common/services/clock/sam4s/sysclk.o
 .debug_macro   0x0000c0d4      0x234 src/ASF/common/services/clock/sam4s/sysclk.o
 .debug_macro   0x0000c308      0x935 src/ASF/common/services/clock/sam4s/sysclk.o
 .debug_macro   0x0000cc3d      0x12a src/ASF/common/services/clock/sam4s/sysclk.o
 .debug_macro   0x0000cd67       0x10 src/ASF/common/services/clock/sam4s/sysclk.o
 .debug_macro   0x0000cd77       0x35 src/ASF/common/services/clock/sam4s/sysclk.o
 .debug_macro   0x0000cdac       0x10 src/ASF/common/services/clock/sam4s/sysclk.o
 .debug_macro   0x0000cdbc       0x3a src/ASF/common/services/clock/sam4s/sysclk.o
 .debug_macro   0x0000cdf6       0x52 src/ASF/common/services/clock/sam4s/sysclk.o
 .debug_macro   0x0000ce48       0x43 src/ASF/common/services/clock/sam4s/sysclk.o
 .debug_macro   0x0000ce8b      0x16d src/ASF/common/services/clock/sam4s/sysclk.o
 .debug_macro   0x0000cff8       0x10 src/ASF/common/services/clock/sam4s/sysclk.o
 .debug_macro   0x0000d008       0x22 src/ASF/common/services/clock/sam4s/sysclk.o
 .debug_macro   0x0000d02a       0x91 src/ASF/common/services/clock/sam4s/sysclk.o
 .debug_macro   0x0000d0bb       0x16 src/ASF/common/services/clock/sam4s/sysclk.o
 .debug_macro   0x0000d0d1      0x16d src/ASF/common/services/clock/sam4s/sysclk.o
 .debug_macro   0x0000d23e       0x22 src/ASF/common/services/clock/sam4s/sysclk.o
 .debug_macro   0x0000d260       0x10 src/ASF/common/services/clock/sam4s/sysclk.o
 .debug_macro   0x0000d270       0x16 src/ASF/common/services/clock/sam4s/sysclk.o
 .debug_macro   0x0000d286       0x23 src/ASF/common/services/clock/sam4s/sysclk.o
 .debug_macro   0x0000d2a9       0x66 src/ASF/common/services/clock/sam4s/sysclk.o
 .debug_macro   0x0000d30f       0x3f src/ASF/common/services/clock/sam4s/sysclk.o
 .debug_macro   0x0000d34e      0x3c3 src/ASF/common/services/clock/sam4s/sysclk.o
 .debug_macro   0x0000d711      0x207 src/ASF/common/services/clock/sam4s/sysclk.o
 .debug_macro   0x0000d918      0xa46 src/ASF/common/services/clock/sam4s/sysclk.o
 .debug_macro   0x0000e35e       0x58 src/ASF/common/services/clock/sam4s/sysclk.o
 .debug_macro   0x0000e3b6       0x64 src/ASF/common/services/clock/sam4s/sysclk.o
 .debug_macro   0x0000e41a       0x46 src/ASF/common/services/clock/sam4s/sysclk.o
 .debug_macro   0x0000e460       0x90 src/ASF/common/services/clock/sam4s/sysclk.o
 .debug_macro   0x0000e4f0      0x474 src/ASF/common/utils/stdio/read.o
 .debug_macro   0x0000e964      0x474 src/ASF/common/utils/stdio/write.o
 .debug_macro   0x0000edd8      0x52d src/ASF/sam/boards/sam4s_ek2/init.o
 .debug_macro   0x0000f305       0x22 src/ASF/sam/boards/sam4s_ek2/init.o
 .debug_macro   0x0000f327       0x94 src/ASF/sam/boards/sam4s_ek2/init.o
 .debug_macro   0x0000f3bb       0x40 src/ASF/sam/boards/sam4s_ek2/init.o
 .debug_macro   0x0000f3fb       0x82 src/ASF/sam/boards/sam4s_ek2/init.o
 .debug_macro   0x0000f47d      0x53c src/ASF/sam/components/display/aat31xx/aat31xx.o
 .debug_macro   0x0000f9b9       0x16 src/ASF/sam/components/display/aat31xx/aat31xx.o
 .debug_macro   0x0000f9cf      0x4d4 src/ASF/sam/components/display/ili9325/ili9325.o
 .debug_macro   0x0000fea3      0x939 src/ASF/sam/components/display/ili9325/ili9325.o
 .debug_macro   0x000107dc       0x10 src/ASF/sam/components/display/ili9325/ili9325.o
 .debug_macro   0x000107ec       0x1c src/ASF/sam/components/display/ili9325/ili9325.o
 .debug_macro   0x00010808       0x16 src/ASF/sam/components/display/ili9325/ili9325.o
 .debug_macro   0x0001081e      0x4a1 src/ASF/sam/drivers/ebi/smc/smc.o
 .debug_macro   0x00010cbf      0x489 src/ASF/sam/drivers/pio/pio.o
 .debug_macro   0x00011148       0x8e src/ASF/sam/drivers/pio/pio.o
 .debug_macro   0x000111d6      0x493 src/ASF/sam/drivers/pio/pio_handler.o
 .debug_macro   0x00011669      0x489 src/ASF/sam/drivers/pmc/pmc.o
 .debug_macro   0x00011af2       0x52 src/ASF/sam/drivers/pmc/pmc.o
 .debug_macro   0x00011b44      0x490 src/ASF/sam/drivers/uart/uart.o
 .debug_macro   0x00011fd4      0x4b9 src/ASF/sam/drivers/usart/usart.o
 .debug_macro   0x0001248d       0x28 src/ASF/sam/drivers/usart/usart.o
 .debug_macro   0x000124b5      0x326 src/ASF/sam/utils/cmsis/sam4s/source/templates/gcc/startup_sam4s.o
 .debug_macro   0x000127db      0x32e src/ASF/sam/utils/cmsis/sam4s/source/templates/system_sam4s.o
 .debug_macro   0x00012b09      0x12c src/ASF/sam/utils/syscalls/gcc/syscalls.o
 .debug_macro   0x00012c35       0x89 src/ASF/sam/utils/syscalls/gcc/syscalls.o
 .debug_macro   0x00012cbe       0x19 src/ASF/sam/utils/syscalls/gcc/syscalls.o
 .debug_macro   0x00012cd7       0xf5 src/ASF/sam/utils/syscalls/gcc/syscalls.o
 .debug_macro   0x00012dcc       0x52 src/ASF/sam/utils/syscalls/gcc/syscalls.o
 .debug_macro   0x00012e1e       0x10 src/ASF/sam/utils/syscalls/gcc/syscalls.o
 .debug_macro   0x00012e2e       0x16 src/ASF/sam/utils/syscalls/gcc/syscalls.o
 .debug_macro   0x00012e44       0x34 src/ASF/sam/utils/syscalls/gcc/syscalls.o
 .debug_macro   0x00012e78      0x120 src/ASF/sam/utils/syscalls/gcc/syscalls.o
 .debug_macro   0x00012f98      0x5d3 src/ili9325_example.o
 .debug_macro   0x0001356b       0x10 src/ili9325_example.o

.debug_line     0x00000000     0xf9bd
 .debug_line    0x00000000      0xc09 src/ASF/common/services/clock/sam4s/sysclk.o
 .debug_line    0x00000c09      0xaec src/ASF/common/utils/stdio/read.o
 .debug_line    0x000016f5      0xad1 src/ASF/common/utils/stdio/write.o
 .debug_line    0x000021c6      0xccf src/ASF/sam/boards/sam4s_ek2/init.o
 .debug_line    0x00002e95      0xcd6 src/ASF/sam/components/display/aat31xx/aat31xx.o
 .debug_line    0x00003b6b     0x1286 src/ASF/sam/components/display/ili9325/ili9325.o
 .debug_line    0x00004df1      0xb82 src/ASF/sam/drivers/ebi/smc/smc.o
 .debug_line    0x00005973      0xf08 src/ASF/sam/drivers/pio/pio.o
 .debug_line    0x0000687b      0xb8f src/ASF/sam/drivers/pio/pio_handler.o
 .debug_line    0x0000740a     0x1086 src/ASF/sam/drivers/pmc/pmc.o
 .debug_line    0x00008490      0xc6e src/ASF/sam/drivers/uart/uart.o
 .debug_line    0x000090fe     0x102a src/ASF/sam/drivers/usart/usart.o
 .debug_line    0x0000a128      0x96d src/ASF/sam/utils/cmsis/sam4s/source/templates/gcc/startup_sam4s.o
 .debug_line    0x0000aa95      0x96b src/ASF/sam/utils/cmsis/sam4s/source/templates/system_sam4s.o
 .debug_line    0x0000b400      0x42f src/ASF/sam/utils/syscalls/gcc/syscalls.o
 .debug_line    0x0000b82f      0xf5c src/ili9325_example.o
 .debug_line    0x0000c78b      0x231 c:/program files (x86)/atmel/atmel toolchain/arm gcc/native/4.7.1416/arm-gnu-toolchain/bin/../lib/gcc/arm-none-eabi/4.7.4/../../../../arm-none-eabi/lib/armv7e-m\libc.a(lib_a-__atexit.o)
 .debug_line    0x0000c9bc      0x124 c:/program files (x86)/atmel/atmel toolchain/arm gcc/native/4.7.1416/arm-gnu-toolchain/bin/../lib/gcc/arm-none-eabi/4.7.4/../../../../arm-none-eabi/lib/armv7e-m\libc.a(lib_a-fini.o)
 .debug_line    0x0000cae0      0x183 c:/program files (x86)/atmel/atmel toolchain/arm gcc/native/4.7.1416/arm-gnu-toolchain/bin/../lib/gcc/arm-none-eabi/4.7.4/../../../../arm-none-eabi/lib/armv7e-m\libc.a(lib_a-impure.o)
 .debug_line    0x0000cc63      0x136 c:/program files (x86)/atmel/atmel toolchain/arm gcc/native/4.7.1416/arm-gnu-toolchain/bin/../lib/gcc/arm-none-eabi/4.7.4/../../../../arm-none-eabi/lib/armv7e-m\libc.a(lib_a-init.o)
 .debug_line    0x0000cd99      0x18d c:/program files (x86)/atmel/atmel toolchain/arm gcc/native/4.7.1416/arm-gnu-toolchain/bin/../lib/gcc/arm-none-eabi/4.7.4/../../../../arm-none-eabi/lib/armv7e-m\libc.a(lib_a-memset.o)
 .debug_line    0x0000cf26      0x1fd c:/program files (x86)/atmel/atmel toolchain/arm gcc/native/4.7.1416/arm-gnu-toolchain/bin/../lib/gcc/arm-none-eabi/4.7.4/../../../../arm-none-eabi/lib/armv7e-m\libc.a(lib_a-setbuf.o)
 .debug_line    0x0000d123      0x276 c:/program files (x86)/atmel/atmel toolchain/arm gcc/native/4.7.1416/arm-gnu-toolchain/bin/../lib/gcc/arm-none-eabi/4.7.4/../../../../arm-none-eabi/lib/armv7e-m\libc.a(lib_a-setvbuf.o)
 .debug_line    0x0000d399      0x275 c:/program files (x86)/atmel/atmel toolchain/arm gcc/native/4.7.1416/arm-gnu-toolchain/bin/../lib/gcc/arm-none-eabi/4.7.4/../../../../arm-none-eabi/lib/armv7e-m\libc.a(lib_a-__call_atexit.o)
 .debug_line    0x0000d60e      0x10b c:/program files (x86)/atmel/atmel toolchain/arm gcc/native/4.7.1416/arm-gnu-toolchain/bin/../lib/gcc/arm-none-eabi/4.7.4/../../../../arm-none-eabi/lib/armv7e-m\libc.a(lib_a-atexit.o)
 .debug_line    0x0000d719      0x2bd c:/program files (x86)/atmel/atmel toolchain/arm gcc/native/4.7.1416/arm-gnu-toolchain/bin/../lib/gcc/arm-none-eabi/4.7.4/../../../../arm-none-eabi/lib/armv7e-m\libc.a(lib_a-fflush.o)
 .debug_line    0x0000d9d6      0x2bb c:/program files (x86)/atmel/atmel toolchain/arm gcc/native/4.7.1416/arm-gnu-toolchain/bin/../lib/gcc/arm-none-eabi/4.7.4/../../../../arm-none-eabi/lib/armv7e-m\libc.a(lib_a-findfp.o)
 .debug_line    0x0000dc91      0x2c0 c:/program files (x86)/atmel/atmel toolchain/arm gcc/native/4.7.1416/arm-gnu-toolchain/bin/../lib/gcc/arm-none-eabi/4.7.4/../../../../arm-none-eabi/lib/armv7e-m\libc.a(lib_a-freer.o)
 .debug_line    0x0000df51      0x227 c:/program files (x86)/atmel/atmel toolchain/arm gcc/native/4.7.1416/arm-gnu-toolchain/bin/../lib/gcc/arm-none-eabi/4.7.4/../../../../arm-none-eabi/lib/armv7e-m\libc.a(lib_a-fwalk.o)
 .debug_line    0x0000e178      0x207 c:/program files (x86)/atmel/atmel toolchain/arm gcc/native/4.7.1416/arm-gnu-toolchain/bin/../lib/gcc/arm-none-eabi/4.7.4/../../../../arm-none-eabi/lib/armv7e-m\libc.a(lib_a-malloc.o)
 .debug_line    0x0000e37f      0x3ac c:/program files (x86)/atmel/atmel toolchain/arm gcc/native/4.7.1416/arm-gnu-toolchain/bin/../lib/gcc/arm-none-eabi/4.7.4/../../../../arm-none-eabi/lib/armv7e-m\libc.a(lib_a-mallocr.o)
 .debug_line    0x0000e72b      0x195 c:/program files (x86)/atmel/atmel toolchain/arm gcc/native/4.7.1416/arm-gnu-toolchain/bin/../lib/gcc/arm-none-eabi/4.7.4/../../../../arm-none-eabi/lib/armv7e-m\libc.a(lib_a-mlock.o)
 .debug_line    0x0000e8c0      0x206 c:/program files (x86)/atmel/atmel toolchain/arm gcc/native/4.7.1416/arm-gnu-toolchain/bin/../lib/gcc/arm-none-eabi/4.7.4/../../../../arm-none-eabi/lib/armv7e-m\libc.a(lib_a-sbrkr.o)
 .debug_line    0x0000eac6      0x239 c:/program files (x86)/atmel/atmel toolchain/arm gcc/native/4.7.1416/arm-gnu-toolchain/bin/../lib/gcc/arm-none-eabi/4.7.4/../../../../arm-none-eabi/lib/armv7e-m\libc.a(lib_a-stdio.o)
 .debug_line    0x0000ecff      0x206 c:/program files (x86)/atmel/atmel toolchain/arm gcc/native/4.7.1416/arm-gnu-toolchain/bin/../lib/gcc/arm-none-eabi/4.7.4/../../../../arm-none-eabi/lib/armv7e-m\libc.a(lib_a-writer.o)
 .debug_line    0x0000ef05      0x207 c:/program files (x86)/atmel/atmel toolchain/arm gcc/native/4.7.1416/arm-gnu-toolchain/bin/../lib/gcc/arm-none-eabi/4.7.4/../../../../arm-none-eabi/lib/armv7e-m\libc.a(lib_a-closer.o)
 .debug_line    0x0000f10c      0x255 c:/program files (x86)/atmel/atmel toolchain/arm gcc/native/4.7.1416/arm-gnu-toolchain/bin/../lib/gcc/arm-none-eabi/4.7.4/../../../../arm-none-eabi/lib/armv7e-m\libc.a(lib_a-fclose.o)
 .debug_line    0x0000f361      0x206 c:/program files (x86)/atmel/atmel toolchain/arm gcc/native/4.7.1416/arm-gnu-toolchain/bin/../lib/gcc/arm-none-eabi/4.7.4/../../../../arm-none-eabi/lib/armv7e-m\libc.a(lib_a-lseekr.o)
 .debug_line    0x0000f567      0x205 c:/program files (x86)/atmel/atmel toolchain/arm gcc/native/4.7.1416/arm-gnu-toolchain/bin/../lib/gcc/arm-none-eabi/4.7.4/../../../../arm-none-eabi/lib/armv7e-m\libc.a(lib_a-readr.o)
 .debug_line    0x0000f76c      0x251 c:/program files (x86)/atmel/atmel toolchain/arm gcc/native/4.7.1416/arm-gnu-toolchain/bin/../lib/gcc/arm-none-eabi/4.7.4/../../../../arm-none-eabi/lib/armv7e-m\libc.a(lib_a-reent.o)

.debug_str      0x00000000    0x54e71
 .debug_str     0x00000000    0x4a855 src/ASF/common/services/clock/sam4s/sysclk.o
                              0x4ab90 (size before relaxing)
 .debug_str     0x0004a855       0x3f src/ASF/common/utils/stdio/read.o
                              0x460b4 (size before relaxing)
 .debug_str     0x0004a894       0x2e src/ASF/common/utils/stdio/write.o
                              0x460b6 (size before relaxing)
 .debug_str     0x0004a8c2      0xbc7 src/ASF/sam/boards/sam4s_ek2/init.o
                              0x4b4cb (size before relaxing)
 .debug_str     0x0004b489      0x222 src/ASF/sam/components/display/aat31xx/aat31xx.o
                              0x4b02a (size before relaxing)
 .debug_str     0x0004b6ab     0x5737 src/ASF/sam/components/display/ili9325/ili9325.o
                              0x4f735 (size before relaxing)
 .debug_str     0x00050de2      0x19a src/ASF/sam/drivers/ebi/smc/smc.o
                              0x4a104 (size before relaxing)
 .debug_str     0x00050f7c      0x5c0 src/ASF/sam/drivers/pio/pio.o
                              0x46cc9 (size before relaxing)
 .debug_str     0x0005153c      0x40b src/ASF/sam/drivers/pio/pio_handler.o
                              0x46b26 (size before relaxing)
 .debug_str     0x00051947      0x711 src/ASF/sam/drivers/pmc/pmc.o
                              0x46b53 (size before relaxing)
 .debug_str     0x00052058      0x315 src/ASF/sam/drivers/uart/uart.o
                              0x46420 (size before relaxing)
 .debug_str     0x0005236d      0x949 src/ASF/sam/drivers/usart/usart.o
                              0x46aa4 (size before relaxing)
 .debug_str     0x00052cb6      0x40e src/ASF/sam/utils/cmsis/sam4s/source/templates/gcc/startup_sam4s.o
                              0x3a76c (size before relaxing)
 .debug_str     0x000530c4       0xcd src/ASF/sam/utils/cmsis/sam4s/source/templates/system_sam4s.o
                              0x3a552 (size before relaxing)