Archive member included because of file (symbol)

c:/program files (x86)/atmel/atmel toolchain/arm gcc/native/4.7.1416/arm-gnu-toolchain/bin/../lib/gcc/arm-none-eabi/4.7.4/../../../../arm-none-eabi/lib/armv7e-m\libc.a(lib_a-__atexit.o)
                              c:/program files (x86)/atmel/atmel toolchain/arm gcc/native/4.7.1416/arm-gnu-toolchain/bin/../lib/gcc/arm-none-eabi/4.7.4/../../../../arm-none-eabi/lib/armv7e-m/crt0.o (__register_exitproc)
c:/program files (x86)/atmel/atmel toolchain/arm gcc/native/4.7.1416/arm-gnu-toolchain/bin/../lib/gcc/arm-none-eabi/4.7.4/../../../../arm-none-eabi/lib/armv7e-m\libc.a(lib_a-exit.o)
                              c:/program files (x86)/atmel/atmel toolchain/arm gcc/native/4.7.1416/arm-gnu-toolchain/bin/../lib/gcc/arm-none-eabi/4.7.4/../../../../arm-none-eabi/lib/armv7e-m/crt0.o (exit)
c:/program files (x86)/atmel/atmel toolchain/arm gcc/native/4.7.1416/arm-gnu-toolchain/bin/../lib/gcc/arm-none-eabi/4.7.4/../../../../arm-none-eabi/lib/armv7e-m\libc.a(lib_a-fini.o)
                              c:/program files (x86)/atmel/atmel toolchain/arm gcc/native/4.7.1416/arm-gnu-toolchain/bin/../lib/gcc/arm-none-eabi/4.7.4/../../../../arm-none-eabi/lib/armv7e-m/crt0.o (__libc_fini_array)
c:/program files (x86)/atmel/atmel toolchain/arm gcc/native/4.7.1416/arm-gnu-toolchain/bin/../lib/gcc/arm-none-eabi/4.7.4/../../../../arm-none-eabi/lib/armv7e-m\libc.a(lib_a-impure.o)
                              c:/program files (x86)/atmel/atmel toolchain/arm gcc/native/4.7.1416/arm-gnu-toolchain/bin/../lib/gcc/arm-none-eabi/4.7.4/../../../../arm-none-eabi/lib/armv7e-m\libc.a(lib_a-__atexit.o) (_global_impure_ptr)
c:/program files (x86)/atmel/atmel toolchain/arm gcc/native/4.7.1416/arm-gnu-toolchain/bin/../lib/gcc/arm-none-eabi/4.7.4/../../../../arm-none-eabi/lib/armv7e-m\libc.a(lib_a-init.o)
                              c:/program files (x86)/atmel/atmel toolchain/arm gcc/native/4.7.1416/arm-gnu-toolchain/bin/../lib/gcc/arm-none-eabi/4.7.4/../../../../arm-none-eabi/lib/armv7e-m/crt0.o (__libc_init_array)
c:/program files (x86)/atmel/atmel toolchain/arm gcc/native/4.7.1416/arm-gnu-toolchain/bin/../lib/gcc/arm-none-eabi/4.7.4/../../../../arm-none-eabi/lib/armv7e-m\libc.a(lib_a-iprintf.o)
                              src/ASF/sam/utils/syscalls/gcc/syscalls.o (iprintf)
c:/program files (x86)/atmel/atmel toolchain/arm gcc/native/4.7.1416/arm-gnu-toolchain/bin/../lib/gcc/arm-none-eabi/4.7.4/../../../../arm-none-eabi/lib/armv7e-m\libc.a(lib_a-memset.o)
                              c:/program files (x86)/atmel/atmel toolchain/arm gcc/native/4.7.1416/arm-gnu-toolchain/bin/../lib/gcc/arm-none-eabi/4.7.4/../../../../arm-none-eabi/lib/armv7e-m/crt0.o (memset)
c:/program files (x86)/atmel/atmel toolchain/arm gcc/native/4.7.1416/arm-gnu-toolchain/bin/../lib/gcc/arm-none-eabi/4.7.4/../../../../arm-none-eabi/lib/armv7e-m\libc.a(lib_a-setbuf.o)
                              src/ili93xx_example.o (setbuf)
c:/program files (x86)/atmel/atmel toolchain/arm gcc/native/4.7.1416/arm-gnu-toolchain/bin/../lib/gcc/arm-none-eabi/4.7.4/../../../../arm-none-eabi/lib/armv7e-m\libc.a(lib_a-setvbuf.o)
                              c:/program files (x86)/atmel/atmel toolchain/arm gcc/native/4.7.1416/arm-gnu-toolchain/bin/../lib/gcc/arm-none-eabi/4.7.4/../../../../arm-none-eabi/lib/armv7e-m\libc.a(lib_a-setbuf.o) (setvbuf)
c:/program files (x86)/atmel/atmel toolchain/arm gcc/native/4.7.1416/arm-gnu-toolchain/bin/../lib/gcc/arm-none-eabi/4.7.4/../../../../arm-none-eabi/lib/armv7e-m\libc.a(lib_a-vfiprintf.o)
                              c:/program files (x86)/atmel/atmel toolchain/arm gcc/native/4.7.1416/arm-gnu-toolchain/bin/../lib/gcc/arm-none-eabi/4.7.4/../../../../arm-none-eabi/lib/armv7e-m\libc.a(lib_a-iprintf.o) (_vfiprintf_r)
c:/program files (x86)/atmel/atmel toolchain/arm gcc/native/4.7.1416/arm-gnu-toolchain/bin/../lib/gcc/arm-none-eabi/4.7.4/../../../../arm-none-eabi/lib/armv7e-m\libc.a(lib_a-wsetup.o)
                              c:/program files (x86)/atmel/atmel toolchain/arm gcc/native/4.7.1416/arm-gnu-toolchain/bin/../lib/gcc/arm-none-eabi/4.7.4/../../../../arm-none-eabi/lib/armv7e-m\libc.a(lib_a-vfiprintf.o) (__swsetup_r)
c:/program files (x86)/atmel/atmel toolchain/arm gcc/native/4.7.1416/arm-gnu-toolchain/bin/../lib/gcc/arm-none-eabi/4.7.4/../../../../arm-none-eabi/lib/armv7e-m\libc.a(lib_a-__call_atexit.o)
                              c:/program files (x86)/atmel/atmel toolchain/arm gcc/native/4.7.1416/arm-gnu-toolchain/bin/../lib/gcc/arm-none-eabi/4.7.4/../../../../arm-none-eabi/lib/armv7e-m\libc.a(lib_a-exit.o) (__call_exitprocs)
c:/program files (x86)/atmel/atmel toolchain/arm gcc/native/4.7.1416/arm-gnu-toolchain/bin/../lib/gcc/arm-none-eabi/4.7.4/../../../../arm-none-eabi/lib/armv7e-m\libc.a(lib_a-atexit.o)
[...]
Memory Configuration

Name             Origin             Length             Attributes
rom              0x00400000         0x00200000         xr
ram              0x20000000         0x00028000         xrw
*default*        0x00000000         0xffffffff

Linker script and memory map

LOAD c:/program files (x86)/atmel/atmel toolchain/arm gcc/native/4.7.1416/arm-gnu-toolchain/bin/../lib/gcc/arm-none-eabi/4.7.4/armv7e-m/crti.o
LOAD c:/program files (x86)/atmel/atmel toolchain/arm gcc/native/4.7.1416/arm-gnu-toolchain/bin/../lib/gcc/arm-none-eabi/4.7.4/armv7e-m/crtbegin.o
LOAD c:/program files (x86)/atmel/atmel toolchain/arm gcc/native/4.7.1416/arm-gnu-toolchain/bin/../lib/gcc/arm-none-eabi/4.7.4/../../../../arm-none-eabi/lib/armv7e-m/crt0.o
LOAD src/ASF/common/services/clock/sam4s/sysclk.o
LOAD src/ASF/common/services/serial/usart_serial.o
LOAD src/ASF/common/utils/interrupt/interrupt_sam_nvic.o
LOAD src/ASF/common/utils/stdio/read.o
LOAD src/ASF/common/utils/stdio/write.o
LOAD src/ASF/sam/boards/sam4s_ek2/init.o
LOAD src/ASF/sam/boards/sam4s_ek2/led.o
LOAD src/ASF/sam/components/display/aat31xx/aat31xx.o
LOAD src/ASF/sam/components/display/ili93xx/ili93xx.o
LOAD src/ASF/sam/drivers/ebi/smc/smc.o
LOAD src/ASF/sam/drivers/pio/pio.o
LOAD src/ASF/sam/drivers/pio/pio_handler.o
LOAD src/ASF/sam/drivers/pmc/pmc.o
LOAD src/ASF/sam/drivers/pmc/sleep.o
LOAD src/ASF/sam/drivers/uart/uart.o
LOAD src/ASF/sam/drivers/usart/usart.o
LOAD src/ASF/sam/utils/cmsis/sam4s/source/templates/gcc/startup_sam4s.o
LOAD src/ASF/sam/utils/cmsis/sam4s/source/templates/system_sam4s.o
LOAD src/ASF/sam/utils/syscalls/gcc/syscalls.o
LOAD src/ili93xx_example.o
START GROUP
LOAD ../src/ASF/thirdparty/CMSIS/Lib/GCC\libarm_cortexM4l_math.a
LOAD c:/program files (x86)/atmel/atmel toolchain/arm gcc/native/4.7.1416/arm-gnu-toolchain/bin/../lib/gcc/arm-none-eabi/4.7.4/../../../../arm-none-eabi/lib/armv7e-m\libm.a
END GROUP
START GROUP
LOAD c:/program files (x86)/atmel/atmel toolchain/arm gcc/native/4.7.1416/arm-gnu-toolchain/bin/../lib/gcc/arm-none-eabi/4.7.4/armv7e-m\libgcc.a
LOAD c:/program files (x86)/atmel/atmel toolchain/arm gcc/native/4.7.1416/arm-gnu-toolchain/bin/../lib/gcc/arm-none-eabi/4.7.4/../../../../arm-none-eabi/lib/armv7e-m\libc.a
END GROUP
LOAD c:/program files (x86)/atmel/atmel toolchain/arm gcc/native/4.7.1416/arm-gnu-toolchain/bin/../lib/gcc/arm-none-eabi/4.7.4/armv7e-m/crtend.o
LOAD c:/program files (x86)/atmel/atmel toolchain/arm gcc/native/4.7.1416/arm-gnu-toolchain/bin/../lib/gcc/arm-none-eabi/4.7.4/armv7e-m/crtn.o
                [0x00003000]                __stack_size__ = DEFINED (__stack_size__)?__stack_size__:0x3000
                0x20027ffc                __ram_end__ = ((ORIGIN (ram) + 0x28000) - 0x4)

.text           0x00400000     0x3900
                0x00400000                . = ALIGN (0x4)
                0x00400000                _sfixed = .
 *(.vectors .vectors.*)
 .vectors       0x00400000       0xcc src/ASF/sam/utils/cmsis/sam4s/source/templates/gcc/startup_sam4s.o
                0x00400000                exception_table
 *(.text .text.* .gnu.linkonce.t.*)
 .text          0x004000cc       0xb0 c:/program files (x86)/atmel/atmel toolchain/arm gcc/native/4.7.1416/arm-gnu-toolchain/bin/../lib/gcc/arm-none-eabi/4.7.4/armv7e-m/crtbegin.o
 .text.sysclk_init
                0x0040017c       0x78 src/ASF/common/services/clock/sam4s/sysclk.o
                0x0040017c                sysclk_init
 .text._read    0x004001f4       0x88 src/ASF/common/utils/stdio/read.o
                0x004001f4                _read
 .text._write   0x0040027c       0xa0 src/ASF/common/utils/stdio/write.o
                0x0040027c                _write
 .text.board_init
                0x0040031c       0xf0 src/ASF/sam/boards/sam4s_ek2/init.o
                0x0040031c                board_init
 .text.aat31xx_set_backlight
                0x0040040c       0x6c src/ASF/sam/components/display/aat31xx/aat31xx.o
                0x0040040c                aat31xx_set_backlight
 .text.aat31xx_disable_backlight
                0x00400478       0x28 src/ASF/sam/components/display/aat31xx/aat31xx.o
                0x00400478                aat31xx_disable_backlight
 .text.ili93xx_write_ram_prepare
                0x004004a0       0x3c src/ASF/sam/components/display/ili93xx/ili93xx.o
 .text.ili93xx_write_ram
                0x004004dc       0x1c src/ASF/sam/components/display/ili93xx/ili93xx.o
 .text.ili93xx_write_ram_buffer
                0x004004f8      0x148 src/ASF/sam/components/display/ili93xx/ili93xx.o
 .text.ili93xx_write_register_word
                0x00400640       0x20 src/ASF/sam/components/display/ili93xx/ili93xx.o
 .text.ili93xx_write_register
                0x00400660       0x64 src/ASF/sam/components/display/ili93xx/ili93xx.o
 .text.ili93xx_read_register
                0x004006c4       0x64 src/ASF/sam/components/display/ili93xx/ili93xx.o
 .text.ili93xx_delay
                0x00400728       0x44 src/ASF/sam/components/display/ili93xx/ili93xx.o
 .text.ili93xx_check_box_coordinates
                0x0040076c       0x64 src/ASF/sam/components/display/ili93xx/ili93xx.o
 .text.ili93xx_device_type_identify
                0x004007d0       0x88 src/ASF/sam/components/display/ili93xx/ili93xx.o
                0x004007d0                ili93xx_device_type_identify
 .text.ili93xx_display_on
                0x00400858       0x40 src/ASF/sam/components/display/ili93xx/ili93xx.o
                0x00400858                ili93xx_display_on
 .text.ili93xx_set_foreground_color
                0x00400898       0x24 src/ASF/sam/components/display/ili93xx/ili93xx.o
                0x00400898                ili93xx_set_foreground_color
 .text.ili93xx_set_window
                0x004008bc       0xd0 src/ASF/sam/components/display/ili93xx/ili93xx.o
                0x004008bc                ili93xx_set_window
 .text.ili93xx_set_cursor_position
                0x0040098c       0x30 src/ASF/sam/components/display/ili93xx/ili93xx.o
                0x0040098c                ili93xx_set_cursor_position
 .text.ili93xx_init
                0x004009bc      0x4f8 src/ASF/sam/components/display/ili93xx/ili93xx.o
                0x004009bc                ili93xx_init
 .text.ili93xx_draw_pixel
                0x00400eb4       0xa8 src/ASF/sam/components/display/ili93xx/ili93xx.o
                0x00400eb4                ili93xx_draw_pixel
 .text.ili93xx_draw_filled_rectangle
                0x00400f5c      0x128 src/ASF/sam/components/display/ili93xx/ili93xx.o
                0x00400f5c                ili93xx_draw_filled_rectangle
 .text.ili93xx_draw_line
                0x00401084      0x1a0 src/ASF/sam/components/display/ili93xx/ili93xx.o
                0x00401084                ili93xx_draw_line
 .text.ili93xx_draw_circle
                0x00401224       0xb4 src/ASF/sam/components/display/ili93xx/ili93xx.o
                0x00401224                ili93xx_draw_circle
 .text.ili93xx_draw_string
                0x004012d8      0x1a8 src/ASF/sam/components/display/ili93xx/ili93xx.o
                0x004012d8                ili93xx_draw_string
 .text.smc_set_setup_timing
                0x00401480        0x8 src/ASF/sam/drivers/ebi/smc/smc.o
                0x00401480                smc_set_setup_timing
 .text.smc_set_pulse_timing
                0x00401488        0x8 src/ASF/sam/drivers/ebi/smc/smc.o
                0x00401488                smc_set_pulse_timing
 .text.smc_set_cycle_timing
                0x00401490        0x8 src/ASF/sam/drivers/ebi/smc/smc.o
                0x00401490                smc_set_cycle_timing
 .text.smc_set_mode
                0x00401498        0x8 src/ASF/sam/drivers/ebi/smc/smc.o
                0x00401498                smc_set_mode
 .text.pio_pull_up
                0x004014a0        0xc src/ASF/sam/drivers/pio/pio.o
                0x004014a0                pio_pull_up
 .text.pio_set_peripheral
                0x004014ac       0x98 src/ASF/sam/drivers/pio/pio.o
                0x004014ac                pio_set_peripheral
 .text.pio_disable_interrupt
                0x00401544        0x4 src/ASF/sam/drivers/pio/pio.o
                0x00401544                pio_disable_interrupt
 .text.pio_set_output
                0x00401548       0x3c src/ASF/sam/drivers/pio/pio.o
                0x00401548                pio_set_output
 .text.pio_set_input
                0x00401584       0x4c src/ASF/sam/drivers/pio/pio.o
                0x00401584                pio_set_input
 .text.pio_get_interrupt_status
                0x004015d0        0x4 src/ASF/sam/drivers/pio/pio.o
                0x004015d0                pio_get_interrupt_status
 .text.pio_get_interrupt_mask
                0x004015d4        0x4 src/ASF/sam/drivers/pio/pio.o
                0x004015d4                pio_get_interrupt_mask
 .text.pio_configure_pin
                0x004015d8      0x178 src/ASF/sam/drivers/pio/pio.o
                0x004015d8                pio_configure_pin
 .text.pio_configure_pin_group
                0x00401750      0x124 src/ASF/sam/drivers/pio/pio.o
                0x00401750                pio_configure_pin_group
 .text.pio_handler_process
                0x00401874       0x74 src/ASF/sam/drivers/pio/pio_handler.o
                0x00401874                pio_handler_process
 .text.PIOA_Handler
                0x004018e8       0x1c src/ASF/sam/drivers/pio/pio_handler.o
                0x004018e8                PIOA_Handler
 .text.PIOB_Handler
                0x00401904       0x1c src/ASF/sam/drivers/pio/pio_handler.o
                0x00401904                PIOB_Handler
 .text.PIOC_Handler
                0x00401920       0x1c src/ASF/sam/drivers/pio/pio_handler.o
                0x00401920                PIOC_Handler
 .text.pmc_switch_mck_to_pllack
                0x0040193c       0xa0 src/ASF/sam/drivers/pmc/pmc.o
                0x0040193c                pmc_switch_mck_to_pllack
 .text.pmc_switch_mainck_to_xtal
                0x004019dc       0x70 src/ASF/sam/drivers/pmc/pmc.o
                0x004019dc                pmc_switch_mainck_to_xtal
 .text.pmc_osc_is_ready_mainck
                0x00401a4c       0x10 src/ASF/sam/drivers/pmc/pmc.o
                0x00401a4c                pmc_osc_is_ready_mainck
 .text.pmc_disable_pllack
                0x00401a5c       0x10 src/ASF/sam/drivers/pmc/pmc.o
                0x00401a5c                pmc_disable_pllack
 .text.pmc_is_locked_pllack
                0x00401a6c       0x10 src/ASF/sam/drivers/pmc/pmc.o
                0x00401a6c                pmc_is_locked_pllack
 .text.pmc_enable_periph_clk
                0x00401a7c       0x84 src/ASF/sam/drivers/pmc/pmc.o
                0x00401a7c                pmc_enable_periph_clk
 .text.uart_init
                0x00401b00       0x44 src/ASF/sam/drivers/uart/uart.o
                0x00401b00                uart_init
 .text.uart_write
                0x00401b44       0x18 src/ASF/sam/drivers/uart/uart.o
                0x00401b44                uart_write
 .text.uart_read
                0x00401b5c       0x18 src/ASF/sam/drivers/uart/uart.o
                0x00401b5c                uart_read
 .text.usart_write
                0x00401b74       0x20 src/ASF/sam/drivers/usart/usart.o
                0x00401b74                usart_write
 .text.usart_read
                0x00401b94       0x20 src/ASF/sam/drivers/usart/usart.o
                0x00401b94                usart_read
 .text.Dummy_Handler
                0x00401bb4        0x4 src/ASF/sam/utils/cmsis/sam4s/source/templates/gcc/startup_sam4s.o
                0x00401bb4                DACC_Handler
                0x00401bb4                DebugMon_Handler
                0x00401bb4                HardFault_Handler
                0x00401bb4                TC2_Handler
                0x00401bb4                SPI_Handler
                0x00401bb4                SysTick_Handler
                0x00401bb4                TWI1_Handler
                0x00401bb4                PendSV_Handler
                0x00401bb4                NMI_Handler
                0x00401bb4                ADC_Handler
                0x00401bb4                CRCCU_Handler
                0x00401bb4                USART0_Handler
                0x00401bb4                RTT_Handler
                0x00401bb4                EFC1_Handler
                0x00401bb4                RTC_Handler
                0x00401bb4                UsageFault_Handler
                0x00401bb4                WDT_Handler
                0x00401bb4                TC4_Handler
                0x00401bb4                TC1_Handler
                0x00401bb4                HSMCI_Handler
                0x00401bb4                UART1_Handler
                0x00401bb4                TC3_Handler
                0x00401bb4                Dummy_Handler
                0x00401bb4                TWI0_Handler
                0x00401bb4                USART1_Handler
                0x00401bb4                SSC_Handler
                0x00401bb4                EFC0_Handler
                0x00401bb4                ACC_Handler
                0x00401bb4                PMC_Handler
                0x00401bb4                PWM_Handler
                0x00401bb4                MemManage_Handler
                0x00401bb4                SUPC_Handler
                0x00401bb4                SVC_Handler
                0x00401bb4                UART0_Handler
                0x00401bb4                UDP_Handler
                0x00401bb4                BusFault_Handler
                0x00401bb4                RSTC_Handler
                0x00401bb4                TC0_Handler
                0x00401bb4                TC5_Handler
 .text.Reset_Handler
                0x00401bb8      0x164 src/ASF/sam/utils/cmsis/sam4s/source/templates/gcc/startup_sam4s.o
                0x00401bb8                Reset_Handler
 .text.SystemCoreClockUpdate
                0x00401d1c      0x1b8 src/ASF/sam/utils/cmsis/sam4s/source/templates/system_sam4s.o
                0x00401d1c                SystemCoreClockUpdate
 .text.system_init_flash
                0x00401ed4       0xe8 src/ASF/sam/utils/cmsis/sam4s/source/templates/system_sam4s.o
                0x00401ed4                system_init_flash
 .text._sbrk    0x00401fbc       0x4c src/ASF/sam/utils/syscalls/gcc/syscalls.o
                0x00401fbc                _sbrk
 .text._close   0x00402008        0x8 src/ASF/sam/utils/syscalls/gcc/syscalls.o
                0x00402008                _close
 .text._lseek   0x00402010        0x8 src/ASF/sam/utils/syscalls/gcc/syscalls.o
                0x00402010                _lseek
 .text.usart_serial_getchar
                0x00402018       0xb8 src/ili93xx_example.o
 .text.usart_serial_putchar
                0x004020d0       0xbc src/ili93xx_example.o
 .text.main     0x0040218c      0x20c src/ili93xx_example.o
                0x0040218c                main
 .text          0x00402398       0x9c c:/program files (x86)/atmel/atmel toolchain/arm gcc/native/4.7.1416/arm-gnu-toolchain/bin/../lib/gcc/arm-none-eabi/4.7.4/../../../../arm-none-eabi/lib/armv7e-m\libc.a(lib_a-__atexit.o)
                0x00402398                __register_exitproc
 .text          0x00402434       0x2c c:/program files (x86)/atmel/atmel toolchain/arm gcc/native/4.7.1416/arm-gnu-toolchain/bin/../lib/gcc/arm-none-eabi/4.7.4/../../../../arm-none-eabi/lib/armv7e-m\libc.a(lib_a-fini.o)
                0x00402434                __libc_fini_array
 .text          0x00402460       0x4c c:/program files (x86)/atmel/atmel toolchain/arm gcc/native/4.7.1416/arm-gnu-toolchain/bin/../lib/gcc/arm-none-eabi/4.7.4/../../../../arm-none-eabi/lib/armv7e-m\libc.a(lib_a-init.o)
                0x00402460                __libc_init_array
 .text          0x004024ac       0x10 c:/program files (x86)/atmel/atmel toolchain/arm gcc/native/4.7.1416/arm-gnu-toolchain/bin/../lib/gcc/arm-none-eabi/4.7.4/../../../../arm-none-eabi/lib/armv7e-m\libc.a(lib_a-memset.o)
                0x004024ac                memset
 .text          0x004024bc       0x10 c:/program files (x86)/atmel/atmel toolchain/arm gcc/native/4.7.1416/arm-gnu-toolchain/bin/../lib/gcc/arm-none-eabi/4.7.4/../../../../arm-none-eabi/lib/armv7e-m\libc.a(lib_a-setbuf.o)
                0x004024bc                setbuf
 .text          0x004024cc       0xec c:/program files (x86)/atmel/atmel toolchain/arm gcc/native/4.7.1416/arm-gnu-toolchain/bin/../lib/gcc/arm-none-eabi/4.7.4/../../../../arm-none-eabi/lib/armv7e-m\libc.a(lib_a-setvbuf.o)
                0x004024cc                setvbuf
 .text.startup  0x004025b8       0x14 c:/program files (x86)/atmel/atmel toolchain/arm gcc/native/4.7.1416/arm-gnu-toolchain/bin/../lib/gcc/arm-none-eabi/4.7.4/../../../../arm-none-eabi/lib/armv7e-m\libc.a(lib_a-__call_atexit.o)
 .text          0x004025cc        0xc c:/program files (x86)/atmel/atmel toolchain/arm gcc/native/4.7.1416/arm-gnu-toolchain/bin/../lib/gcc/arm-none-eabi/4.7.4/../../../../arm-none-eabi/lib/armv7e-m\libc.a(lib_a-atexit.o)
                0x004025cc                atexit
 .text          0x004025d8      0x154 c:/program files (x86)/atmel/atmel toolchain/arm gcc/native/4.7.1416/arm-gnu-toolchain/bin/../lib/gcc/arm-none-eabi/4.7.4/../../../../arm-none-eabi/lib/armv7e-m\libc.a(lib_a-fflush.o)
                0x004025d8                _fflush_r
                0x00402708                fflush
 .text          0x0040272c      0x18c c:/program files (x86)/atmel/atmel toolchain/arm gcc/native/4.7.1416/arm-gnu-toolchain/bin/../lib/gcc/arm-none-eabi/4.7.4/../../../../arm-none-eabi/lib/armv7e-m\libc.a(lib_a-findfp.o)
                0x00402734                _cleanup_r
                0x00402788                __sfmoreglue
                0x004027b2                _cleanup
                0x004027c0                __sinit
                0x0040280c                __sfp
                0x00402888                __sfp_lock_acquire
                0x0040288a                __sfp_lock_release
                0x0040288c                __sinit_lock_acquire
                0x0040288e                __sinit_lock_release
                0x00402890                __fp_lock_all
                0x004028a4                __fp_unlock_all
 .text          0x004028b8      0x208 c:/program files (x86)/atmel/atmel toolchain/arm gcc/native/4.7.1416/arm-gnu-toolchain/bin/../lib/gcc/arm-none-eabi/4.7.4/../../../../arm-none-eabi/lib/armv7e-m\libc.a(lib_a-freer.o)
                0x004028b8                _malloc_trim_r
                0x00402954                _free_r
 .text          0x00402ac0       0x86 c:/program files (x86)/atmel/atmel toolchain/arm gcc/native/4.7.1416/arm-gnu-toolchain/bin/../lib/gcc/arm-none-eabi/4.7.4/../../../../arm-none-eabi/lib/armv7e-m\libc.a(lib_a-fwalk.o)
                0x00402ac0                _fwalk
                0x00402b02                _fwalk_reent
 *fill*         0x00402b46        0x2 00
 .text          0x00402b48       0x20 c:/program files (x86)/atmel/atmel toolchain/arm gcc/native/4.7.1416/arm-gnu-toolchain/bin/../lib/gcc/arm-none-eabi/4.7.4/../../../../arm-none-eabi/lib/armv7e-m\libc.a(lib_a-malloc.o)
                0x00402b48                malloc
                0x00402b58                free
 .text          0x00402b68      0x404 c:/program files (x86)/atmel/atmel toolchain/arm gcc/native/4.7.1416/arm-gnu-toolchain/bin/../lib/gcc/arm-none-eabi/4.7.4/../../../../arm-none-eabi/lib/armv7e-m\libc.a(lib_a-mallocr.o)
                0x00402b68                _malloc_r
 .text          0x00402f6c        0x4 c:/program files (x86)/atmel/atmel toolchain/arm gcc/native/4.7.1416/arm-gnu-toolchain/bin/../lib/gcc/arm-none-eabi/4.7.4/../../../../arm-none-eabi/lib/armv7e-m\libc.a(lib_a-mlock.o)
                0x00402f6c                __malloc_lock
                0x00402f6e                __malloc_unlock
 .text          0x00402f70       0x20 c:/program files (x86)/atmel/atmel toolchain/arm gcc/native/4.7.1416/arm-gnu-toolchain/bin/../lib/gcc/arm-none-eabi/4.7.4/../../../../arm-none-eabi/lib/armv7e-m\libc.a(lib_a-sbrkr.o)
                0x00402f70                _sbrk_r
 .text          0x00402f90       0x8e c:/program files (x86)/atmel/atmel toolchain/arm gcc/native/4.7.1416/arm-gnu-toolchain/bin/../lib/gcc/arm-none-eabi/4.7.4/../../../../arm-none-eabi/lib/armv7e-m\libc.a(lib_a-stdio.o)
                0x00402f90                __sread
                0x00402fb2                __seofread
                0x00402fb6                __swrite
                0x00402ff2                __sseek
                0x00403016                __sclose
 *fill*         0x0040301e        0x2 00
 .text          0x00403020       0x24 c:/program files (x86)/atmel/atmel toolchain/arm gcc/native/4.7.1416/arm-gnu-toolchain/bin/../lib/gcc/arm-none-eabi/4.7.4/../../../../arm-none-eabi/lib/armv7e-m\libc.a(lib_a-writer.o)
                0x00403020                _write_r
 .text          0x00403044       0x20 c:/program files (x86)/atmel/atmel toolchain/arm gcc/native/4.7.1416/arm-gnu-toolchain/bin/../lib/gcc/arm-none-eabi/4.7.4/../../../../arm-none-eabi/lib/armv7e-m\libc.a(lib_a-closer.o)
                0x00403044                _close_r
 .text          0x00403064       0x94 c:/program files (x86)/atmel/atmel toolchain/arm gcc/native/4.7.1416/arm-gnu-toolchain/bin/../lib/gcc/arm-none-eabi/4.7.4/../../../../arm-none-eabi/lib/armv7e-m\libc.a(lib_a-fclose.o)
                0x00403064                _fclose_r
                0x004030e8                fclose
 .text          0x004030f8       0x24 c:/program files (x86)/atmel/atmel toolchain/arm gcc/native/4.7.1416/arm-gnu-toolchain/bin/../lib/gcc/arm-none-eabi/4.7.4/../../../../arm-none-eabi/lib/armv7e-m\libc.a(lib_a-lseekr.o)
                0x004030f8                _lseek_r
 .text          0x0040311c       0x24 c:/program files (x86)/atmel/atmel toolchain/arm gcc/native/4.7.1416/arm-gnu-toolchain/bin/../lib/gcc/arm-none-eabi/4.7.4/../../../../arm-none-eabi/lib/armv7e-m\libc.a(lib_a-readr.o)
                0x0040311c                _read_r
 *(.glue_7t)
 .glue_7t       0x00000000        0x0 linker stubs
 *(.glue_7)
 .glue_7        0x00000000        0x0 linker stubs
 *(.rodata .rodata* .gnu.linkonce.r.*)
 .rodata.p_uc_charset10x14
                0x00403140      0x780 src/ASF/sam/components/display/ili93xx/ili93xx.o
                0x00403140                p_uc_charset10x14
 .rodata.str1.4
                0x004038c0       0x14 src/ili93xx_example.o
 .rodata        0x004038d4        0x4 c:/program files (x86)/atmel/atmel toolchain/arm gcc/native/4.7.1416/arm-gnu-toolchain/bin/../lib/gcc/arm-none-eabi/4.7.4/../../../../arm-none-eabi/lib/armv7e-m\libc.a(lib_a-impure.o)
                0x004038d4                _global_impure_ptr
 .rodata.str1.1
                0x004038d8        0x2 c:/program files (x86)/atmel/atmel toolchain/arm gcc/native/4.7.1416/arm-gnu-toolchain/bin/../lib/gcc/arm-none-eabi/4.7.4/../../../../arm-none-eabi/lib/armv7e-m\libc.a(lib_a-impure.o)
 *(.ARM.extab* .gnu.linkonce.armextab.*)
                0x004038dc                . = ALIGN (0x4)
 *fill*         0x004038da        0x2 00
 *(.init)
 .init          0x004038dc        0x4 c:/program files (x86)/atmel/atmel toolchain/arm gcc/native/4.7.1416/arm-gnu-toolchain/bin/../lib/gcc/arm-none-eabi/4.7.4/armv7e-m/crti.o
                0x004038dc                _init
 .init          0x004038e0        0x8 c:/program files (x86)/atmel/atmel toolchain/arm gcc/native/4.7.1416/arm-gnu-toolchain/bin/../lib/gcc/arm-none-eabi/4.7.4/armv7e-m/crtn.o
                0x004038e8                . = ALIGN (0x4)
                0x004038e8                __preinit_array_start = .
 *(.preinit_array)
                0x004038e8                __preinit_array_end = .
                0x004038e8                . = ALIGN (0x4)
                0x004038e8                __init_array_start = .
 *(SORT(.init_array.*))
 .init_array.00000
                0x004038e8        0x4 c:/program files (x86)/atmel/atmel toolchain/arm gcc/native/4.7.1416/arm-gnu-toolchain/bin/../lib/gcc/arm-none-eabi/4.7.4/../../../../arm-none-eabi/lib/armv7e-m\libc.a(lib_a-__call_atexit.o)
 *(.init_array)
 .init_array    0x004038ec        0x4 c:/program files (x86)/atmel/atmel toolchain/arm gcc/native/4.7.1416/arm-gnu-toolchain/bin/../lib/gcc/arm-none-eabi/4.7.4/armv7e-m/crtbegin.o
                0x004038f0                __init_array_end = .
                0x004038f0                . = ALIGN (0x4)
 *crtbegin.o(.ctors)
 *(EXCLUDE_FILE(*crtend.o) .ctors)
 *(SORT(.ctors.*))
 *crtend.o(.ctors)
                0x004038f0                . = ALIGN (0x4)
 *(.fini)
 .fini          0x004038f0        0x4 c:/program files (x86)/atmel/atmel toolchain/arm gcc/native/4.7.1416/arm-gnu-toolchain/bin/../lib/gcc/arm-none-eabi/4.7.4/armv7e-m/crti.o
                0x004038f0                _fini
 .fini          0x004038f4        0x8 c:/program files (x86)/atmel/atmel toolchain/arm gcc/native/4.7.1416/arm-gnu-toolchain/bin/../lib/gcc/arm-none-eabi/4.7.4/armv7e-m/crtn.o
                0x004038fc                . = ALIGN (0x4)
                0x004038fc                __fini_array_start = .
 *(.fini_array)
 .fini_array    0x004038fc        0x4 c:/program files (x86)/atmel/atmel toolchain/arm gcc/native/4.7.1416/arm-gnu-toolchain/bin/../lib/gcc/arm-none-eabi/4.7.4/armv7e-m/crtbegin.o
 *(SORT(.fini_array.*))
                0x00403900                __fini_array_end = .
 *crtbegin.o(.dtors)
 *(EXCLUDE_FILE(*crtend.o) .dtors)
 *(SORT(.dtors.*))
 *crtend.o(.dtors)
                0x00403900                . = ALIGN (0x4)
                0x00403900                _efixed = .
                0x00403900                PROVIDE (__exidx_start, .)

.vfp11_veneer   0x00403900        0x0
 .vfp11_veneer  0x00000000        0x0 linker stubs

.v4_bx          0x00403900        0x0
 .v4_bx         0x00000000        0x0 linker stubs

.iplt           0x00403900        0x0
 .iplt          0x00000000        0x0 c:/program files (x86)/atmel/atmel toolchain/arm gcc/native/4.7.1416/arm-gnu-toolchain/bin/../lib/gcc/arm-none-eabi/4.7.4/armv7e-m/crtbegin.o

.eh_frame       0x00403900        0x0
 .eh_frame      0x00403900        0x0 c:/program files (x86)/atmel/atmel toolchain/arm gcc/native/4.7.1416/arm-gnu-toolchain/bin/../lib/gcc/arm-none-eabi/4.7.4/armv7e-m/crtbegin.o

.rel.dyn        0x00403900        0x0
 .rel.iplt      0x00000000        0x0 c:/program files (x86)/atmel/atmel toolchain/arm gcc/native/4.7.1416/arm-gnu-toolchain/bin/../lib/gcc/arm-none-eabi/4.7.4/armv7e-m/crtbegin.o

.jcr            0x00403900        0x0
 .jcr           0x00403900        0x0 c:/program files (x86)/atmel/atmel toolchain/arm gcc/native/4.7.1416/arm-gnu-toolchain/bin/../lib/gcc/arm-none-eabi/4.7.4/armv7e-m/crtbegin.o

.tm_clone_table
                0x00403900        0x0
 .tm_clone_table
                0x00403900        0x0 c:/program files (x86)/atmel/atmel toolchain/arm gcc/native/4.7.1416/arm-gnu-toolchain/bin/../lib/gcc/arm-none-eabi/4.7.4/armv7e-m/crtbegin.o
 .tm_clone_table
                0x00403900        0x0 c:/program files (x86)/atmel/atmel toolchain/arm gcc/native/4.7.1416/arm-gnu-toolchain/bin/../lib/gcc/arm-none-eabi/4.7.4/armv7e-m/crtend.o

.igot.plt       0x00403900        0x0
 .igot.plt      0x00000000        0x0 c:/program files (x86)/atmel/atmel toolchain/arm gcc/native/4.7.1416/arm-gnu-toolchain/bin/../lib/gcc/arm-none-eabi/4.7.4/armv7e-m/crtbegin.o

.ARM.exidx
 *(.ARM.exidx* .gnu.linkonce.armexidx.*)
                0x00403900                PROVIDE (__exidx_end, .)
                0x00403900                . = ALIGN (0x4)
                0x00403900                _etext = .

.relocate       0x20000000      0x850 load address 0x00403900
                0x20000000                . = ALIGN (0x4)
                0x20000000                _srelocate = .
 *(.ramfunc .ramfunc.*)
 *(.data .data.*)
 .data.g_ul_lcd_x_length
                0x20000000        0x4 src/ASF/sam/components/display/ili93xx/ili93xx.o
 .data.g_ul_lcd_y_length
                0x20000004        0x4 src/ASF/sam/components/display/ili93xx/ili93xx.o
 .data.SystemCoreClock
                0x20000008        0x4 src/ASF/sam/utils/cmsis/sam4s/source/templates/system_sam4s.o
                0x20000008                SystemCoreClock
 *fill*         0x2000000c        0x4 00
 .data          0x20000010      0x430 c:/program files (x86)/atmel/atmel toolchain/arm gcc/native/4.7.1416/arm-gnu-toolchain/bin/../lib/gcc/arm-none-eabi/4.7.4/../../../../arm-none-eabi/lib/armv7e-m\libc.a(lib_a-impure.o)
                0x20000010                _impure_ptr
 .data          0x20000440      0x410 c:/program files (x86)/atmel/atmel toolchain/arm gcc/native/4.7.1416/arm-gnu-toolchain/bin/../lib/gcc/arm-none-eabi/4.7.4/../../../../arm-none-eabi/lib/armv7e-m\libc.a(lib_a-mallocr.o)
                0x20000440                __malloc_av_
                0x20000848                __malloc_sbrk_base
                0x2000084c                __malloc_trim_threshold
                0x20000850                . = ALIGN (0x4)
                0x20000850                _erelocate = .

.bss            0x20000850      0x4b0 load address 0x00404150
                0x20000850                . = ALIGN (0x4)
                0x20000850                _sbss = .
                0x20000850                _szero = .
 *(.bss .bss.*)
 .bss           0x20000850       0x1c c:/program files (x86)/atmel/atmel toolchain/arm gcc/native/4.7.1416/arm-gnu-toolchain/bin/../lib/gcc/arm-none-eabi/4.7.4/armv7e-m/crtbegin.o
 .bss.g_ul_pixel_cache
                0x2000086c      0x3c0 src/ASF/sam/components/display/ili93xx/ili93xx.o
 .bss.g_uc_device_type
                0x20000c2c        0x1 src/ASF/sam/components/display/ili93xx/ili93xx.o
 *fill*         0x20000c2d        0x3 00
 .bss.pio_capture_handler
                0x20000c30        0x4 src/ASF/sam/drivers/pio/pio_handler.o
 .bss.gs_interrupt_sources
                0x20000c34       0x70 src/ASF/sam/drivers/pio/pio_handler.o
 .bss.heap.5085
                0x20000ca4        0x4 src/ASF/sam/utils/syscalls/gcc/syscalls.o
 .bss           0x20000ca8       0x34 c:/program files (x86)/atmel/atmel toolchain/arm gcc/native/4.7.1416/arm-gnu-toolchain/bin/../lib/gcc/arm-none-eabi/4.7.4/../../../../arm-none-eabi/lib/armv7e-m\libc.a(lib_a-mallocr.o)
                0x20000ca8                __malloc_top_pad
                0x20000cac                __malloc_current_mallinfo
                0x20000cd4                __malloc_max_sbrked_mem
                0x20000cd8                __malloc_max_total_mem
 *(COMMON)
 COMMON         0x20000cdc        0x4 src/ASF/common/utils/stdio/read.o
                0x20000cdc                ptr_get
 COMMON         0x20000ce0        0x8 src/ASF/common/utils/stdio/write.o
                0x20000ce0                ptr_put
                0x20000ce4                stdio_base
 COMMON         0x20000ce8        0x4 src/ASF/sam/drivers/pio/pio.o
                0x20000ce8                pio_capture_enable_flag
 COMMON         0x20000cec       0x10 src/ili93xx_example.o
                0x20000cec                g_ili93xx_display_opt
 COMMON         0x20000cfc        0x4 c:/program files (x86)/atmel/atmel toolchain/arm gcc/native/4.7.1416/arm-gnu-toolchain/bin/../lib/gcc/arm-none-eabi/4.7.4/../../../../arm-none-eabi/lib/armv7e-m\libc.a(lib_a-reent.o)
                0x20000cfc                errno
                0x20000d00                . = ALIGN (0x4)
                0x20000d00                _ebss = .
                0x20000d00                _ezero = .

.stack          0x20000d00     0x3000 load address 0x00404600
                0x20000d00                . = ALIGN (0x8)
                0x20000d00                _sstack = .
                0x20003d00                . = (. + __stack_size__)
 *fill*         0x20000d00     0x3000 00
                0x20003d00                . = ALIGN (0x8)
                0x20003d00                _estack = .
                0x20003d00                . = ALIGN (0x4)
                0x20003d00                _end = .
OUTPUT(ILI93XX_EXAMPLE2.elf elf32-littlearm)

.ARM.attributes
                0x00000000       0x2a
 .ARM.attributes
                0x00000000       0x1e c:/program files (x86)/atmel/atmel toolchain/arm gcc/native/4.7.1416/arm-gnu-toolchain/bin/../lib/gcc/arm-none-eabi/4.7.4/armv7e-m/crti.o
 .ARM.attributes
                0x0000001e       0x2e c:/program files (x86)/atmel/atmel toolchain/arm gcc/native/4.7.1416/arm-gnu-toolchain/bin/../lib/gcc/arm-none-eabi/4.7.4/armv7e-m/crtbegin.o
 .ARM.attributes
                0x0000004c       0x33 src/ASF/common/services/clock/sam4s/sysclk.o
 .ARM.attributes
                0x0000007f       0x33 src/ASF/common/utils/stdio/read.o
 .ARM.attributes
                0x000000b2       0x33 src/ASF/common/utils/stdio/write.o
 .ARM.attributes
                0x000000e5       0x33 src/ASF/sam/boards/sam4s_ek2/init.o
 .ARM.attributes
                0x00000118       0x33 src/ASF/sam/components/display/aat31xx/aat31xx.o
 .ARM.attributes
                0x0000014b       0x33 src/ASF/sam/components/display/ili93xx/ili93xx.o
 .ARM.attributes
                0x0000017e       0x33 src/ASF/sam/drivers/ebi/smc/smc.o
 .ARM.attributes
                0x000001b1       0x33 src/ASF/sam/drivers/pio/pio.o
 .ARM.attributes
                0x000001e4       0x33 src/ASF/sam/drivers/pio/pio_handler.o
 .ARM.attributes
                0x00000217       0x33 src/ASF/sam/drivers/pmc/pmc.o
 .ARM.attributes
                0x0000024a       0x33 src/ASF/sam/drivers/uart/uart.o
 .ARM.attributes
                0x0000027d       0x33 src/ASF/sam/drivers/usart/usart.o
 .ARM.attributes
                0x000002b0       0x33 src/ASF/sam/utils/cmsis/sam4s/source/templates/gcc/startup_sam4s.o
 .ARM.attributes
                0x000002e3       0x33 src/ASF/sam/utils/cmsis/sam4s/source/templates/system_sam4s.o
 .ARM.attributes
                0x00000316       0x33 src/ASF/sam/utils/syscalls/gcc/syscalls.o
 .ARM.attributes
                0x00000349       0x33 src/ili93xx_example.o
 .ARM.attributes
                0x0000037c       0x2e c:/program files (x86)/atmel/atmel toolchain/arm gcc/native/4.7.1416/arm-gnu-toolchain/bin/../lib/gcc/arm-none-eabi/4.7.4/../../../../arm-none-eabi/lib/armv7e-m\libc.a(lib_a-__atexit.o)
 .ARM.attributes
                0x000003aa       0x2e c:/program files (x86)/atmel/atmel toolchain/arm gcc/native/4.7.1416/arm-gnu-toolchain/bin/../lib/gcc/arm-none-eabi/4.7.4/../../../../arm-none-eabi/lib/armv7e-m\libc.a(lib_a-fini.o)
 .ARM.attributes
                0x000003d8       0x2e c:/program files (x86)/atmel/atmel toolchain/arm gcc/native/4.7.1416/arm-gnu-toolchain/bin/../lib/gcc/arm-none-eabi/4.7.4/../../../../arm-none-eabi/lib/armv7e-m\libc.a(lib_a-impure.o)
 .ARM.attributes
                0x00000406       0x2e c:/program files (x86)/atmel/atmel toolchain/arm gcc/native/4.7.1416/arm-gnu-toolchain/bin/../lib/gcc/arm-none-eabi/4.7.4/../../../../arm-none-eabi/lib/armv7e-m\libc.a(lib_a-init.o)
 .ARM.attributes
                0x00000434       0x2e c:/program files (x86)/atmel/atmel toolchain/arm gcc/native/4.7.1416/arm-gnu-toolchain/bin/../lib/gcc/arm-none-eabi/4.7.4/../../../../arm-none-eabi/lib/armv7e-m\libc.a(lib_a-memset.o)
 .ARM.attributes
                0x00000462       0x2e c:/program files (x86)/atmel/atmel toolchain/arm gcc/native/4.7.1416/arm-gnu-toolchain/bin/../lib/gcc/arm-none-eabi/4.7.4/../../../../arm-none-eabi/lib/armv7e-m\libc.a(lib_a-setbuf.o)
 .ARM.attributes
                0x00000490       0x2e c:/program files (x86)/atmel/atmel toolchain/arm gcc/native/4.7.1416/arm-gnu-toolchain/bin/../lib/gcc/arm-none-eabi/4.7.4/../../../../arm-none-eabi/lib/armv7e-m\libc.a(lib_a-setvbuf.o)
 .ARM.attributes
                0x000004be       0x2e c:/program files (x86)/atmel/atmel toolchain/arm gcc/native/4.7.1416/arm-gnu-toolchain/bin/../lib/gcc/arm-none-eabi/4.7.4/../../../../arm-none-eabi/lib/armv7e-m\libc.a(lib_a-__call_atexit.o)
 .ARM.attributes
                0x000004ec       0x2e c:/program files (x86)/atmel/atmel toolchain/arm gcc/native/4.7.1416/arm-gnu-toolchain/bin/../lib/gcc/arm-none-eabi/4.7.4/../../../../arm-none-eabi/lib/armv7e-m\libc.a(lib_a-atexit.o)
 .ARM.attributes
                0x0000051a       0x2e c:/program files (x86)/atmel/atmel toolchain/arm gcc/native/4.7.1416/arm-gnu-toolchain/bin/../lib/gcc/arm-none-eabi/4.7.4/../../../../arm-none-eabi/lib/armv7e-m\libc.a(lib_a-fflush.o)
 .ARM.attributes
                0x00000548       0x2e c:/program files (x86)/atmel/atmel toolchain/arm gcc/native/4.7.1416/arm-gnu-toolchain/bin/../lib/gcc/arm-none-eabi/4.7.4/../../../../arm-none-eabi/lib/armv7e-m\libc.a(lib_a-findfp.o)
 .ARM.attributes
                0x00000576       0x2e c:/program files (x86)/atmel/atmel toolchain/arm gcc/native/4.7.1416/arm-gnu-toolchain/bin/../lib/gcc/arm-none-eabi/4.7.4/../../../../arm-none-eabi/lib/armv7e-m\libc.a(lib_a-freer.o)
 .ARM.attributes
                0x000005a4       0x2e c:/program files (x86)/atmel/atmel toolchain/arm gcc/native/4.7.1416/arm-gnu-toolchain/bin/../lib/gcc/arm-none-eabi/4.7.4/../../../../arm-none-eabi/lib/armv7e-m\libc.a(lib_a-fwalk.o)
 .ARM.attributes
                0x000005d2       0x2e c:/program files (x86)/atmel/atmel toolchain/arm gcc/native/4.7.1416/arm-gnu-toolchain/bin/../lib/gcc/arm-none-eabi/4.7.4/../../../../arm-none-eabi/lib/armv7e-m\libc.a(lib_a-malloc.o)
 .ARM.attributes
                0x00000600       0x2e c:/program files (x86)/atmel/atmel toolchain/arm gcc/native/4.7.1416/arm-gnu-toolchain/bin/../lib/gcc/arm-none-eabi/4.7.4/../../../../arm-none-eabi/lib/armv7e-m\libc.a(lib_a-mallocr.o)
 .ARM.attributes
                0x0000062e       0x2e c:/program files (x86)/atmel/atmel toolchain/arm gcc/native/4.7.1416/arm-gnu-toolchain/bin/../lib/gcc/arm-none-eabi/4.7.4/../../../../arm-none-eabi/lib/armv7e-m\libc.a(lib_a-mlock.o)
 .ARM.attributes
                0x0000065c       0x2e c:/program files (x86)/atmel/atmel toolchain/arm gcc/native/4.7.1416/arm-gnu-toolchain/bin/../lib/gcc/arm-none-eabi/4.7.4/../../../../arm-none-eabi/lib/armv7e-m\libc.a(lib_a-sbrkr.o)
 .ARM.attributes
                0x0000068a       0x2e c:/program files (x86)/atmel/atmel toolchain/arm gcc/native/4.7.1416/arm-gnu-toolchain/bin/../lib/gcc/arm-none-eabi/4.7.4/../../../../arm-none-eabi/lib/armv7e-m\libc.a(lib_a-stdio.o)
 .ARM.attributes
                0x000006b8       0x2e c:/program files (x86)/atmel/atmel toolchain/arm gcc/native/4.7.1416/arm-gnu-toolchain/bin/../lib/gcc/arm-none-eabi/4.7.4/../../../../arm-none-eabi/lib/armv7e-m\libc.a(lib_a-writer.o)
 .ARM.attributes
                0x000006e6       0x2e c:/program files (x86)/atmel/atmel toolchain/arm gcc/native/4.7.1416/arm-gnu-toolchain/bin/../lib/gcc/arm-none-eabi/4.7.4/../../../../arm-none-eabi/lib/armv7e-m\libc.a(lib_a-closer.o)
 .ARM.attributes
                0x00000714       0x2e c:/program files (x86)/atmel/atmel toolchain/arm gcc/native/4.7.1416/arm-gnu-toolchain/bin/../lib/gcc/arm-none-eabi/4.7.4/../../../../arm-none-eabi/lib/armv7e-m\libc.a(lib_a-fclose.o)
 .ARM.attributes
                0x00000742       0x2e c:/program files (x86)/atmel/atmel toolchain/arm gcc/native/4.7.1416/arm-gnu-toolchain/bin/../lib/gcc/arm-none-eabi/4.7.4/../../../../arm-none-eabi/lib/armv7e-m\libc.a(lib_a-lseekr.o)
 .ARM.attributes
                0x00000770       0x2e c:/program files (x86)/atmel/atmel toolchain/arm gcc/native/4.7.1416/arm-gnu-toolchain/bin/../lib/gcc/arm-none-eabi/4.7.4/../../../../arm-none-eabi/lib/armv7e-m\libc.a(lib_a-readr.o)
 .ARM.attributes
                0x0000079e       0x2e c:/program files (x86)/atmel/atmel toolchain/arm gcc/native/4.7.1416/arm-gnu-toolchain/bin/../lib/gcc/arm-none-eabi/4.7.4/../../../../arm-none-eabi/lib/armv7e-m\libc.a(lib_a-reent.o)
 .ARM.attributes
                0x000007cc       0x2e c:/program files (x86)/atmel/atmel toolchain/arm gcc/native/4.7.1416/arm-gnu-toolchain/bin/../lib/gcc/arm-none-eabi/4.7.4/armv7e-m/crtend.o
 .ARM.attributes
                0x000007fa       0x1e c:/program files (x86)/atmel/atmel toolchain/arm gcc/native/4.7.1416/arm-gnu-toolchain/bin/../lib/gcc/arm-none-eabi/4.7.4/armv7e-m/crtn.o

.comment        0x00000000       0x71
 .comment       0x00000000       0x71 c:/program files (x86)/atmel/atmel toolchain/arm gcc/native/4.7.1416/arm-gnu-toolchain/bin/../lib/gcc/arm-none-eabi/4.7.4/armv7e-m/crtbegin.o
                                 0x72 (size before relaxing)
 .comment       0x00000000       0x72 src/ASF/common/services/clock/sam4s/sysclk.o
 .comment       0x00000000       0x72 src/ASF/common/utils/stdio/read.o
 .comment       0x00000000       0x72 src/ASF/common/utils/stdio/write.o
 .comment       0x00000000       0x72 src/ASF/sam/boards/sam4s_ek2/init.o
 .comment       0x00000000       0x72 src/ASF/sam/components/display/aat31xx/aat31xx.o
 .comment       0x00000000       0x72 src/ASF/sam/components/display/ili93xx/ili93xx.o
 .comment       0x00000000       0x72 src/ASF/sam/drivers/ebi/smc/smc.o
 .comment       0x00000000       0x72 src/ASF/sam/drivers/pio/pio.o
 .comment       0x00000000       0x72 src/ASF/sam/drivers/pio/pio_handler.o
 .comment       0x00000000       0x72 src/ASF/sam/drivers/pmc/pmc.o
 .comment       0x00000000       0x72 src/ASF/sam/drivers/uart/uart.o
 .comment       0x00000000       0x72 src/ASF/sam/drivers/usart/usart.o
 .comment       0x00000000       0x72 src/ASF/sam/utils/cmsis/sam4s/source/templates/gcc/startup_sam4s.o
 .comment       0x00000000       0x72 src/ASF/sam/utils/cmsis/sam4s/source/templates/system_sam4s.o
 .comment       0x00000000       0x72 src/ASF/sam/utils/syscalls/gcc/syscalls.o
 .comment       0x00000000       0x72 src/ili93xx_example.o
 .comment       0x00000000       0x72 c:/program files (x86)/atmel/atmel toolchain/arm gcc/native/4.7.1416/arm-gnu-toolchain/bin/../lib/gcc/arm-none-eabi/4.7.4/../../../../arm-none-eabi/lib/armv7e-m\libc.a(lib_a-__atexit.o)
 .comment       0x00000000       0x72 c:/program files (x86)/atmel/atmel toolchain/arm gcc/native/4.7.1416/arm-gnu-toolchain/bin/../lib/gcc/arm-none-eabi/4.7.4/../../../../arm-none-eabi/lib/armv7e-m\libc.a(lib_a-fini.o)
 .comment       0x00000000       0x72 c:/program files (x86)/atmel/atmel toolchain/arm gcc/native/4.7.1416/arm-gnu-toolchain/bin/../lib/gcc/arm-none-eabi/4.7.4/../../../../arm-none-eabi/lib/armv7e-m\libc.a(lib_a-impure.o)
 .comment       0x00000000       0x72 c:/program files (x86)/atmel/atmel toolchain/arm gcc/native/4.7.1416/arm-gnu-toolchain/bin/../lib/gcc/arm-none-eabi/4.7.4/../../../../arm-none-eabi/lib/armv7e-m\libc.a(lib_a-init.o)
 .comment       0x00000000       0x72 c:/program files (x86)/atmel/atmel toolchain/arm gcc/native/4.7.1416/arm-gnu-toolchain/bin/../lib/gcc/arm-none-eabi/4.7.4/../../../../arm-none-eabi/lib/armv7e-m\libc.a(lib_a-memset.o)
 .comment       0x00000000       0x72 c:/program files (x86)/atmel/atmel toolchain/arm gcc/native/4.7.1416/arm-gnu-toolchain/bin/../lib/gcc/arm-none-eabi/4.7.4/../../../../arm-none-eabi/lib/armv7e-m\libc.a(lib_a-setbuf.o)
 .comment       0x00000000       0x72 c:/program files (x86)/atmel/atmel toolchain/arm gcc/native/4.7.1416/arm-gnu-toolchain/bin/../lib/gcc/arm-none-eabi/4.7.4/../../../../arm-none-eabi/lib/armv7e-m\libc.a(lib_a-setvbuf.o)
 .comment       0x00000000       0x72 c:/program files (x86)/atmel/atmel toolchain/arm gcc/native/4.7.1416/arm-gnu-toolchain/bin/../lib/gcc/arm-none-eabi/4.7.4/../../../../arm-none-eabi/lib/armv7e-m\libc.a(lib_a-__call_atexit.o)
 .comment       0x00000000       0x72 c:/program files (x86)/atmel/atmel toolchain/arm gcc/native/4.7.1416/arm-gnu-toolchain/bin/../lib/gcc/arm-none-eabi/4.7.4/../../../../arm-none-eabi/lib/armv7e-m\libc.a(lib_a-atexit.o)
 .comment       0x00000000       0x72 c:/program files (x86)/atmel/atmel toolchain/arm gcc/native/4.7.1416/arm-gnu-toolchain/bin/../lib/gcc/arm-none-eabi/4.7.4/../../../../arm-none-eabi/lib/armv7e-m\libc.a(lib_a-fflush.o)
 .comment       0x00000000       0x72 c:/program files (x86)/atmel/atmel toolchain/arm gcc/native/4.7.1416/arm-gnu-toolchain/bin/../lib/gcc/arm-none-eabi/4.7.4/../../../../arm-none-eabi/lib/armv7e-m\libc.a(lib_a-findfp.o)
 .comment       0x00000000       0x72 c:/program files (x86)/atmel/atmel toolchain/arm gcc/native/4.7.1416/arm-gnu-toolchain/bin/../lib/gcc/arm-none-eabi/4.7.4/../../../../arm-none-eabi/lib/armv7e-m\libc.a(lib_a-freer.o)
 .comment       0x00000000       0x72 c:/program files (x86)/atmel/atmel toolchain/arm gcc/native/4.7.1416/arm-gnu-toolchain/bin/../lib/gcc/arm-none-eabi/4.7.4/../../../../arm-none-eabi/lib/armv7e-m\libc.a(lib_a-fwalk.o)
 .comment       0x00000000       0x72 c:/program files (x86)/atmel/atmel toolchain/arm gcc/native/4.7.1416/arm-gnu-toolchain/bin/../lib/gcc/arm-none-eabi/4.7.4/../../../../arm-none-eabi/lib/armv7e-m\libc.a(lib_a-malloc.o)
 .comment       0x00000000       0x72 c:/program files (x86)/atmel/atmel toolchain/arm gcc/native/4.7.1416/arm-gnu-toolchain/bin/../lib/gcc/arm-none-eabi/4.7.4/../../../../arm-none-eabi/lib/armv7e-m\libc.a(lib_a-mallocr.o)
 .comment       0x00000000       0x72 c:/program files (x86)/atmel/atmel toolchain/arm gcc/native/4.7.1416/arm-gnu-toolchain/bin/../lib/gcc/arm-none-eabi/4.7.4/../../../../arm-none-eabi/lib/armv7e-m\libc.a(lib_a-mlock.o)
 .comment       0x00000000       0x72 c:/program files (x86)/atmel/atmel toolchain/arm gcc/native/4.7.1416/arm-gnu-toolchain/bin/../lib/gcc/arm-none-eabi/4.7.4/../../../../arm-none-eabi/lib/armv7e-m\libc.a(lib_a-sbrkr.o)
 .comment       0x00000000       0x72 c:/program files (x86)/atmel/atmel toolchain/arm gcc/native/4.7.1416/arm-gnu-toolchain/bin/../lib/gcc/arm-none-eabi/4.7.4/../../../../arm-none-eabi/lib/armv7e-m\libc.a(lib_a-stdio.o)
 .comment       0x00000000       0x72 c:/program files (x86)/atmel/atmel toolchain/arm gcc/native/4.7.1416/arm-gnu-toolchain/bin/../lib/gcc/arm-none-eabi/4.7.4/../../../../arm-none-eabi/lib/armv7e-m\libc.a(lib_a-writer.o)
 .comment       0x00000000       0x72 c:/program files (x86)/atmel/atmel toolchain/arm gcc/native/4.7.1416/arm-gnu-toolchain/bin/../lib/gcc/arm-none-eabi/4.7.4/../../../../arm-none-eabi/lib/armv7e-m\libc.a(lib_a-closer.o)
 .comment       0x00000000       0x72 c:/program files (x86)/atmel/atmel toolchain/arm gcc/native/4.7.1416/arm-gnu-toolchain/bin/../lib/gcc/arm-none-eabi/4.7.4/../../../../arm-none-eabi/lib/armv7e-m\libc.a(lib_a-fclose.o)
 .comment       0x00000000       0x72 c:/program files (x86)/atmel/atmel toolchain/arm gcc/native/4.7.1416/arm-gnu-toolchain/bin/../lib/gcc/arm-none-eabi/4.7.4/../../../../arm-none-eabi/lib/armv7e-m\libc.a(lib_a-lseekr.o)
 .comment       0x00000000       0x72 c:/program files (x86)/atmel/atmel toolchain/arm gcc/native/4.7.1416/arm-gnu-toolchain/bin/../lib/gcc/arm-none-eabi/4.7.4/../../../../arm-none-eabi/lib/armv7e-m\libc.a(lib_a-readr.o)
 .comment       0x00000000       0x72 c:/program files (x86)/atmel/atmel toolchain/arm gcc/native/4.7.1416/arm-gnu-toolchain/bin/../lib/gcc/arm-none-eabi/4.7.4/../../../../arm-none-eabi/lib/armv7e-m\libc.a(lib_a-reent.o)
 .comment       0x00000000       0x72 c:/program files (x86)/atmel/atmel toolchain/arm gcc/native/4.7.1416/arm-gnu-toolchain/bin/../lib/gcc/arm-none-eabi/4.7.4/armv7e-m/crtend.o

.debug_info     0x00000000    0x1a4c2
 .debug_info    0x00000000      0x730 src/ASF/common/services/clock/sam4s/sysclk.o
 .debug_info    0x00000730      0x1d8 src/ASF/common/utils/stdio/read.o
 .debug_info    0x00000908      0x1aa src/ASF/common/utils/stdio/write.o
 .debug_info    0x00000ab2      0x952 src/ASF/sam/boards/sam4s_ek2/init.o
 .debug_info    0x00001404      0x88d src/ASF/sam/components/display/aat31xx/aat31xx.o
 .debug_info    0x00001c91     0x2c6a src/ASF/sam/components/display/ili93xx/ili93xx.o
 .debug_info    0x000048fb      0x3c9 src/ASF/sam/drivers/ebi/smc/smc.o
 .debug_info    0x00004cc4     0x1749 src/ASF/sam/drivers/pio/pio.o
 .debug_info    0x0000640d      0xef7 src/ASF/sam/drivers/pio/pio_handler.o
 .debug_info    0x00007304     0x110c src/ASF/sam/drivers/pmc/pmc.o
 .debug_info    0x00008410      0x7dc src/ASF/sam/drivers/uart/uart.o
 .debug_info    0x00008bec     0x16c5 src/ASF/sam/drivers/usart/usart.o
 .debug_info    0x0000a2b1      0x664 src/ASF/sam/utils/cmsis/sam4s/source/templates/gcc/startup_sam4s.o
 .debug_info    0x0000a915      0x48d src/ASF/sam/utils/cmsis/sam4s/source/templates/system_sam4s.o
 .debug_info    0x0000ada2      0x441 src/ASF/sam/utils/syscalls/gcc/syscalls.o
 .debug_info    0x0000b1e3     0x15be src/ili93xx_example.o
 .debug_info    0x0000c7a1      0xa15 c:/program files (x86)/atmel/atmel toolchain/arm gcc/native/4.7.1416/arm-gnu-toolchain/bin/../lib/gcc/arm-none-eabi/4.7.4/../../../../arm-none-eabi/lib/armv7e-m\libc.a(lib_a-__atexit.o)
 .debug_info    0x0000d1b6       0xf7 c:/program files (x86)/atmel/atmel toolchain/arm gcc/native/4.7.1416/arm-gnu-toolchain/bin/../lib/gcc/arm-none-eabi/4.7.4/../../../../arm-none-eabi/lib/armv7e-m\libc.a(lib_a-fini.o)
 .debug_info    0x0000d2ad      0x961 c:/program files (x86)/atmel/atmel toolchain/arm gcc/native/4.7.1416/arm-gnu-toolchain/bin/../lib/gcc/arm-none-eabi/4.7.4/../../../../arm-none-eabi/lib/armv7e-m\libc.a(lib_a-impure.o)
 .debug_info    0x0000dc0e      0x110 c:/program files (x86)/atmel/atmel toolchain/arm gcc/native/4.7.1416/arm-gnu-toolchain/bin/../lib/gcc/arm-none-eabi/4.7.4/../../../../arm-none-eabi/lib/armv7e-m\libc.a(lib_a-init.o)
 .debug_info    0x0000dd1e       0xd3 c:/program files (x86)/atmel/atmel toolchain/arm gcc/native/4.7.1416/arm-gnu-toolchain/bin/../lib/gcc/arm-none-eabi/4.7.4/../../../../arm-none-eabi/lib/armv7e-m\libc.a(lib_a-memset.o)
 .debug_info    0x0000ddf1      0x9d7 c:/program files (x86)/atmel/atmel toolchain/arm gcc/native/4.7.1416/arm-gnu-toolchain/bin/../lib/gcc/arm-none-eabi/4.7.4/../../../../arm-none-eabi/lib/armv7e-m\libc.a(lib_a-setbuf.o)
 .debug_info    0x0000e7c8      0xa79 c:/program files (x86)/atmel/atmel toolchain/arm gcc/native/4.7.1416/arm-gnu-toolchain/bin/../lib/gcc/arm-none-eabi/4.7.4/../../../../arm-none-eabi/lib/armv7e-m\libc.a(lib_a-setvbuf.o)
 .debug_info    0x0000f241      0xa7c c:/program files (x86)/atmel/atmel toolchain/arm gcc/native/4.7.1416/arm-gnu-toolchain/bin/../lib/gcc/arm-none-eabi/4.7.4/../../../../arm-none-eabi/lib/armv7e-m\libc.a(lib_a-__call_atexit.o)
 .debug_info    0x0000fcbd      0x10f c:/program files (x86)/atmel/atmel toolchain/arm gcc/native/4.7.1416/arm-gnu-toolchain/bin/../lib/gcc/arm-none-eabi/4.7.4/../../../../arm-none-eabi/lib/armv7e-m\libc.a(lib_a-atexit.o)
 .debug_info    0x0000fdcc      0xb2b c:/program files (x86)/atmel/atmel toolchain/arm gcc/native/4.7.1416/arm-gnu-toolchain/bin/../lib/gcc/arm-none-eabi/4.7.4/../../../../arm-none-eabi/lib/armv7e-m\libc.a(lib_a-fflush.o)
 .debug_info    0x000108f7      0xdbc c:/program files (x86)/atmel/atmel toolchain/arm gcc/native/4.7.1416/arm-gnu-toolchain/bin/../lib/gcc/arm-none-eabi/4.7.4/../../../../arm-none-eabi/lib/armv7e-m\libc.a(lib_a-findfp.o)
 .debug_info    0x000116b3      0xd0f c:/program files (x86)/atmel/atmel toolchain/arm gcc/native/4.7.1416/arm-gnu-toolchain/bin/../lib/gcc/arm-none-eabi/4.7.4/../../../../arm-none-eabi/lib/armv7e-m\libc.a(lib_a-freer.o)
 .debug_info    0x000123c2      0xb9d c:/program files (x86)/atmel/atmel toolchain/arm gcc/native/4.7.1416/arm-gnu-toolchain/bin/../lib/gcc/arm-none-eabi/4.7.4/../../../../arm-none-eabi/lib/armv7e-m\libc.a(lib_a-fwalk.o)
 .debug_info    0x00012f5f      0x9f2 c:/program files (x86)/atmel/atmel toolchain/arm gcc/native/4.7.1416/arm-gnu-toolchain/bin/../lib/gcc/arm-none-eabi/4.7.4/../../../../arm-none-eabi/lib/armv7e-m\libc.a(lib_a-malloc.o)
 .debug_info    0x00013951      0xe25 c:/program files (x86)/atmel/atmel toolchain/arm gcc/native/4.7.1416/arm-gnu-toolchain/bin/../lib/gcc/arm-none-eabi/4.7.4/../../../../arm-none-eabi/lib/armv7e-m\libc.a(lib_a-mallocr.o)
 .debug_info    0x00014776      0x985 c:/program files (x86)/atmel/atmel toolchain/arm gcc/native/4.7.1416/arm-gnu-toolchain/bin/../lib/gcc/arm-none-eabi/4.7.4/../../../../arm-none-eabi/lib/armv7e-m\libc.a(lib_a-mlock.o)
 .debug_info    0x000150fb      0x9cc c:/program files (x86)/atmel/atmel toolchain/arm gcc/native/4.7.1416/arm-gnu-toolchain/bin/../lib/gcc/arm-none-eabi/4.7.4/../../../../arm-none-eabi/lib/armv7e-m\libc.a(lib_a-sbrkr.o)
 .debug_info    0x00015ac7      0xc7b c:/program files (x86)/atmel/atmel toolchain/arm gcc/native/4.7.1416/arm-gnu-toolchain/bin/../lib/gcc/arm-none-eabi/4.7.4/../../../../arm-none-eabi/lib/armv7e-m\libc.a(lib_a-stdio.o)
 .debug_info    0x00016742      0x9ff c:/program files (x86)/atmel/atmel toolchain/arm gcc/native/4.7.1416/arm-gnu-toolchain/bin/../lib/gcc/arm-none-eabi/4.7.4/../../../../arm-none-eabi/lib/armv7e-m\libc.a(lib_a-writer.o)
 .debug_info    0x00017141      0x9b6 c:/program files (x86)/atmel/atmel toolchain/arm gcc/native/4.7.1416/arm-gnu-toolchain/bin/../lib/gcc/arm-none-eabi/4.7.4/../../../../arm-none-eabi/lib/armv7e-m\libc.a(lib_a-closer.o)
 .debug_info    0x00017af7      0xac3 c:/program files (x86)/atmel/atmel toolchain/arm gcc/native/4.7.1416/arm-gnu-toolchain/bin/../lib/gcc/arm-none-eabi/4.7.4/../../../../arm-none-eabi/lib/armv7e-m\libc.a(lib_a-fclose.o)
 .debug_info    0x000185ba      0x9ed c:/program files (x86)/atmel/atmel toolchain/arm gcc/native/4.7.1416/arm-gnu-toolchain/bin/../lib/gcc/arm-none-eabi/4.7.4/../../../../arm-none-eabi/lib/armv7e-m\libc.a(lib_a-lseekr.o)
 .debug_info    0x00018fa7      0x9f8 c:/program files (x86)/atmel/atmel toolchain/arm gcc/native/4.7.1416/arm-gnu-toolchain/bin/../lib/gcc/arm-none-eabi/4.7.4/../../../../arm-none-eabi/lib/armv7e-m\libc.a(lib_a-readr.o)
 .debug_info    0x0001999f      0xb23 c:/program files (x86)/atmel/atmel toolchain/arm gcc/native/4.7.1416/arm-gnu-toolchain/bin/../lib/gcc/arm-none-eabi/4.7.4/../../../../arm-none-eabi/lib/armv7e-m\libc.a(lib_a-reent.o)

.debug_abbrev   0x00000000     0x4a67
 .debug_abbrev  0x00000000      0x221 src/ASF/common/services/clock/sam4s/sysclk.o
 .debug_abbrev  0x00000221      0x10c src/ASF/common/utils/stdio/read.o
 .debug_abbrev  0x0000032d       0xf5 src/ASF/common/utils/stdio/write.o
 .debug_abbrev  0x00000422      0x171 src/ASF/sam/boards/sam4s_ek2/init.o
 .debug_abbrev  0x00000593      0x1ea src/ASF/sam/components/display/aat31xx/aat31xx.o
 .debug_abbrev  0x0000077d      0x380 src/ASF/sam/components/display/ili93xx/ili93xx.o
 .debug_abbrev  0x00000afd      0x113 src/ASF/sam/drivers/ebi/smc/smc.o
 .debug_abbrev  0x00000c10      0x24c src/ASF/sam/drivers/pio/pio.o
 .debug_abbrev  0x00000e5c      0x280 src/ASF/sam/drivers/pio/pio_handler.o
 .debug_abbrev  0x000010dc      0x246 src/ASF/sam/drivers/pmc/pmc.o
 .debug_abbrev  0x00001322      0x1a3 src/ASF/sam/drivers/uart/uart.o
 .debug_abbrev  0x000014c5      0x26e src/ASF/sam/drivers/usart/usart.o
 .debug_abbrev  0x00001733      0x173 src/ASF/sam/utils/cmsis/sam4s/source/templates/gcc/startup_sam4s.o
 .debug_abbrev  0x000018a6       0xf5 src/ASF/sam/utils/cmsis/sam4s/source/templates/system_sam4s.o
 .debug_abbrev  0x0000199b      0x15d src/ASF/sam/utils/syscalls/gcc/syscalls.o
 .debug_abbrev  0x00001af8      0x363 src/ili93xx_example.o
 .debug_abbrev  0x00001e5b      0x1fe c:/program files (x86)/atmel/atmel toolchain/arm gcc/native/4.7.1416/arm-gnu-toolchain/bin/../lib/gcc/arm-none-eabi/4.7.4/../../../../arm-none-eabi/lib/armv7e-m\libc.a(lib_a-__atexit.o)
 .debug_abbrev  0x00002059       0xbb c:/program files (x86)/atmel/atmel toolchain/arm gcc/native/4.7.1416/arm-gnu-toolchain/bin/../lib/gcc/arm-none-eabi/4.7.4/../../../../arm-none-eabi/lib/armv7e-m\libc.a(lib_a-fini.o)
 .debug_abbrev  0x00002114      0x160 c:/program files (x86)/atmel/atmel toolchain/arm gcc/native/4.7.1416/arm-gnu-toolchain/bin/../lib/gcc/arm-none-eabi/4.7.4/../../../../arm-none-eabi/lib/armv7e-m\libc.a(lib_a-impure.o)
 .debug_abbrev  0x00002274       0xb8 c:/program files (x86)/atmel/atmel toolchain/arm gcc/native/4.7.1416/arm-gnu-toolchain/bin/../lib/gcc/arm-none-eabi/4.7.4/../../../../arm-none-eabi/lib/armv7e-m\libc.a(lib_a-init.o)
 .debug_abbrev  0x0000232c       0x8c c:/program files (x86)/atmel/atmel toolchain/arm gcc/native/4.7.1416/arm-gnu-toolchain/bin/../lib/gcc/arm-none-eabi/4.7.4/../../../../arm-none-eabi/lib/armv7e-m\libc.a(lib_a-memset.o)
 .debug_abbrev  0x000023b8      0x19c c:/program files (x86)/atmel/atmel toolchain/arm gcc/native/4.7.1416/arm-gnu-toolchain/bin/../lib/gcc/arm-none-eabi/4.7.4/../../../../arm-none-eabi/lib/armv7e-m\libc.a(lib_a-setbuf.o)
 .debug_abbrev  0x00002554      0x217 c:/program files (x86)/atmel/atmel toolchain/arm gcc/native/4.7.1416/arm-gnu-toolchain/bin/../lib/gcc/arm-none-eabi/4.7.4/../../../../arm-none-eabi/lib/armv7e-m\libc.a(lib_a-setvbuf.o)
 .debug_abbrev  0x0000276b      0x265 c:/program files (x86)/atmel/atmel toolchain/arm gcc/native/4.7.1416/arm-gnu-toolchain/bin/../lib/gcc/arm-none-eabi/4.7.4/../../../../arm-none-eabi/lib/armv7e-m\libc.a(lib_a-__call_atexit.o)
 .debug_abbrev  0x000029d0       0xb6 c:/program files (x86)/atmel/atmel toolchain/arm gcc/native/4.7.1416/arm-gnu-toolchain/bin/../lib/gcc/arm-none-eabi/4.7.4/../../../../arm-none-eabi/lib/armv7e-m\libc.a(lib_a-atexit.o)
 .debug_abbrev  0x00002a86      0x25f c:/program files (x86)/atmel/atmel toolchain/arm gcc/native/4.7.1416/arm-gnu-toolchain/bin/../lib/gcc/arm-none-eabi/4.7.4/../../../../arm-none-eabi/lib/armv7e-m\libc.a(lib_a-fflush.o)
 .debug_abbrev  0x00002ce5      0x317 c:/program files (x86)/atmel/atmel toolchain/arm gcc/native/4.7.1416/arm-gnu-toolchain/bin/../lib/gcc/arm-none-eabi/4.7.4/../../../../arm-none-eabi/lib/armv7e-m\libc.a(lib_a-findfp.o)
 .debug_abbrev  0x00002ffc      0x248 c:/program files (x86)/atmel/atmel toolchain/arm gcc/native/4.7.1416/arm-gnu-toolchain/bin/../lib/gcc/arm-none-eabi/4.7.4/../../../../arm-none-eabi/lib/armv7e-m\libc.a(lib_a-freer.o)
 .debug_abbrev  0x00003244      0x238 c:/program files (x86)/atmel/atmel toolchain/arm gcc/native/4.7.1416/arm-gnu-toolchain/bin/../lib/gcc/arm-none-eabi/4.7.4/../../../../arm-none-eabi/lib/armv7e-m\libc.a(lib_a-fwalk.o)
 .debug_abbrev  0x0000347c      0x1da c:/program files (x86)/atmel/atmel toolchain/arm gcc/native/4.7.1416/arm-gnu-toolchain/bin/../lib/gcc/arm-none-eabi/4.7.4/../../../../arm-none-eabi/lib/armv7e-m\libc.a(lib_a-malloc.o)
 .debug_abbrev  0x00003656      0x286 c:/program files (x86)/atmel/atmel toolchain/arm gcc/native/4.7.1416/arm-gnu-toolchain/bin/../lib/gcc/arm-none-eabi/4.7.4/../../../../arm-none-eabi/lib/armv7e-m\libc.a(lib_a-mallocr.o)
 .debug_abbrev  0x000038dc      0x17a c:/program files (x86)/atmel/atmel toolchain/arm gcc/native/4.7.1416/arm-gnu-toolchain/bin/../lib/gcc/arm-none-eabi/4.7.4/../../../../arm-none-eabi/lib/armv7e-m\libc.a(lib_a-mlock.o)
 .debug_abbrev  0x00003a56      0x1dd c:/program files (x86)/atmel/atmel toolchain/arm gcc/native/4.7.1416/arm-gnu-toolchain/bin/../lib/gcc/arm-none-eabi/4.7.4/../../../../arm-none-eabi/lib/armv7e-m\libc.a(lib_a-sbrkr.o)
 .debug_abbrev  0x00003c33      0x244 c:/program files (x86)/atmel/atmel toolchain/arm gcc/native/4.7.1416/arm-gnu-toolchain/bin/../lib/gcc/arm-none-eabi/4.7.4/../../../../arm-none-eabi/lib/armv7e-m\libc.a(lib_a-stdio.o)
 .debug_abbrev  0x00003e77      0x1d4 c:/program files (x86)/atmel/atmel toolchain/arm gcc/native/4.7.1416/arm-gnu-toolchain/bin/../lib/gcc/arm-none-eabi/4.7.4/../../../../arm-none-eabi/lib/armv7e-m\libc.a(lib_a-writer.o)
 .debug_abbrev  0x0000404b      0x1cf c:/program files (x86)/atmel/atmel toolchain/arm gcc/native/4.7.1416/arm-gnu-toolchain/bin/../lib/gcc/arm-none-eabi/4.7.4/../../../../arm-none-eabi/lib/armv7e-m\libc.a(lib_a-closer.o)
 .debug_abbrev  0x0000421a      0x232 c:/program files (x86)/atmel/atmel toolchain/arm gcc/native/4.7.1416/arm-gnu-toolchain/bin/../lib/gcc/arm-none-eabi/4.7.4/../../../../arm-none-eabi/lib/armv7e-m\libc.a(lib_a-fclose.o)
 .debug_abbrev  0x0000444c      0x1de c:/program files (x86)/atmel/atmel toolchain/arm gcc/native/4.7.1416/arm-gnu-toolchain/bin/../lib/gcc/arm-none-eabi/4.7.4/../../../../arm-none-eabi/lib/armv7e-m\libc.a(lib_a-lseekr.o)
 .debug_abbrev  0x0000462a      0x1cf c:/program files (x86)/atmel/atmel toolchain/arm gcc/native/4.7.1416/arm-gnu-toolchain/bin/../lib/gcc/arm-none-eabi/4.7.4/../../../../arm-none-eabi/lib/armv7e-m\libc.a(lib_a-readr.o)
 .debug_abbrev  0x000047f9      0x26e c:/program files (x86)/atmel/atmel toolchain/arm gcc/native/4.7.1416/arm-gnu-toolchain/bin/../lib/gcc/arm-none-eabi/4.7.4/../../../../arm-none-eabi/lib/armv7e-m\libc.a(lib_a-reent.o)

.debug_loc      0x00000000     0x754e
 .debug_loc     0x00000000       0xed src/ASF/common/services/clock/sam4s/sysclk.o
 .debug_loc     0x000000ed       0xff src/ASF/common/utils/stdio/read.o
 .debug_loc     0x000001ec       0xcc src/ASF/common/utils/stdio/write.o
 .debug_loc     0x000002b8       0x20 src/ASF/sam/boards/sam4s_ek2/init.o
 .debug_loc     0x000002d8      0x161 src/ASF/sam/components/display/aat31xx/aat31xx.o
 .debug_loc     0x00000439     0x2101 src/ASF/sam/components/display/ili93xx/ili93xx.o
 .debug_loc     0x0000253a      0x113 src/ASF/sam/drivers/ebi/smc/smc.o
 .debug_loc     0x0000264d      0xb2e src/ASF/sam/drivers/pio/pio.o
 .debug_loc     0x0000317b      0x476 src/ASF/sam/drivers/pio/pio_handler.o
 .debug_loc     0x000035f1      0xbda src/ASF/sam/drivers/pmc/pmc.o
 .debug_loc     0x000041cb      0x2e0 src/ASF/sam/drivers/uart/uart.o
 .debug_loc     0x000044ab      0xeba src/ASF/sam/drivers/usart/usart.o
 .debug_loc     0x00005365       0x85 src/ASF/sam/utils/cmsis/sam4s/source/templates/gcc/startup_sam4s.o
 .debug_loc     0x000053ea       0x85 src/ASF/sam/utils/cmsis/sam4s/source/templates/system_sam4s.o
 .debug_loc     0x0000546f      0x134 src/ASF/sam/utils/syscalls/gcc/syscalls.o
 .debug_loc     0x000055a3      0x1c9 src/ili93xx_example.o
 .debug_loc     0x0000576c       0xfc c:/program files (x86)/atmel/atmel toolchain/arm gcc/native/4.7.1416/arm-gnu-toolchain/bin/../lib/gcc/arm-none-eabi/4.7.4/../../../../arm-none-eabi/lib/armv7e-m\libc.a(lib_a-__atexit.o)
 .debug_loc     0x00005868       0x33 c:/program files (x86)/atmel/atmel toolchain/arm gcc/native/4.7.1416/arm-gnu-toolchain/bin/../lib/gcc/arm-none-eabi/4.7.4/../../../../arm-none-eabi/lib/armv7e-m\libc.a(lib_a-fini.o)
 .debug_loc     0x0000589b       0x56 c:/program files (x86)/atmel/atmel toolchain/arm gcc/native/4.7.1416/arm-gnu-toolchain/bin/../lib/gcc/arm-none-eabi/4.7.4/../../../../arm-none-eabi/lib/armv7e-m\libc.a(lib_a-init.o)
 .debug_loc     0x000058f1       0x3f c:/program files (x86)/atmel/atmel toolchain/arm gcc/native/4.7.1416/arm-gnu-toolchain/bin/../lib/gcc/arm-none-eabi/4.7.4/../../../../arm-none-eabi/lib/armv7e-m\libc.a(lib_a-memset.o)
 .debug_loc     0x00005930       0x42 c:/program files (x86)/atmel/atmel toolchain/arm gcc/native/4.7.1416/arm-gnu-toolchain/bin/../lib/gcc/arm-none-eabi/4.7.4/../../../../arm-none-eabi/lib/armv7e-m\libc.a(lib_a-setbuf.o)
 .debug_loc     0x00005972      0x174 c:/program files (x86)/atmel/atmel toolchain/arm gcc/native/4.7.1416/arm-gnu-toolchain/bin/../lib/gcc/arm-none-eabi/4.7.4/../../../../arm-none-eabi/lib/armv7e-m\libc.a(lib_a-setvbuf.o)
 .debug_loc     0x00005ae6      0x13b c:/program files (x86)/atmel/atmel toolchain/arm gcc/native/4.7.1416/arm-gnu-toolchain/bin/../lib/gcc/arm-none-eabi/4.7.4/../../../../arm-none-eabi/lib/armv7e-m\libc.a(lib_a-__call_atexit.o)
 .debug_loc     0x00005c21       0x2c c:/program files (x86)/atmel/atmel toolchain/arm gcc/native/4.7.1416/arm-gnu-toolchain/bin/../lib/gcc/arm-none-eabi/4.7.4/../../../../arm-none-eabi/lib/armv7e-m\libc.a(lib_a-atexit.o)
 .debug_loc     0x00005c4d      0x1cc c:/program files (x86)/atmel/atmel toolchain/arm gcc/native/4.7.1416/arm-gnu-toolchain/bin/../lib/gcc/arm-none-eabi/4.7.4/../../../../arm-none-eabi/lib/armv7e-m\libc.a(lib_a-fflush.o)
 .debug_loc     0x00005e19      0x25b c:/program files (x86)/atmel/atmel toolchain/arm gcc/native/4.7.1416/arm-gnu-toolchain/bin/../lib/gcc/arm-none-eabi/4.7.4/../../../../arm-none-eabi/lib/armv7e-m\libc.a(lib_a-findfp.o)
 .debug_loc     0x00006074      0x409 c:/program files (x86)/atmel/atmel toolchain/arm gcc/native/4.7.1416/arm-gnu-toolchain/bin/../lib/gcc/arm-none-eabi/4.7.4/../../../../arm-none-eabi/lib/armv7e-m\libc.a(lib_a-freer.o)
 .debug_loc     0x0000647d      0x1cf c:/program files (x86)/atmel/atmel toolchain/arm gcc/native/4.7.1416/arm-gnu-toolchain/bin/../lib/gcc/arm-none-eabi/4.7.4/../../../../arm-none-eabi/lib/armv7e-m\libc.a(lib_a-fwalk.o)
 .debug_loc     0x0000664c       0x58 c:/program files (x86)/atmel/atmel toolchain/arm gcc/native/4.7.1416/arm-gnu-toolchain/bin/../lib/gcc/arm-none-eabi/4.7.4/../../../../arm-none-eabi/lib/armv7e-m\libc.a(lib_a-malloc.o)
 .debug_loc     0x000066a4      0x75e c:/program files (x86)/atmel/atmel toolchain/arm gcc/native/4.7.1416/arm-gnu-toolchain/bin/../lib/gcc/arm-none-eabi/4.7.4/../../../../arm-none-eabi/lib/armv7e-m\libc.a(lib_a-mallocr.o)
 .debug_loc     0x00006e02       0x5f c:/program files (x86)/atmel/atmel toolchain/arm gcc/native/4.7.1416/arm-gnu-toolchain/bin/../lib/gcc/arm-none-eabi/4.7.4/../../../../arm-none-eabi/lib/armv7e-m\libc.a(lib_a-sbrkr.o)
 .debug_loc     0x00006e61      0x23d c:/program files (x86)/atmel/atmel toolchain/arm gcc/native/4.7.1416/arm-gnu-toolchain/bin/../lib/gcc/arm-none-eabi/4.7.4/../../../../arm-none-eabi/lib/armv7e-m\libc.a(lib_a-stdio.o)
 .debug_loc     0x0000709e       0xb7 c:/program files (x86)/atmel/atmel toolchain/arm gcc/native/4.7.1416/arm-gnu-toolchain/bin/../lib/gcc/arm-none-eabi/4.7.4/../../../../arm-none-eabi/lib/armv7e-m\libc.a(lib_a-writer.o)
 .debug_loc     0x00007155       0x5f c:/program files (x86)/atmel/atmel toolchain/arm gcc/native/4.7.1416/arm-gnu-toolchain/bin/../lib/gcc/arm-none-eabi/4.7.4/../../../../arm-none-eabi/lib/armv7e-m\libc.a(lib_a-closer.o)
 .debug_loc     0x000071b4       0xd2 c:/program files (x86)/atmel/atmel toolchain/arm gcc/native/4.7.1416/arm-gnu-toolchain/bin/../lib/gcc/arm-none-eabi/4.7.4/../../../../arm-none-eabi/lib/armv7e-m\libc.a(lib_a-fclose.o)
 .debug_loc     0x00007286       0xb7 c:/program files (x86)/atmel/atmel toolchain/arm gcc/native/4.7.1416/arm-gnu-toolchain/bin/../lib/gcc/arm-none-eabi/4.7.4/../../../../arm-none-eabi/lib/armv7e-m\libc.a(lib_a-lseekr.o)
 .debug_loc     0x0000733d       0xb7 c:/program files (x86)/atmel/atmel toolchain/arm gcc/native/4.7.1416/arm-gnu-toolchain/bin/../lib/gcc/arm-none-eabi/4.7.4/../../../../arm-none-eabi/lib/armv7e-m\libc.a(lib_a-readr.o)
 .debug_loc     0x000073f4      0x15a c:/program files (x86)/atmel/atmel toolchain/arm gcc/native/4.7.1416/arm-gnu-toolchain/bin/../lib/gcc/arm-none-eabi/4.7.4/../../../../arm-none-eabi/lib/armv7e-m\libc.a(lib_a-reent.o)

.debug_aranges  0x00000000      0xd38
 .debug_aranges
                0x00000000       0x30 src/ASF/common/services/clock/sam4s/sysclk.o
 .debug_aranges
                0x00000030       0x20 src/ASF/common/utils/stdio/read.o
 .debug_aranges
                0x00000050       0x20 src/ASF/common/utils/stdio/write.o
 .debug_aranges
                0x00000070       0x20 src/ASF/sam/boards/sam4s_ek2/init.o
 .debug_aranges
                0x00000090       0x28 src/ASF/sam/components/display/aat31xx/aat31xx.o
 .debug_aranges
                0x000000b8      0x168 src/ASF/sam/components/display/ili93xx/ili93xx.o
 .debug_aranges
                0x00000220       0x50 src/ASF/sam/drivers/ebi/smc/smc.o
 .debug_aranges
                0x00000270      0x1a8 src/ASF/sam/drivers/pio/pio.o
 .debug_aranges
                0x00000418       0x58 src/ASF/sam/drivers/pio/pio_handler.o
 .debug_aranges
                0x00000470      0x200 src/ASF/sam/drivers/pmc/pmc.o
 .debug_aranges
                0x00000670       0xd8 src/ASF/sam/drivers/uart/uart.o
 .debug_aranges
                0x00000748      0x208 src/ASF/sam/drivers/usart/usart.o
 .debug_aranges
                0x00000950       0x28 src/ASF/sam/utils/cmsis/sam4s/source/templates/gcc/startup_sam4s.o
 .debug_aranges
                0x00000978       0x30 src/ASF/sam/utils/cmsis/sam4s/source/templates/system_sam4s.o
 .debug_aranges
                0x000009a8       0x60 src/ASF/sam/utils/syscalls/gcc/syscalls.o
 .debug_aranges
                0x00000a08       0x30 src/ili93xx_example.o
 .debug_aranges
                0x00000a38       0x20 c:/program files (x86)/atmel/atmel toolchain/arm gcc/native/4.7.1416/arm-gnu-toolchain/bin/../lib/gcc/arm-none-eabi/4.7.4/../../../../arm-none-eabi/lib/armv7e-m\libc.a(lib_a-__atexit.o)
 .debug_aranges
                0x00000a58       0x20 c:/program files (x86)/atmel/atmel toolchain/arm gcc/native/4.7.1416/arm-gnu-toolchain/bin/../lib/gcc/arm-none-eabi/4.7.4/../../../../arm-none-eabi/lib/armv7e-m\libc.a(lib_a-fini.o)
 .debug_aranges
                0x00000a78       0x18 c:/program files (x86)/atmel/atmel toolchain/arm gcc/native/4.7.1416/arm-gnu-toolchain/bin/../lib/gcc/arm-none-eabi/4.7.4/../../../../arm-none-eabi/lib/armv7e-m\libc.a(lib_a-impure.o)
 .debug_aranges
                0x00000a90       0x20 c:/program files (x86)/atmel/atmel toolchain/arm gcc/native/4.7.1416/arm-gnu-toolchain/bin/../lib/gcc/arm-none-eabi/4.7.4/../../../../arm-none-eabi/lib/armv7e-m\libc.a(lib_a-init.o)
 .debug_aranges
                0x00000ab0       0x20 c:/program files (x86)/atmel/atmel toolchain/arm gcc/native/4.7.1416/arm-gnu-toolchain/bin/../lib/gcc/arm-none-eabi/4.7.4/../../../../arm-none-eabi/lib/armv7e-m\libc.a(lib_a-memset.o)
 .debug_aranges
                0x00000ad0       0x20 c:/program files (x86)/atmel/atmel toolchain/arm gcc/native/4.7.1416/arm-gnu-toolchain/bin/../lib/gcc/arm-none-eabi/4.7.4/../../../../arm-none-eabi/lib/armv7e-m\libc.a(lib_a-setbuf.o)
 .debug_aranges
                0x00000af0       0x20 c:/program files (x86)/atmel/atmel toolchain/arm gcc/native/4.7.1416/arm-gnu-toolchain/bin/../lib/gcc/arm-none-eabi/4.7.4/../../../../arm-none-eabi/lib/armv7e-m\libc.a(lib_a-setvbuf.o)
 .debug_aranges
                0x00000b10       0x28 c:/program files (x86)/atmel/atmel toolchain/arm gcc/native/4.7.1416/arm-gnu-toolchain/bin/../lib/gcc/arm-none-eabi/4.7.4/../../../../arm-none-eabi/lib/armv7e-m\libc.a(lib_a-__call_atexit.o)
 .debug_aranges
                0x00000b38       0x20 c:/program files (x86)/atmel/atmel toolchain/arm gcc/native/4.7.1416/arm-gnu-toolchain/bin/../lib/gcc/arm-none-eabi/4.7.4/../../../../arm-none-eabi/lib/armv7e-m\libc.a(lib_a-atexit.o)
 .debug_aranges
                0x00000b58       0x20 c:/program files (x86)/atmel/atmel toolchain/arm gcc/native/4.7.1416/arm-gnu-toolchain/bin/../lib/gcc/arm-none-eabi/4.7.4/../../../../arm-none-eabi/lib/armv7e-m\libc.a(lib_a-fflush.o)
 .debug_aranges
                0x00000b78       0x20 c:/program files (x86)/atmel/atmel toolchain/arm gcc/native/4.7.1416/arm-gnu-toolchain/bin/../lib/gcc/arm-none-eabi/4.7.4/../../../../arm-none-eabi/lib/armv7e-m\libc.a(lib_a-findfp.o)
 .debug_aranges
                0x00000b98       0x20 c:/program files (x86)/atmel/atmel toolchain/arm gcc/native/4.7.1416/arm-gnu-toolchain/bin/../lib/gcc/arm-none-eabi/4.7.4/../../../../arm-none-eabi/lib/armv7e-m\libc.a(lib_a-freer.o)
 .debug_aranges
                0x00000bb8       0x20 c:/program files (x86)/atmel/atmel toolchain/arm gcc/native/4.7.1416/arm-gnu-toolchain/bin/../lib/gcc/arm-none-eabi/4.7.4/../../../../arm-none-eabi/lib/armv7e-m\libc.a(lib_a-fwalk.o)
 .debug_aranges
                0x00000bd8       0x20 c:/program files (x86)/atmel/atmel toolchain/arm gcc/native/4.7.1416/arm-gnu-toolchain/bin/../lib/gcc/arm-none-eabi/4.7.4/../../../../arm-none-eabi/lib/armv7e-m\libc.a(lib_a-malloc.o)
 .debug_aranges
                0x00000bf8       0x20 c:/program files (x86)/atmel/atmel toolchain/arm gcc/native/4.7.1416/arm-gnu-toolchain/bin/../lib/gcc/arm-none-eabi/4.7.4/../../../../arm-none-eabi/lib/armv7e-m\libc.a(lib_a-mallocr.o)
 .debug_aranges
                0x00000c18       0x20 c:/program files (x86)/atmel/atmel toolchain/arm gcc/native/4.7.1416/arm-gnu-toolchain/bin/../lib/gcc/arm-none-eabi/4.7.4/../../../../arm-none-eabi/lib/armv7e-m\libc.a(lib_a-mlock.o)
 .debug_aranges
                0x00000c38       0x20 c:/program files (x86)/atmel/atmel toolchain/arm gcc/native/4.7.1416/arm-gnu-toolchain/bin/../lib/gcc/arm-none-eabi/4.7.4/../../../../arm-none-eabi/lib/armv7e-m\libc.a(lib_a-sbrkr.o)
 .debug_aranges
                0x00000c58       0x20 c:/program files (x86)/atmel/atmel toolchain/arm gcc/native/4.7.1416/arm-gnu-toolchain/bin/../lib/gcc/arm-none-eabi/4.7.4/../../../../arm-none-eabi/lib/armv7e-m\libc.a(lib_a-stdio.o)
 .debug_aranges
                0x00000c78       0x20 c:/program files (x86)/atmel/atmel toolchain/arm gcc/native/4.7.1416/arm-gnu-toolchain/bin/../lib/gcc/arm-none-eabi/4.7.4/../../../../arm-none-eabi/lib/armv7e-m\libc.a(lib_a-writer.o)
 .debug_aranges
                0x00000c98       0x20 c:/program files (x86)/atmel/atmel toolchain/arm gcc/native/4.7.1416/arm-gnu-toolchain/bin/../lib/gcc/arm-none-eabi/4.7.4/../../../../arm-none-eabi/lib/armv7e-m\libc.a(lib_a-closer.o)
 .debug_aranges
                0x00000cb8       0x20 c:/program files (x86)/atmel/atmel toolchain/arm gcc/native/4.7.1416/arm-gnu-toolchain/bin/../lib/gcc/arm-none-eabi/4.7.4/../../../../arm-none-eabi/lib/armv7e-m\libc.a(lib_a-fclose.o)
 .debug_aranges
                0x00000cd8       0x20 c:/program files (x86)/atmel/atmel toolchain/arm gcc/native/4.7.1416/arm-gnu-toolchain/bin/../lib/gcc/arm-none-eabi/4.7.4/../../../../arm-none-eabi/lib/armv7e-m\libc.a(lib_a-lseekr.o)
 .debug_aranges
                0x00000cf8       0x20 c:/program files (x86)/atmel/atmel toolchain/arm gcc/native/4.7.1416/arm-gnu-toolchain/bin/../lib/gcc/arm-none-eabi/4.7.4/../../../../arm-none-eabi/lib/armv7e-m\libc.a(lib_a-readr.o)
 .debug_aranges
                0x00000d18       0x20 c:/program files (x86)/atmel/atmel toolchain/arm gcc/native/4.7.1416/arm-gnu-toolchain/bin/../lib/gcc/arm-none-eabi/4.7.4/../../../../arm-none-eabi/lib/armv7e-m\libc.a(lib_a-reent.o)

.debug_ranges   0x00000000      0xd18
 .debug_ranges  0x00000000       0x20 src/ASF/common/services/clock/sam4s/sysclk.o
 .debug_ranges  0x00000020       0x10 src/ASF/common/utils/stdio/read.o
 .debug_ranges  0x00000030       0x10 src/ASF/common/utils/stdio/write.o
 .debug_ranges  0x00000040       0x10 src/ASF/sam/boards/sam4s_ek2/init.o
 .debug_ranges  0x00000050       0x60 src/ASF/sam/components/display/aat31xx/aat31xx.o
 .debug_ranges  0x000000b0      0x3c8 src/ASF/sam/components/display/ili93xx/ili93xx.o
 .debug_ranges  0x00000478       0x40 src/ASF/sam/drivers/ebi/smc/smc.o
 .debug_ranges  0x000004b8      0x198 src/ASF/sam/drivers/pio/pio.o
 .debug_ranges  0x00000650       0x48 src/ASF/sam/drivers/pio/pio_handler.o
 .debug_ranges  0x00000698      0x1f0 src/ASF/sam/drivers/pmc/pmc.o
 .debug_ranges  0x00000888       0xc8 src/ASF/sam/drivers/uart/uart.o
 .debug_ranges  0x00000950      0x2b8 src/ASF/sam/drivers/usart/usart.o
 .debug_ranges  0x00000c08       0x30 src/ASF/sam/utils/cmsis/sam4s/source/templates/gcc/startup_sam4s.o
 .debug_ranges  0x00000c38       0x20 src/ASF/sam/utils/cmsis/sam4s/source/templates/system_sam4s.o
 .debug_ranges  0x00000c58       0x50 src/ASF/sam/utils/syscalls/gcc/syscalls.o
 .debug_ranges  0x00000ca8       0x20 src/ili93xx_example.o
 .debug_ranges  0x00000cc8       0x50 c:/program files (x86)/atmel/atmel toolchain/arm gcc/native/4.7.1416/arm-gnu-toolchain/bin/../lib/gcc/arm-none-eabi/4.7.4/../../../../arm-none-eabi/lib/armv7e-m\libc.a(lib_a-__call_atexit.o)

.debug_macro    0x00000000    0x13a2d
 .debug_macro   0x00000000      0x4ee src/ASF/common/services/clock/sam4s/sysclk.o
 .debug_macro   0x000004ee      0x838 src/ASF/common/services/clock/sam4s/sysclk.o
 .debug_macro   0x00000d26      0x3b9 src/ASF/common/services/clock/sam4s/sysclk.o
 .debug_macro   0x000010df       0x28 src/ASF/common/services/clock/sam4s/sysclk.o
 .debug_macro   0x00001107      0x16c src/ASF/common/services/clock/sam4s/sysclk.o
 .debug_macro   0x00001273       0x76 src/ASF/common/services/clock/sam4s/sysclk.o
 .debug_macro   0x000012e9       0x16 src/ASF/common/services/clock/sam4s/sysclk.o
 .debug_macro   0x000012ff      0x6e1 src/ASF/common/services/clock/sam4s/sysclk.o
 .debug_macro   0x000019e0       0x3a src/ASF/common/services/clock/sam4s/sysclk.o
 .debug_macro   0x00001a1a       0x10 src/ASF/common/services/clock/sam4s/sysclk.o
 .debug_macro   0x00001a2a       0x2e src/ASF/common/services/clock/sam4s/sysclk.o
 .debug_macro   0x00001a58       0xa3 src/ASF/common/services/clock/sam4s/sysclk.o
 .debug_macro   0x00001afb      0x20e src/ASF/common/services/clock/sam4s/sysclk.o
 .debug_macro   0x00001d09       0x27 src/ASF/common/services/clock/sam4s/sysclk.o
 .debug_macro   0x00001d30       0x3b src/ASF/common/services/clock/sam4s/sysclk.o
 .debug_macro   0x00001d6b       0x18 src/ASF/common/services/clock/sam4s/sysclk.o
 .debug_macro   0x00001d83       0x42 src/ASF/common/services/clock/sam4s/sysclk.o
 .debug_macro   0x00001dc5      0xb17 src/ASF/common/services/clock/sam4s/sysclk.o
 .debug_macro   0x000028dc      0x157 src/ASF/common/services/clock/sam4s/sysclk.o
 .debug_macro   0x00002a33      0x970 src/ASF/common/services/clock/sam4s/sysclk.o
 .debug_macro   0x000033a3      0x281 src/ASF/common/services/clock/sam4s/sysclk.o
 .debug_macro   0x00003624      0x11e src/ASF/common/services/clock/sam4s/sysclk.o
 .debug_macro   0x00003742       0xac src/ASF/common/services/clock/sam4s/sysclk.o
 .debug_macro   0x000037ee      0x317 src/ASF/common/services/clock/sam4s/sysclk.o
 .debug_macro   0x00003b05      0x106 src/ASF/common/services/clock/sam4s/sysclk.o
 .debug_macro   0x00003c0b       0x1c src/ASF/common/services/clock/sam4s/sysclk.o
 .debug_macro   0x00003c27      0x735 src/ASF/common/services/clock/sam4s/sysclk.o
 .debug_macro   0x0000435c      0x2d0 src/ASF/common/services/clock/sam4s/sysclk.o
 .debug_macro   0x0000462c       0xbe src/ASF/common/services/clock/sam4s/sysclk.o
 .debug_macro   0x000046ea     0x280b src/ASF/common/services/clock/sam4s/sysclk.o
 .debug_macro   0x00006ef5      0x76f src/ASF/common/services/clock/sam4s/sysclk.o
 .debug_macro   0x00007664      0xa8b src/ASF/common/services/clock/sam4s/sysclk.o
 .debug_macro   0x000080ef       0x9a src/ASF/common/services/clock/sam4s/sysclk.o
 .debug_macro   0x00008189      0x3d6 src/ASF/common/services/clock/sam4s/sysclk.o
 .debug_macro   0x0000855f       0x64 src/ASF/common/services/clock/sam4s/sysclk.o
 .debug_macro   0x000085c3      0x1ab src/ASF/common/services/clock/sam4s/sysclk.o
 .debug_macro   0x0000876e      0x383 src/ASF/common/services/clock/sam4s/sysclk.o
 .debug_macro   0x00008af1      0x621 src/ASF/common/services/clock/sam4s/sysclk.o
 .debug_macro   0x00009112      0x68d src/ASF/common/services/clock/sam4s/sysclk.o
 .debug_macro   0x0000979f      0x59c src/ASF/common/services/clock/sam4s/sysclk.o
 .debug_macro   0x00009d3b      0x34a src/ASF/common/services/clock/sam4s/sysclk.o
 .debug_macro   0x0000a085      0x289 src/ASF/common/services/clock/sam4s/sysclk.o
 .debug_macro   0x0000a30e      0x2d3 src/ASF/common/services/clock/sam4s/sysclk.o
 .debug_macro   0x0000a5e1      0x6d6 src/ASF/common/services/clock/sam4s/sysclk.o
 .debug_macro   0x0000acb7       0x76 src/ASF/common/services/clock/sam4s/sysclk.o
 .debug_macro   0x0000ad2d       0xb8 src/ASF/common/services/clock/sam4s/sysclk.o
 .debug_macro   0x0000ade5       0xb2 src/ASF/common/services/clock/sam4s/sysclk.o
 .debug_macro   0x0000ae97       0x88 src/ASF/common/services/clock/sam4s/sysclk.o
 .debug_macro   0x0000af1f      0x102 src/ASF/common/services/clock/sam4s/sysclk.o
 .debug_macro   0x0000b021      0x102 src/ASF/common/services/clock/sam4s/sysclk.o
 .debug_macro   0x0000b123       0x88 src/ASF/common/services/clock/sam4s/sysclk.o
 .debug_macro   0x0000b1ab       0x88 src/ASF/common/services/clock/sam4s/sysclk.o
 .debug_macro   0x0000b233      0x2cd src/ASF/common/services/clock/sam4s/sysclk.o
 .debug_macro   0x0000b500       0xb2 src/ASF/common/services/clock/sam4s/sysclk.o
 .debug_macro   0x0000b5b2       0xb2 src/ASF/common/services/clock/sam4s/sysclk.o
 .debug_macro   0x0000b664       0x52 src/ASF/common/services/clock/sam4s/sysclk.o
 .debug_macro   0x0000b6b6       0xa6 src/ASF/common/services/clock/sam4s/sysclk.o
 .debug_macro   0x0000b75c       0x7c src/ASF/common/services/clock/sam4s/sysclk.o
 .debug_macro   0x0000b7d8       0x40 src/ASF/common/services/clock/sam4s/sysclk.o
 .debug_macro   0x0000b818       0x64 src/ASF/common/services/clock/sam4s/sysclk.o
 .debug_macro   0x0000b87c       0x46 src/ASF/common/services/clock/sam4s/sysclk.o
 .debug_macro   0x0000b8c2       0x88 src/ASF/common/services/clock/sam4s/sysclk.o
 .debug_macro   0x0000b94a       0x4c src/ASF/common/services/clock/sam4s/sysclk.o
 .debug_macro   0x0000b996       0xac src/ASF/common/services/clock/sam4s/sysclk.o
 .debug_macro   0x0000ba42       0x7c src/ASF/common/services/clock/sam4s/sysclk.o
 .debug_macro   0x0000babe       0x16 src/ASF/common/services/clock/sam4s/sysclk.o
 .debug_macro   0x0000bad4       0x7c src/ASF/common/services/clock/sam4s/sysclk.o
 .debug_macro   0x0000bb50       0x22 src/ASF/common/services/clock/sam4s/sysclk.o
 .debug_macro   0x0000bb72       0x22 src/ASF/common/services/clock/sam4s/sysclk.o
 .debug_macro   0x0000bb94      0x192 src/ASF/common/services/clock/sam4s/sysclk.o
 .debug_macro   0x0000bd26      0x162 src/ASF/common/services/clock/sam4s/sysclk.o
 .debug_macro   0x0000be88      0x162 src/ASF/common/services/clock/sam4s/sysclk.o
 .debug_macro   0x0000bfea       0x1c src/ASF/common/services/clock/sam4s/sysclk.o
 .debug_macro   0x0000c006       0x2e src/ASF/common/services/clock/sam4s/sysclk.o
 .debug_macro   0x0000c034       0x22 src/ASF/common/services/clock/sam4s/sysclk.o
 .debug_macro   0x0000c056       0x1c src/ASF/common/services/clock/sam4s/sysclk.o
 .debug_macro   0x0000c072       0x52 src/ASF/common/services/clock/sam4s/sysclk.o
 .debug_macro   0x0000c0c4       0x10 src/ASF/common/services/clock/sam4s/sysclk.o
 .debug_macro   0x0000c0d4      0x234 src/ASF/common/services/clock/sam4s/sysclk.o
 .debug_macro   0x0000c308      0x935 src/ASF/common/services/clock/sam4s/sysclk.o
 .debug_macro   0x0000cc3d      0x12a src/ASF/common/services/clock/sam4s/sysclk.o
 .debug_macro   0x0000cd67       0x10 src/ASF/common/services/clock/sam4s/sysclk.o
 .debug_macro   0x0000cd77       0x35 src/ASF/common/services/clock/sam4s/sysclk.o
 .debug_macro   0x0000cdac       0x10 src/ASF/common/services/clock/sam4s/sysclk.o
 .debug_macro   0x0000cdbc       0x3a src/ASF/common/services/clock/sam4s/sysclk.o
 .debug_macro   0x0000cdf6       0x52 src/ASF/common/services/clock/sam4s/sysclk.o
 .debug_macro   0x0000ce48       0x43 src/ASF/common/services/clock/sam4s/sysclk.o
 .debug_macro   0x0000ce8b      0x16d src/ASF/common/services/clock/sam4s/sysclk.o
 .debug_macro   0x0000cff8       0x10 src/ASF/common/services/clock/sam4s/sysclk.o
 .debug_macro   0x0000d008       0x22 src/ASF/common/services/clock/sam4s/sysclk.o
 .debug_macro   0x0000d02a       0x91 src/ASF/common/services/clock/sam4s/sysclk.o
 .debug_macro   0x0000d0bb       0x16 src/ASF/common/services/clock/sam4s/sysclk.o
 .debug_macro   0x0000d0d1      0x16d src/ASF/common/services/clock/sam4s/sysclk.o
 .debug_macro   0x0000d23e       0x22 src/ASF/common/services/clock/sam4s/sysclk.o
 .debug_macro   0x0000d260       0x10 src/ASF/common/services/clock/sam4s/sysclk.o
 .debug_macro   0x0000d270       0x16 src/ASF/common/services/clock/sam4s/sysclk.o
 .debug_macro   0x0000d286       0x23 src/ASF/common/services/clock/sam4s/sysclk.o
 .debug_macro   0x0000d2a9       0x66 src/ASF/common/services/clock/sam4s/sysclk.o
 .debug_macro   0x0000d30f       0x3f src/ASF/common/services/clock/sam4s/sysclk.o
 .debug_macro   0x0000d34e      0x3c3 src/ASF/common/services/clock/sam4s/sysclk.o
 .debug_macro   0x0000d711      0x207 src/ASF/common/services/clock/sam4s/sysclk.o
 .debug_macro   0x0000d918      0xa46 src/ASF/common/services/clock/sam4s/sysclk.o
 .debug_macro   0x0000e35e       0x58 src/ASF/common/services/clock/sam4s/sysclk.o
 .debug_macro   0x0000e3b6       0x64 src/ASF/common/services/clock/sam4s/sysclk.o
 .debug_macro   0x0000e41a       0x46 src/ASF/common/services/clock/sam4s/sysclk.o
 .debug_macro   0x0000e460       0x90 src/ASF/common/services/clock/sam4s/sysclk.o
 .debug_macro   0x0000e4f0      0x474 src/ASF/common/utils/stdio/read.o
 .debug_macro   0x0000e964      0x474 src/ASF/common/utils/stdio/write.o
 .debug_macro   0x0000edd8      0x52d src/ASF/sam/boards/sam4s_ek2/init.o
 .debug_macro   0x0000f305       0x22 src/ASF/sam/boards/sam4s_ek2/init.o
 .debug_macro   0x0000f327       0x94 src/ASF/sam/boards/sam4s_ek2/init.o
 .debug_macro   0x0000f3bb       0x40 src/ASF/sam/boards/sam4s_ek2/init.o
 .debug_macro   0x0000f3fb       0x82 src/ASF/sam/boards/sam4s_ek2/init.o
 .debug_macro   0x0000f47d      0x53c src/ASF/sam/components/display/aat31xx/aat31xx.o
 .debug_macro   0x0000f9b9       0x16 src/ASF/sam/components/display/aat31xx/aat31xx.o
 .debug_macro   0x0000f9cf      0x4e1 src/ASF/sam/components/display/ili93xx/ili93xx.o
 .debug_macro   0x0000feb0       0x19 src/ASF/sam/components/display/ili93xx/ili93xx.o
 .debug_macro   0x0000fec9       0x89 src/ASF/sam/components/display/ili93xx/ili93xx.o
 .debug_macro   0x0000ff52       0x22 src/ASF/sam/components/display/ili93xx/ili93xx.o
 .debug_macro   0x0000ff74       0x16 src/ASF/sam/components/display/ili93xx/ili93xx.o
 .debug_macro   0x0000ff8a       0x12 src/ASF/sam/components/display/ili93xx/ili93xx.o
 .debug_macro   0x0000ff9c       0xf5 src/ASF/sam/components/display/ili93xx/ili93xx.o
 .debug_macro   0x00010091       0x16 src/ASF/sam/components/display/ili93xx/ili93xx.o
 .debug_macro   0x000100a7      0x214 src/ASF/sam/components/display/ili93xx/ili93xx.o
 .debug_macro   0x000102bb      0x128 src/ASF/sam/components/display/ili93xx/ili93xx.o
 .debug_macro   0x000103e3      0x285 src/ASF/sam/components/display/ili93xx/ili93xx.o
 .debug_macro   0x00010668      0x7eb src/ASF/sam/components/display/ili93xx/ili93xx.o
 .debug_macro   0x00010e53      0x4a1 src/ASF/sam/drivers/ebi/smc/smc.o
 .debug_macro   0x000112f4      0x489 src/ASF/sam/drivers/pio/pio.o
 .debug_macro   0x0001177d       0x8e src/ASF/sam/drivers/pio/pio.o
 .debug_macro   0x0001180b      0x493 src/ASF/sam/drivers/pio/pio_handler.o
 .debug_macro   0x00011c9e      0x489 src/ASF/sam/drivers/pmc/pmc.o
 .debug_macro   0x00012127       0x52 src/ASF/sam/drivers/pmc/pmc.o
 .debug_macro   0x00012179      0x490 src/ASF/sam/drivers/uart/uart.o
 .debug_macro   0x00012609      0x4b9 src/ASF/sam/drivers/usart/usart.o
 .debug_macro   0x00012ac2       0x28 src/ASF/sam/drivers/usart/usart.o
 .debug_macro   0x00012aea      0x326 src/ASF/sam/utils/cmsis/sam4s/source/templates/gcc/startup_sam4s.o
 .debug_macro   0x00012e10      0x32e src/ASF/sam/utils/cmsis/sam4s/source/templates/system_sam4s.o
 .debug_macro   0x0001313e      0x12c src/ASF/sam/utils/syscalls/gcc/syscalls.o
 .debug_macro   0x0001326a       0x52 src/ASF/sam/utils/syscalls/gcc/syscalls.o
 .debug_macro   0x000132bc       0x10 src/ASF/sam/utils/syscalls/gcc/syscalls.o
 .debug_macro   0x000132cc       0x16 src/ASF/sam/utils/syscalls/gcc/syscalls.o
 .debug_macro   0x000132e2       0x34 src/ASF/sam/utils/syscalls/gcc/syscalls.o
 .debug_macro   0x00013316      0x120 src/ASF/sam/utils/syscalls/gcc/syscalls.o
 .debug_macro   0x00013436      0x5e7 src/ili93xx_example.o
 .debug_macro   0x00013a1d       0x10 src/ili93xx_example.o

.debug_line     0x00000000     0xfc64
 .debug_line    0x00000000      0xc09 src/ASF/common/services/clock/sam4s/sysclk.o
 .debug_line    0x00000c09      0xaec src/ASF/common/utils/stdio/read.o
 .debug_line    0x000016f5      0xad1 src/ASF/common/utils/stdio/write.o
 .debug_line    0x000021c6      0xccf src/ASF/sam/boards/sam4s_ek2/init.o
 .debug_line    0x00002e95      0xcd6 src/ASF/sam/components/display/aat31xx/aat31xx.o
 .debug_line    0x00003b6b     0x1508 src/ASF/sam/components/display/ili93xx/ili93xx.o
 .debug_line    0x00005073      0xb82 src/ASF/sam/drivers/ebi/smc/smc.o
 .debug_line    0x00005bf5      0xf08 src/ASF/sam/drivers/pio/pio.o
 .debug_line    0x00006afd      0xb8f src/ASF/sam/drivers/pio/pio_handler.o
 .debug_line    0x0000768c     0x1086 src/ASF/sam/drivers/pmc/pmc.o
 .debug_line    0x00008712      0xc6e src/ASF/sam/drivers/uart/uart.o
 .debug_line    0x00009380     0x102a src/ASF/sam/drivers/usart/usart.o
 .debug_line    0x0000a3aa      0x96d src/ASF/sam/utils/cmsis/sam4s/source/templates/gcc/startup_sam4s.o
 .debug_line    0x0000ad17      0x96b src/ASF/sam/utils/cmsis/sam4s/source/templates/system_sam4s.o
 .debug_line    0x0000b682      0x42f src/ASF/sam/utils/syscalls/gcc/syscalls.o
 .debug_line    0x0000bab1      0xf81 src/ili93xx_example.o
 .debug_line    0x0000ca32      0x231 c:/program files (x86)/atmel/atmel toolchain/arm gcc/native/4.7.1416/arm-gnu-toolchain/bin/../lib/gcc/arm-none-eabi/4.7.4/../../../../arm-none-eabi/lib/armv7e-m\libc.a(lib_a-__atexit.o)
 .debug_line    0x0000cc63      0x124 c:/program files (x86)/atmel/atmel toolchain/arm gcc/native/4.7.1416/arm-gnu-toolchain/bin/../lib/gcc/arm-none-eabi/4.7.4/../../../../arm-none-eabi/lib/armv7e-m\libc.a(lib_a-fini.o)
 .debug_line    0x0000cd87      0x183 c:/program files (x86)/atmel/atmel toolchain/arm gcc/native/4.7.1416/arm-gnu-toolchain/bin/../lib/gcc/arm-none-eabi/4.7.4/../../../../arm-none-eabi/lib/armv7e-m\libc.a(lib_a-impure.o)
 .debug_line    0x0000cf0a      0x136 c:/program files (x86)/atmel/atmel toolchain/arm gcc/native/4.7.1416/arm-gnu-toolchain/bin/../lib/gcc/arm-none-eabi/4.7.4/../../../../arm-none-eabi/lib/armv7e-m\libc.a(lib_a-init.o)
 .debug_line    0x0000d040      0x18d c:/program files (x86)/atmel/atmel toolchain/arm gcc/native/4.7.1416/arm-gnu-toolchain/bin/../lib/gcc/arm-none-eabi/4.7.4/../../../../arm-none-eabi/lib/armv7e-m\libc.a(lib_a-memset.o)
 .debug_line    0x0000d1cd      0x1fd c:/program files (x86)/atmel/atmel toolchain/arm gcc/native/4.7.1416/arm-gnu-toolchain/bin/../lib/gcc/arm-none-eabi/4.7.4/../../../../arm-none-eabi/lib/armv7e-m\libc.a(lib_a-setbuf.o)
 .debug_line    0x0000d3ca      0x276 c:/program files (x86)/atmel/atmel toolchain/arm gcc/native/4.7.1416/arm-gnu-toolchain/bin/../lib/gcc/arm-none-eabi/4.7.4/../../../../arm-none-eabi/lib/armv7e-m\libc.a(lib_a-setvbuf.o)
 .debug_line    0x0000d640      0x275 c:/program files (x86)/atmel/atmel toolchain/arm gcc/native/4.7.1416/arm-gnu-toolchain/bin/../lib/gcc/arm-none-eabi/4.7.4/../../../../arm-none-eabi/lib/armv7e-m\libc.a(lib_a-__call_atexit.o)
 .debug_line    0x0000d8b5      0x10b c:/program files (x86)/atmel/atmel toolchain/arm gcc/native/4.7.1416/arm-gnu-toolchain/bin/../lib/gcc/arm-none-eabi/4.7.4/../../../../arm-none-eabi/lib/armv7e-m\libc.a(lib_a-atexit.o)
 .debug_line    0x0000d9c0      0x2bd c:/program files (x86)/atmel/atmel toolchain/arm gcc/native/4.7.1416/arm-gnu-toolchain/bin/../lib/gcc/arm-none-eabi/4.7.4/../../../../arm-none-eabi/lib/armv7e-m\libc.a(lib_a-fflush.o)
 .debug_line    0x0000dc7d      0x2bb c:/program files (x86)/atmel/atmel toolchain/arm gcc/native/4.7.1416/arm-gnu-toolchain/bin/../lib/gcc/arm-none-eabi/4.7.4/../../../../arm-none-eabi/lib/armv7e-m\libc.a(lib_a-findfp.o)
 .debug_line    0x0000df38      0x2c0 c:/program files (x86)/atmel/atmel toolchain/arm gcc/native/4.7.1416/arm-gnu-toolchain/bin/../lib/gcc/arm-none-eabi/4.7.4/../../../../arm-none-eabi/lib/armv7e-m\libc.a(lib_a-freer.o)
 .debug_line    0x0000e1f8      0x227 c:/program files (x86)/atmel/atmel toolchain/arm gcc/native/4.7.1416/arm-gnu-toolchain/bin/../lib/gcc/arm-none-eabi/4.7.4/../../../../arm-none-eabi/lib/armv7e-m\libc.a(lib_a-fwalk.o)
 .debug_line    0x0000e41f      0x207 c:/program files (x86)/atmel/atmel toolchain/arm gcc/native/4.7.1416/arm-gnu-toolchain/bin/../lib/gcc/arm-none-eabi/4.7.4/../../../../arm-none-eabi/lib/armv7e-m\libc.a(lib_a-malloc.o)
 .debug_line    0x0000e626      0x3ac c:/program files (x86)/atmel/atmel toolchain/arm gcc/native/4.7.1416/arm-gnu-toolchain/bin/../lib/gcc/arm-none-eabi/4.7.4/../../../../arm-none-eabi/lib/armv7e-m\libc.a(lib_a-mallocr.o)
 .debug_line    0x0000e9d2      0x195 c:/program files (x86)/atmel/atmel toolchain/arm gcc/native/4.7.1416/arm-gnu-toolchain/bin/../lib/gcc/arm-none-eabi/4.7.4/../../../../arm-none-eabi/lib/armv7e-m\libc.a(lib_a-mlock.o)
 .debug_line    0x0000eb67      0x206 c:/program files (x86)/atmel/atmel toolchain/arm gcc/native/4.7.1416/arm-gnu-toolchain/bin/../lib/gcc/arm-none-eabi/4.7.4/../../../../arm-none-eabi/lib/armv7e-m\libc.a(lib_a-sbrkr.o)
 .debug_line    0x0000ed6d      0x239 c:/program files (x86)/atmel/atmel toolchain/arm gcc/native/4.7.1416/arm-gnu-toolchain/bin/../lib/gcc/arm-none-eabi/4.7.4/../../../../arm-none-eabi/lib/armv7e-m\libc.a(lib_a-stdio.o)
 .debug_line    0x0000efa6      0x206 c:/program files (x86)/atmel/atmel toolchain/arm gcc/native/4.7.1416/arm-gnu-toolchain/bin/../lib/gcc/arm-none-eabi/4.7.4/../../../../arm-none-eabi/lib/armv7e-m\libc.a(lib_a-writer.o)
 .debug_line    0x0000f1ac      0x207 c:/program files (x86)/atmel/atmel toolchain/arm gcc/native/4.7.1416/arm-gnu-toolchain/bin/../lib/gcc/arm-none-eabi/4.7.4/../../../../arm-none-eabi/lib/armv7e-m\libc.a(lib_a-closer.o)
 .debug_line    0x0000f3b3      0x255 c:/program files (x86)/atmel/atmel toolchain/arm gcc/native/4.7.1416/arm-gnu-toolchain/bin/../lib/gcc/arm-none-eabi/4.7.4/../../../../arm-none-eabi/lib/armv7e-m\libc.a(lib_a-fclose.o)
 .debug_line    0x0000f608      0x206 c:/program files (x86)/atmel/atmel toolchain/arm gcc/native/4.7.1416/arm-gnu-toolchain/bin/../lib/gcc/arm-none-eabi/4.7.4/../../../../arm-none-eabi/lib/armv7e-m\libc.a(lib_a-lseekr.o)
 .debug_line    0x0000f80e      0x205 c:/program files (x86)/atmel/atmel toolchain/arm gcc/native/4.7.1416/arm-gnu-toolchain/bin/../lib/gcc/arm-none-eabi/4.7.4/../../../../arm-none-eabi/lib/armv7e-m\libc.a(lib_a-readr.o)
 .debug_line    0x0000fa13      0x251 c:/program files (x86)/atmel/atmel toolchain/arm gcc/native/4.7.1416/arm-gnu-toolchain/bin/../lib/gcc/arm-none-eabi/4.7.4/../../../../arm-none-eabi/lib/armv7e-m\libc.a(lib_a-reent.o)

.debug_str      0x00000000    0x55ca0
 .debug_str     0x00000000    0x4a855 src/ASF/common/services/clock/sam4s/sysclk.o
                              0x4ab90 (size before relaxing)
 .debug_str     0x0004a855       0x3f src/ASF/common/utils/stdio/read.o
                              0x460b4 (size before relaxing)
 .debug_str     0x0004a894       0x2e src/ASF/common/utils/stdio/write.o
                              0x460b6 (size before relaxing)
 .debug_str     0x0004a8c2      0xbc7 src/ASF/sam/boards/sam4s_ek2/init.o
                              0x4b4cb (size before relaxing)
 .debug_str     0x0004b489      0x222 src/ASF/sam/components/display/aat31xx/aat31xx.o
                              0x4b02a (size before relaxing)
 .debug_str     0x0004b6ab     0x6566 src/ASF/sam/components/display/ili93xx/ili93xx.o
                              0x50565 (size before relaxing)