Archive member included because of file (symbol)

c:/program files (x86)/atmel/atmel toolchain/arm gcc/native/4.7.1416/arm-gnu-toolchain/bin/../lib/gcc/arm-none-eabi/4.7.4/../../../../arm-none-eabi/lib/armv7e-m\libc.a(lib_a-__atexit.o)
                              c:/program files (x86)/atmel/atmel toolchain/arm gcc/native/4.7.1416/arm-gnu-toolchain/bin/../lib/gcc/arm-none-eabi/4.7.4/../../../../arm-none-eabi/lib/armv7e-m/crt0.o (__register_exitproc)
c:/program files (x86)/atmel/atmel toolchain/arm gcc/native/4.7.1416/arm-gnu-toolchain/bin/../lib/gcc/arm-none-eabi/4.7.4/../../../../arm-none-eabi/lib/armv7e-m\libc.a(lib_a-exit.o)
                              c:/program files (x86)/atmel/atmel toolchain/arm gcc/native/4.7.1416/arm-gnu-toolchain/bin/../lib/gcc/arm-none-eabi/4.7.4/../../../../arm-none-eabi/lib/armv7e-m/crt0.o (exit)
c:/program files (x86)/atmel/atmel toolchain/arm gcc/native/4.7.1416/arm-gnu-toolchain/bin/../lib/gcc/arm-none-eabi/4.7.4/../../../../arm-none-eabi/lib/armv7e-m\libc.a(lib_a-fini.o)
                              c:/program files (x86)/atmel/atmel toolchain/arm gcc/native/4.7.1416/arm-gnu-toolchain/bin/../lib/gcc/arm-none-eabi/4.7.4/../../../../arm-none-eabi/lib/armv7e-m/crt0.o (__libc_fini_array)
c:/program files (x86)/atmel/atmel toolchain/arm gcc/native/4.7.1416/arm-gnu-toolchain/bin/../lib/gcc/arm-none-eabi/4.7.4/../../../../arm-none-eabi/lib/armv7e-m\libc.a(lib_a-impure.o)
                              c:/program files (x86)/atmel/atmel toolchain/arm gcc/native/4.7.1416/arm-gnu-toolchain/bin/../lib/gcc/arm-none-eabi/4.7.4/../../../../arm-none-eabi/lib/armv7e-m\libc.a(lib_a-__atexit.o) (_global_impure_ptr)
c:/program files (x86)/atmel/atmel toolchain/arm gcc/native/4.7.1416/arm-gnu-toolchain/bin/../lib/gcc/arm-none-eabi/4.7.4/../../../../arm-none-eabi/lib/armv7e-m\libc.a(lib_a-init.o)
                              c:/program files (x86)/atmel/atmel toolchain/arm gcc/native/4.7.1416/arm-gnu-toolchain/bin/../lib/gcc/arm-none-eabi/4.7.4/../../../../arm-none-eabi/lib/armv7e-m/crt0.o (__libc_init_array)
c:/program files (x86)/atmel/atmel toolchain/arm gcc/native/4.7.1416/arm-gnu-toolchain/bin/../lib/gcc/arm-none-eabi/4.7.4/../../../../arm-none-eabi/lib/armv7e-m\libc.a(lib_a-iprintf.o)
                              src/ASF/sam/utils/syscalls/gcc/syscalls.o (iprintf)
c:/program files (x86)/atmel/atmel toolchain/arm gcc/native/4.7.1416/arm-gnu-toolchain/bin/../lib/gcc/arm-none-eabi/4.7.4/../../../../arm-none-eabi/lib/armv7e-m\libc.a(lib_a-memset.o)
                              c:/program files (x86)/atmel/atmel toolchain/arm gcc/native/4.7.1416/arm-gnu-toolchain/bin/../lib/gcc/arm-none-eabi/4.7.4/../../../../arm-none-eabi/lib/armv7e-m/crt0.o (memset)
c:/program files (x86)/atmel/atmel toolchain/arm gcc/native/4.7.1416/arm-gnu-toolchain/bin/../lib/gcc/arm-none-eabi/4.7.4/../../../../arm-none-eabi/lib/armv7e-m\libc.a(lib_a-puts.o)
                              src/pwm_led_example.o (puts)
c:/program files (x86)/atmel/atmel toolchain/arm gcc/native/4.7.1416/arm-gnu-toolchain/bin/../lib/gcc/arm-none-eabi/4.7.4/../../../../arm-none-eabi/lib/armv7e-m\libc.a(lib_a-setbuf.o)
                              src/pwm_led_example.o (setbuf)
c:/program files (x86)/atmel/atmel toolchain/arm gcc/native/4.7.1416/arm-gnu-toolchain/bin/../lib/gcc/arm-none-eabi/4.7.4/../../../../arm-none-eabi/lib/armv7e-m\libc.a(lib_a-setvbuf.o)
                              c:/program files (x86)/atmel/atmel toolchain/arm gcc/native/4.7.1416/arm-gnu-toolchain/bin/../lib/gcc/arm-none-eabi/4.7.4/../../../../arm-none-eabi/lib/armv7e-m\libc.a(lib_a-setbuf.o) (setvbuf)
c:/program files (x86)/atmel/atmel toolchain/arm gcc/native/4.7.1416/arm-gnu-toolchain/bin/../lib/gcc/arm-none-eabi/4.7.4/../../../../arm-none-eabi/lib/armv7e-m\libc.a(lib_a-strlen.o)
                              c:/program files (x86)/atmel/atmel toolchain/arm gcc/native/4.7.1416/arm-gnu-toolchain/bin/../lib/gcc/arm-none-eabi/4.7.4/../../../../arm-none-eabi/lib/armv7e-m\libc.a(lib_a-puts.o) (strlen)
c:/program files (x86)/atmel/atmel toolchain/arm gcc/native/4.7.1416/arm-gnu-toolchain/bin/../lib/gcc/arm-none-eabi/4.7.4/../../../../arm-none-eabi/lib/armv7e-m\libc.a(lib_a-vfiprintf.o)
                              c:/program files (x86)/atmel/atmel toolchain/arm gcc/native/4.7.1416/arm-gnu-toolchain/bin/../lib/gcc/arm-none-eabi/4.7.4/../../../../arm-none-eabi/lib/armv7e-m\libc.a(lib_a-iprintf.o) (_vfiprintf_r)
c:/program files (x86)/atmel/atmel toolchain/arm gcc/native/4.7.1416/arm-gnu-toolchain/bin/../lib/gcc/arm-none-eabi/4.7.4/../../../../arm-none-eabi/lib/armv7e-m\libc.a(lib_a-wsetup.o)
                              c:/program files (x86)/atmel/atmel toolchain/arm gcc/native/4.7.1416/arm-gnu-toolchain/bin/../lib/gcc/arm-none-eabi/4.7.4/../../../../arm-none-eabi/lib/armv7e-m\libc.a(lib_a-vfiprintf.o) (__swsetup_r)
[...]
Memory Configuration

Name             Origin             Length             Attributes
rom              0x00400000         0x00200000         xr
ram              0x20000000         0x00028000         xrw
*default*        0x00000000         0xffffffff

Linker script and memory map

LOAD c:/program files (x86)/atmel/atmel toolchain/arm gcc/native/4.7.1416/arm-gnu-toolchain/bin/../lib/gcc/arm-none-eabi/4.7.4/armv7e-m/crti.o
LOAD c:/program files (x86)/atmel/atmel toolchain/arm gcc/native/4.7.1416/arm-gnu-toolchain/bin/../lib/gcc/arm-none-eabi/4.7.4/armv7e-m/crtbegin.o
LOAD c:/program files (x86)/atmel/atmel toolchain/arm gcc/native/4.7.1416/arm-gnu-toolchain/bin/../lib/gcc/arm-none-eabi/4.7.4/../../../../arm-none-eabi/lib/armv7e-m/crt0.o
LOAD src/ASF/common/services/clock/sam4s/sysclk.o
LOAD src/ASF/common/services/serial/usart_serial.o
LOAD src/ASF/common/utils/interrupt/interrupt_sam_nvic.o
LOAD src/ASF/common/utils/stdio/read.o
LOAD src/ASF/common/utils/stdio/write.o
LOAD src/ASF/sam/boards/sam4s_ek2/init.o
LOAD src/ASF/sam/boards/sam4s_ek2/led.o
LOAD src/ASF/sam/drivers/pio/pio.o
LOAD src/ASF/sam/drivers/pio/pio_handler.o
LOAD src/ASF/sam/drivers/pmc/pmc.o
LOAD src/ASF/sam/drivers/pmc/sleep.o
LOAD src/ASF/sam/drivers/pwm/pwm.o
LOAD src/ASF/sam/drivers/uart/uart.o
LOAD src/ASF/sam/drivers/usart/usart.o
LOAD src/ASF/sam/utils/cmsis/sam4s/source/templates/gcc/startup_sam4s.o
LOAD src/ASF/sam/utils/cmsis/sam4s/source/templates/system_sam4s.o
LOAD src/ASF/sam/utils/syscalls/gcc/syscalls.o
LOAD src/pwm_led_example.o
START GROUP
LOAD ../src/ASF/thirdparty/CMSIS/Lib/GCC\libarm_cortexM4l_math.a
LOAD c:/program files (x86)/atmel/atmel toolchain/arm gcc/native/4.7.1416/arm-gnu-toolchain/bin/../lib/gcc/arm-none-eabi/4.7.4/../../../../arm-none-eabi/lib/armv7e-m\libm.a
END GROUP
START GROUP
LOAD c:/program files (x86)/atmel/atmel toolchain/arm gcc/native/4.7.1416/arm-gnu-toolchain/bin/../lib/gcc/arm-none-eabi/4.7.4/armv7e-m\libgcc.a
LOAD c:/program files (x86)/atmel/atmel toolchain/arm gcc/native/4.7.1416/arm-gnu-toolchain/bin/../lib/gcc/arm-none-eabi/4.7.4/../../../../arm-none-eabi/lib/armv7e-m\libc.a
END GROUP
LOAD c:/program files (x86)/atmel/atmel toolchain/arm gcc/native/4.7.1416/arm-gnu-toolchain/bin/../lib/gcc/arm-none-eabi/4.7.4/armv7e-m/crtend.o
LOAD c:/program files (x86)/atmel/atmel toolchain/arm gcc/native/4.7.1416/arm-gnu-toolchain/bin/../lib/gcc/arm-none-eabi/4.7.4/armv7e-m/crtn.o
                [0x00003000]                __stack_size__ = DEFINED (__stack_size__)?__stack_size__:0x3000
                0x20027ffc                __ram_end__ = ((ORIGIN (ram) + 0x28000) - 0x4)

.text           0x00400000     0x2c94
                0x00400000                . = ALIGN (0x4)
                0x00400000                _sfixed = .
 *(.vectors .vectors.*)
 .vectors       0x00400000       0xcc src/ASF/sam/utils/cmsis/sam4s/source/templates/gcc/startup_sam4s.o
                0x00400000                exception_table
 *(.text .text.* .gnu.linkonce.t.*)
 .text          0x004000cc       0xb0 c:/program files (x86)/atmel/atmel toolchain/arm gcc/native/4.7.1416/arm-gnu-toolchain/bin/../lib/gcc/arm-none-eabi/4.7.4/armv7e-m/crtbegin.o
 .text.sysclk_init
                0x0040017c       0x78 src/ASF/common/services/clock/sam4s/sysclk.o
                0x0040017c                sysclk_init
 .text._read    0x004001f4       0x88 src/ASF/common/utils/stdio/read.o
                0x004001f4                _read
 .text._write   0x0040027c       0xa0 src/ASF/common/utils/stdio/write.o
                0x0040027c                _write
 .text.board_init
                0x0040031c       0x94 src/ASF/sam/boards/sam4s_ek2/init.o
                0x0040031c                board_init
 .text.pio_pull_up
                0x004003b0        0xc src/ASF/sam/drivers/pio/pio.o
                0x004003b0                pio_pull_up
 .text.pio_set_peripheral
                0x004003bc       0x98 src/ASF/sam/drivers/pio/pio.o
                0x004003bc                pio_set_peripheral
 .text.pio_disable_interrupt
                0x00400454        0x4 src/ASF/sam/drivers/pio/pio.o
                0x00400454                pio_disable_interrupt
 .text.pio_set_output
                0x00400458       0x3c src/ASF/sam/drivers/pio/pio.o
                0x00400458                pio_set_output
 .text.pio_set_input
                0x00400494       0x4c src/ASF/sam/drivers/pio/pio.o
                0x00400494                pio_set_input
 .text.pio_get_interrupt_status
                0x004004e0        0x4 src/ASF/sam/drivers/pio/pio.o
                0x004004e0                pio_get_interrupt_status
 .text.pio_get_interrupt_mask
                0x004004e4        0x4 src/ASF/sam/drivers/pio/pio.o
                0x004004e4                pio_get_interrupt_mask
 .text.pio_configure_pin
                0x004004e8      0x178 src/ASF/sam/drivers/pio/pio.o
                0x004004e8                pio_configure_pin
 .text.pio_configure_pin_group
                0x00400660      0x124 src/ASF/sam/drivers/pio/pio.o
                0x00400660                pio_configure_pin_group
 .text.pio_handler_process
                0x00400784       0x74 src/ASF/sam/drivers/pio/pio_handler.o
                0x00400784                pio_handler_process
 .text.PIOA_Handler
                0x004007f8       0x1c src/ASF/sam/drivers/pio/pio_handler.o
                0x004007f8                PIOA_Handler
 .text.PIOB_Handler
                0x00400814       0x1c src/ASF/sam/drivers/pio/pio_handler.o
                0x00400814                PIOB_Handler
 .text.PIOC_Handler
                0x00400830       0x1c src/ASF/sam/drivers/pio/pio_handler.o
                0x00400830                PIOC_Handler
 .text.pmc_switch_mck_to_pllack
                0x0040084c       0xa0 src/ASF/sam/drivers/pmc/pmc.o
                0x0040084c                pmc_switch_mck_to_pllack
 .text.pmc_switch_mainck_to_xtal
                0x004008ec       0x70 src/ASF/sam/drivers/pmc/pmc.o
                0x004008ec                pmc_switch_mainck_to_xtal
 .text.pmc_osc_is_ready_mainck
                0x0040095c       0x10 src/ASF/sam/drivers/pmc/pmc.o
                0x0040095c                pmc_osc_is_ready_mainck
 .text.pmc_disable_pllack
                0x0040096c       0x10 src/ASF/sam/drivers/pmc/pmc.o
                0x0040096c                pmc_disable_pllack
 .text.pmc_is_locked_pllack
                0x0040097c       0x10 src/ASF/sam/drivers/pmc/pmc.o
                0x0040097c                pmc_is_locked_pllack
 .text.pmc_enable_periph_clk
                0x0040098c       0x84 src/ASF/sam/drivers/pmc/pmc.o
                0x0040098c                pmc_enable_periph_clk
 .text.pwm_clocks_generate
                0x00400a10      0x124 src/ASF/sam/drivers/pwm/pwm.o
 .text.pwm_init
                0x00400b34       0x4c src/ASF/sam/drivers/pwm/pwm.o
                0x00400b34                pwm_init
 .text.pwm_channel_init
                0x00400b80      0x104 src/ASF/sam/drivers/pwm/pwm.o
                0x00400b80                pwm_channel_init
 .text.pwm_channel_update_duty
                0x00400c84       0x24 src/ASF/sam/drivers/pwm/pwm.o
                0x00400c84                pwm_channel_update_duty
 .text.pwm_channel_enable
                0x00400ca8        0xc src/ASF/sam/drivers/pwm/pwm.o
                0x00400ca8                pwm_channel_enable
 .text.pwm_channel_disable
                0x00400cb4        0xc src/ASF/sam/drivers/pwm/pwm.o
                0x00400cb4                pwm_channel_disable
 .text.pwm_channel_get_interrupt_status
                0x00400cc0        0x4 src/ASF/sam/drivers/pwm/pwm.o
                0x00400cc0                pwm_channel_get_interrupt_status
 .text.pwm_channel_enable_interrupt
                0x00400cc4       0x18 src/ASF/sam/drivers/pwm/pwm.o
                0x00400cc4                pwm_channel_enable_interrupt
 .text.pwm_channel_disable_interrupt
                0x00400cdc       0x18 src/ASF/sam/drivers/pwm/pwm.o
                0x00400cdc                pwm_channel_disable_interrupt
 .text.uart_init
                0x00400cf4       0x44 src/ASF/sam/drivers/uart/uart.o
                0x00400cf4                uart_init
 .text.uart_write
                0x00400d38       0x18 src/ASF/sam/drivers/uart/uart.o
                0x00400d38                uart_write
 .text.uart_read
                0x00400d50       0x18 src/ASF/sam/drivers/uart/uart.o
                0x00400d50                uart_read
 .text.usart_write
                0x00400d68       0x20 src/ASF/sam/drivers/usart/usart.o
                0x00400d68                usart_write
 .text.usart_read
                0x00400d88       0x20 src/ASF/sam/drivers/usart/usart.o
                0x00400d88                usart_read
 .text.Dummy_Handler
                0x00400da8        0x4 src/ASF/sam/utils/cmsis/sam4s/source/templates/gcc/startup_sam4s.o
                0x00400da8                DACC_Handler
                0x00400da8                DebugMon_Handler
                0x00400da8                HardFault_Handler
                0x00400da8                TC2_Handler
                0x00400da8                SPI_Handler
                0x00400da8                SysTick_Handler
                0x00400da8                TWI1_Handler
                0x00400da8                PendSV_Handler
                0x00400da8                NMI_Handler
                0x00400da8                ADC_Handler
                0x00400da8                CRCCU_Handler
                0x00400da8                USART0_Handler
                0x00400da8                RTT_Handler
                0x00400da8                EFC1_Handler
                0x00400da8                RTC_Handler
                0x00400da8                UsageFault_Handler
                0x00400da8                WDT_Handler
                0x00400da8                TC4_Handler
                0x00400da8                TC1_Handler
                0x00400da8                HSMCI_Handler
                0x00400da8                UART1_Handler
                0x00400da8                TC3_Handler
                0x00400da8                Dummy_Handler
                0x00400da8                TWI0_Handler
                0x00400da8                USART1_Handler
                0x00400da8                SSC_Handler
                0x00400da8                EFC0_Handler
                0x00400da8                ACC_Handler
                0x00400da8                PMC_Handler
                0x00400da8                MemManage_Handler
                0x00400da8                SUPC_Handler
                0x00400da8                SVC_Handler
                0x00400da8                UART0_Handler
                0x00400da8                UDP_Handler
                0x00400da8                BusFault_Handler
                0x00400da8                RSTC_Handler
                0x00400da8                TC0_Handler
                0x00400da8                TC5_Handler
 .text.Reset_Handler
                0x00400dac      0x164 src/ASF/sam/utils/cmsis/sam4s/source/templates/gcc/startup_sam4s.o
                0x00400dac                Reset_Handler
 .text.SystemCoreClockUpdate
                0x00400f10      0x1b8 src/ASF/sam/utils/cmsis/sam4s/source/templates/system_sam4s.o
                0x00400f10                SystemCoreClockUpdate
 .text.system_init_flash
                0x004010c8       0xe8 src/ASF/sam/utils/cmsis/sam4s/source/templates/system_sam4s.o
                0x004010c8                system_init_flash
 .text._sbrk    0x004011b0       0x4c src/ASF/sam/utils/syscalls/gcc/syscalls.o
                0x004011b0                _sbrk
 .text._close   0x004011fc        0x8 src/ASF/sam/utils/syscalls/gcc/syscalls.o
                0x004011fc                _close
 .text._fstat   0x00401204        0xc src/ASF/sam/utils/syscalls/gcc/syscalls.o
                0x00401204                _fstat
 .text._isatty  0x00401210        0x8 src/ASF/sam/utils/syscalls/gcc/syscalls.o
                0x00401210                _isatty
 .text._lseek   0x00401218        0x8 src/ASF/sam/utils/syscalls/gcc/syscalls.o
                0x00401218                _lseek
 .text.usart_serial_getchar
                0x00401220       0xb8 src/pwm_led_example.o
 .text.usart_serial_putchar
                0x004012d8       0xbc src/pwm_led_example.o
 .text.PWM_Handler
                0x00401394       0xc4 src/pwm_led_example.o
                0x00401394                PWM_Handler
 .text.main     0x00401458      0x1a0 src/pwm_led_example.o
                0x00401458                main
 .text          0x004015f8       0x9c c:/program files (x86)/atmel/atmel toolchain/arm gcc/native/4.7.1416/arm-gnu-toolchain/bin/../lib/gcc/arm-none-eabi/4.7.4/../../../../arm-none-eabi/lib/armv7e-m\libc.a(lib_a-__atexit.o)
                0x004015f8                __register_exitproc
 .text          0x00401694       0x2c c:/program files (x86)/atmel/atmel toolchain/arm gcc/native/4.7.1416/arm-gnu-toolchain/bin/../lib/gcc/arm-none-eabi/4.7.4/../../../../arm-none-eabi/lib/armv7e-m\libc.a(lib_a-fini.o)
                0x00401694                __libc_fini_array
 .text          0x004016c0       0x4c c:/program files (x86)/atmel/atmel toolchain/arm gcc/native/4.7.1416/arm-gnu-toolchain/bin/../lib/gcc/arm-none-eabi/4.7.4/../../../../arm-none-eabi/lib/armv7e-m\libc.a(lib_a-init.o)
                0x004016c0                __libc_init_array
 .text          0x0040170c       0x10 c:/program files (x86)/atmel/atmel toolchain/arm gcc/native/4.7.1416/arm-gnu-toolchain/bin/../lib/gcc/arm-none-eabi/4.7.4/../../../../arm-none-eabi/lib/armv7e-m\libc.a(lib_a-memset.o)
                0x0040170c                memset
 .text          0x0040171c       0x74 c:/program files (x86)/atmel/atmel toolchain/arm gcc/native/4.7.1416/arm-gnu-toolchain/bin/../lib/gcc/arm-none-eabi/4.7.4/../../../../arm-none-eabi/lib/armv7e-m\libc.a(lib_a-puts.o)
                0x0040171c                _puts_r
                0x00401780                puts
 .text          0x00401790       0x10 c:/program files (x86)/atmel/atmel toolchain/arm gcc/native/4.7.1416/arm-gnu-toolchain/bin/../lib/gcc/arm-none-eabi/4.7.4/../../../../arm-none-eabi/lib/armv7e-m\libc.a(lib_a-setbuf.o)
                0x00401790                setbuf
 .text          0x004017a0       0xec c:/program files (x86)/atmel/atmel toolchain/arm gcc/native/4.7.1416/arm-gnu-toolchain/bin/../lib/gcc/arm-none-eabi/4.7.4/../../../../arm-none-eabi/lib/armv7e-m\libc.a(lib_a-setvbuf.o)
                0x004017a0                setvbuf
 .text          0x0040188c       0x10 c:/program files (x86)/atmel/atmel toolchain/arm gcc/native/4.7.1416/arm-gnu-toolchain/bin/../lib/gcc/arm-none-eabi/4.7.4/../../../../arm-none-eabi/lib/armv7e-m\libc.a(lib_a-strlen.o)
                0x0040188c                strlen
 .text          0x0040189c       0xb8 c:/program files (x86)/atmel/atmel toolchain/arm gcc/native/4.7.1416/arm-gnu-toolchain/bin/../lib/gcc/arm-none-eabi/4.7.4/../../../../arm-none-eabi/lib/armv7e-m\libc.a(lib_a-wsetup.o)
                0x0040189c                __swsetup_r
 .text.startup  0x00401954       0x14 c:/program files (x86)/atmel/atmel toolchain/arm gcc/native/4.7.1416/arm-gnu-toolchain/bin/../lib/gcc/arm-none-eabi/4.7.4/../../../../arm-none-eabi/lib/armv7e-m\libc.a(lib_a-__call_atexit.o)
 .text          0x00401968        0xc c:/program files (x86)/atmel/atmel toolchain/arm gcc/native/4.7.1416/arm-gnu-toolchain/bin/../lib/gcc/arm-none-eabi/4.7.4/../../../../arm-none-eabi/lib/armv7e-m\libc.a(lib_a-atexit.o)
                0x00401968                atexit
 .text          0x00401974      0x154 c:/program files (x86)/atmel/atmel toolchain/arm gcc/native/4.7.1416/arm-gnu-toolchain/bin/../lib/gcc/arm-none-eabi/4.7.4/../../../../arm-none-eabi/lib/armv7e-m\libc.a(lib_a-fflush.o)
                0x00401974                _fflush_r
                0x00401aa4                fflush
 .text          0x00401ac8      0x18c c:/program files (x86)/atmel/atmel toolchain/arm gcc/native/4.7.1416/arm-gnu-toolchain/bin/../lib/gcc/arm-none-eabi/4.7.4/../../../../arm-none-eabi/lib/armv7e-m\libc.a(lib_a-findfp.o)
                0x00401ad0                _cleanup_r
                0x00401b24                __sfmoreglue
                0x00401b4e                _cleanup
                0x00401b5c                __sinit
                0x00401ba8                __sfp
                0x00401c24                __sfp_lock_acquire
                0x00401c26                __sfp_lock_release
                0x00401c28                __sinit_lock_acquire
                0x00401c2a                __sinit_lock_release
                0x00401c2c                __fp_lock_all
                0x00401c40                __fp_unlock_all
 .text          0x00401c54      0x208 c:/program files (x86)/atmel/atmel toolchain/arm gcc/native/4.7.1416/arm-gnu-toolchain/bin/../lib/gcc/arm-none-eabi/4.7.4/../../../../arm-none-eabi/lib/armv7e-m\libc.a(lib_a-freer.o)
                0x00401c54                _malloc_trim_r
                0x00401cf0                _free_r
 .text          0x00401e5c      0x2b6 c:/program files (x86)/atmel/atmel toolchain/arm gcc/native/4.7.1416/arm-gnu-toolchain/bin/../lib/gcc/arm-none-eabi/4.7.4/../../../../arm-none-eabi/lib/armv7e-m\libc.a(lib_a-fvwrite.o)
                0x00401e5c                __sfvwrite_r
 .text          0x00402112       0x86 c:/program files (x86)/atmel/atmel toolchain/arm gcc/native/4.7.1416/arm-gnu-toolchain/bin/../lib/gcc/arm-none-eabi/4.7.4/../../../../arm-none-eabi/lib/armv7e-m\libc.a(lib_a-fwalk.o)
                0x00402112                _fwalk
                0x00402154                _fwalk_reent
 .text          0x00402198       0xd8 c:/program files (x86)/atmel/atmel toolchain/arm gcc/native/4.7.1416/arm-gnu-toolchain/bin/../lib/gcc/arm-none-eabi/4.7.4/../../../../arm-none-eabi/lib/armv7e-m\libc.a(lib_a-makebuf.o)
                0x00402198                __smakebuf_r
 .text          0x00402270       0x20 c:/program files (x86)/atmel/atmel toolchain/arm gcc/native/4.7.1416/arm-gnu-toolchain/bin/../lib/gcc/arm-none-eabi/4.7.4/../../../../arm-none-eabi/lib/armv7e-m\libc.a(lib_a-malloc.o)
                0x00402270                malloc
                0x00402280                free
 .text          0x00402290      0x404 c:/program files (x86)/atmel/atmel toolchain/arm gcc/native/4.7.1416/arm-gnu-toolchain/bin/../lib/gcc/arm-none-eabi/4.7.4/../../../../arm-none-eabi/lib/armv7e-m\libc.a(lib_a-mallocr.o)
                0x00402290                _malloc_r
 .text          0x00402694       0x1c c:/program files (x86)/atmel/atmel toolchain/arm gcc/native/4.7.1416/arm-gnu-toolchain/bin/../lib/gcc/arm-none-eabi/4.7.4/../../../../arm-none-eabi/lib/armv7e-m\libc.a(lib_a-memchr.o)
                0x00402694                memchr
 .text          0x004026b0       0x12 c:/program files (x86)/atmel/atmel toolchain/arm gcc/native/4.7.1416/arm-gnu-toolchain/bin/../lib/gcc/arm-none-eabi/4.7.4/../../../../arm-none-eabi/lib/armv7e-m\libc.a(lib_a-memcpy.o)
                0x004026b0                memcpy
 .text          0x004026c2       0x34 c:/program files (x86)/atmel/atmel toolchain/arm gcc/native/4.7.1416/arm-gnu-toolchain/bin/../lib/gcc/arm-none-eabi/4.7.4/../../../../arm-none-eabi/lib/armv7e-m\libc.a(lib_a-memmove.o)
                0x004026c2                memmove
 .text          0x004026f6        0x4 c:/program files (x86)/atmel/atmel toolchain/arm gcc/native/4.7.1416/arm-gnu-toolchain/bin/../lib/gcc/arm-none-eabi/4.7.4/../../../../arm-none-eabi/lib/armv7e-m\libc.a(lib_a-mlock.o)
                0x004026f6                __malloc_lock
                0x004026f8                __malloc_unlock
 *fill*         0x004026fa        0x2 00
 .text          0x004026fc      0x2dc c:/program files (x86)/atmel/atmel toolchain/arm gcc/native/4.7.1416/arm-gnu-toolchain/bin/../lib/gcc/arm-none-eabi/4.7.4/../../../../arm-none-eabi/lib/armv7e-m\libc.a(lib_a-reallocr.o)
                0x004026fc                _realloc_r
 .text          0x004029d8       0x20 c:/program files (x86)/atmel/atmel toolchain/arm gcc/native/4.7.1416/arm-gnu-toolchain/bin/../lib/gcc/arm-none-eabi/4.7.4/../../../../arm-none-eabi/lib/armv7e-m\libc.a(lib_a-sbrkr.o)
                0x004029d8                _sbrk_r
 .text          0x004029f8       0x8e c:/program files (x86)/atmel/atmel toolchain/arm gcc/native/4.7.1416/arm-gnu-toolchain/bin/../lib/gcc/arm-none-eabi/4.7.4/../../../../arm-none-eabi/lib/armv7e-m\libc.a(lib_a-stdio.o)
                0x004029f8                __sread
                0x00402a1a                __seofread
                0x00402a1e                __swrite
                0x00402a5a                __sseek
                0x00402a7e                __sclose
 *fill*         0x00402a86        0x2 00
 .text          0x00402a88       0x24 c:/program files (x86)/atmel/atmel toolchain/arm gcc/native/4.7.1416/arm-gnu-toolchain/bin/../lib/gcc/arm-none-eabi/4.7.4/../../../../arm-none-eabi/lib/armv7e-m\libc.a(lib_a-writer.o)
                0x00402a88                _write_r
 .text          0x00402aac       0x20 c:/program files (x86)/atmel/atmel toolchain/arm gcc/native/4.7.1416/arm-gnu-toolchain/bin/../lib/gcc/arm-none-eabi/4.7.4/../../../../arm-none-eabi/lib/armv7e-m\libc.a(lib_a-closer.o)
                0x00402aac                _close_r
 .text          0x00402acc       0x94 c:/program files (x86)/atmel/atmel toolchain/arm gcc/native/4.7.1416/arm-gnu-toolchain/bin/../lib/gcc/arm-none-eabi/4.7.4/../../../../arm-none-eabi/lib/armv7e-m\libc.a(lib_a-fclose.o)
                0x00402acc                _fclose_r
                0x00402b50                fclose
 .text          0x00402b60       0x24 c:/program files (x86)/atmel/atmel toolchain/arm gcc/native/4.7.1416/arm-gnu-toolchain/bin/../lib/gcc/arm-none-eabi/4.7.4/../../../../arm-none-eabi/lib/armv7e-m\libc.a(lib_a-fstatr.o)
                0x00402b60                _fstat_r
 .text          0x00402b84       0x20 c:/program files (x86)/atmel/atmel toolchain/arm gcc/native/4.7.1416/arm-gnu-toolchain/bin/../lib/gcc/arm-none-eabi/4.7.4/../../../../arm-none-eabi/lib/armv7e-m\libc.a(lib_a-isattyr.o)
                0x00402b84                _isatty_r
 .text          0x00402ba4       0x24 c:/program files (x86)/atmel/atmel toolchain/arm gcc/native/4.7.1416/arm-gnu-toolchain/bin/../lib/gcc/arm-none-eabi/4.7.4/../../../../arm-none-eabi/lib/armv7e-m\libc.a(lib_a-lseekr.o)
                0x00402ba4                _lseek_r
 .text          0x00402bc8       0x24 c:/program files (x86)/atmel/atmel toolchain/arm gcc/native/4.7.1416/arm-gnu-toolchain/bin/../lib/gcc/arm-none-eabi/4.7.4/../../../../arm-none-eabi/lib/armv7e-m\libc.a(lib_a-readr.o)
                0x00402bc8                _read_r
 *(.glue_7t)
 .glue_7t       0x00000000        0x0 linker stubs
 *(.glue_7)
 .glue_7        0x00000000        0x0 linker stubs
 *(.rodata .rodata* .gnu.linkonce.r.*)
 .rodata        0x00402bec       0x2c src/ASF/sam/drivers/pwm/pwm.o
 .rodata.str1.4
                0x00402c18       0x50 src/pwm_led_example.o
 .rodata        0x00402c68        0x4 c:/program files (x86)/atmel/atmel toolchain/arm gcc/native/4.7.1416/arm-gnu-toolchain/bin/../lib/gcc/arm-none-eabi/4.7.4/../../../../arm-none-eabi/lib/armv7e-m\libc.a(lib_a-impure.o)
                0x00402c68                _global_impure_ptr
 .rodata.str1.1
                0x00402c6c        0x2 c:/program files (x86)/atmel/atmel toolchain/arm gcc/native/4.7.1416/arm-gnu-toolchain/bin/../lib/gcc/arm-none-eabi/4.7.4/../../../../arm-none-eabi/lib/armv7e-m\libc.a(lib_a-impure.o)
 .rodata.str1.1
                0x00402c6e        0x2 c:/program files (x86)/atmel/atmel toolchain/arm gcc/native/4.7.1416/arm-gnu-toolchain/bin/../lib/gcc/arm-none-eabi/4.7.4/../../../../arm-none-eabi/lib/armv7e-m\libc.a(lib_a-puts.o)
 *(.ARM.extab* .gnu.linkonce.armextab.*)
                0x00402c70                . = ALIGN (0x4)
 *(.init)
 .init          0x00402c70        0x4 c:/program files (x86)/atmel/atmel toolchain/arm gcc/native/4.7.1416/arm-gnu-toolchain/bin/../lib/gcc/arm-none-eabi/4.7.4/armv7e-m/crti.o
                0x00402c70                _init
 .init          0x00402c74        0x8 c:/program files (x86)/atmel/atmel toolchain/arm gcc/native/4.7.1416/arm-gnu-toolchain/bin/../lib/gcc/arm-none-eabi/4.7.4/armv7e-m/crtn.o
                0x00402c7c                . = ALIGN (0x4)
                0x00402c7c                __preinit_array_start = .
 *(.preinit_array)
                0x00402c7c                __preinit_array_end = .
                0x00402c7c                . = ALIGN (0x4)
                0x00402c7c                __init_array_start = .
 *(SORT(.init_array.*))
 .init_array.00000
                0x00402c7c        0x4 c:/program files (x86)/atmel/atmel toolchain/arm gcc/native/4.7.1416/arm-gnu-toolchain/bin/../lib/gcc/arm-none-eabi/4.7.4/../../../../arm-none-eabi/lib/armv7e-m\libc.a(lib_a-__call_atexit.o)
 *(.init_array)
 .init_array    0x00402c80        0x4 c:/program files (x86)/atmel/atmel toolchain/arm gcc/native/4.7.1416/arm-gnu-toolchain/bin/../lib/gcc/arm-none-eabi/4.7.4/armv7e-m/crtbegin.o
                0x00402c84                __init_array_end = .
                0x00402c84                . = ALIGN (0x4)
 *crtbegin.o(.ctors)
 *(EXCLUDE_FILE(*crtend.o) .ctors)
 *(SORT(.ctors.*))
 *crtend.o(.ctors)
                0x00402c84                . = ALIGN (0x4)
 *(.fini)
 .fini          0x00402c84        0x4 c:/program files (x86)/atmel/atmel toolchain/arm gcc/native/4.7.1416/arm-gnu-toolchain/bin/../lib/gcc/arm-none-eabi/4.7.4/armv7e-m/crti.o
                0x00402c84                _fini
 .fini          0x00402c88        0x8 c:/program files (x86)/atmel/atmel toolchain/arm gcc/native/4.7.1416/arm-gnu-toolchain/bin/../lib/gcc/arm-none-eabi/4.7.4/armv7e-m/crtn.o
                0x00402c90                . = ALIGN (0x4)
                0x00402c90                __fini_array_start = .
 *(.fini_array)
 .fini_array    0x00402c90        0x4 c:/program files (x86)/atmel/atmel toolchain/arm gcc/native/4.7.1416/arm-gnu-toolchain/bin/../lib/gcc/arm-none-eabi/4.7.4/armv7e-m/crtbegin.o
 *(SORT(.fini_array.*))
                0x00402c94                __fini_array_end = .
 *crtbegin.o(.dtors)
 *(EXCLUDE_FILE(*crtend.o) .dtors)
 *(SORT(.dtors.*))
 *crtend.o(.dtors)
                0x00402c94                . = ALIGN (0x4)
                0x00402c94                _efixed = .
                0x00402c94                PROVIDE (__exidx_start, .)

.vfp11_veneer   0x00402c94        0x0
 .vfp11_veneer  0x00000000        0x0 linker stubs

.v4_bx          0x00402c94        0x0
 .v4_bx         0x00000000        0x0 linker stubs

.iplt           0x00402c94        0x0
 .iplt          0x00000000        0x0 c:/program files (x86)/atmel/atmel toolchain/arm gcc/native/4.7.1416/arm-gnu-toolchain/bin/../lib/gcc/arm-none-eabi/4.7.4/armv7e-m/crtbegin.o

.eh_frame       0x00402c94        0x0
 .eh_frame      0x00402c94        0x0 c:/program files (x86)/atmel/atmel toolchain/arm gcc/native/4.7.1416/arm-gnu-toolchain/bin/../lib/gcc/arm-none-eabi/4.7.4/armv7e-m/crtbegin.o

.rel.dyn        0x00402c94        0x0
 .rel.iplt      0x00000000        0x0 c:/program files (x86)/atmel/atmel toolchain/arm gcc/native/4.7.1416/arm-gnu-toolchain/bin/../lib/gcc/arm-none-eabi/4.7.4/armv7e-m/crtbegin.o

.jcr            0x00402c94        0x0
 .jcr           0x00402c94        0x0 c:/program files (x86)/atmel/atmel toolchain/arm gcc/native/4.7.1416/arm-gnu-toolchain/bin/../lib/gcc/arm-none-eabi/4.7.4/armv7e-m/crtbegin.o

.tm_clone_table
                0x00402c94        0x0
 .tm_clone_table
                0x00402c94        0x0 c:/program files (x86)/atmel/atmel toolchain/arm gcc/native/4.7.1416/arm-gnu-toolchain/bin/../lib/gcc/arm-none-eabi/4.7.4/armv7e-m/crtbegin.o
 .tm_clone_table
                0x00402c94        0x0 c:/program files (x86)/atmel/atmel toolchain/arm gcc/native/4.7.1416/arm-gnu-toolchain/bin/../lib/gcc/arm-none-eabi/4.7.4/armv7e-m/crtend.o

.igot.plt       0x00402c94        0x0
 .igot.plt      0x00000000        0x0 c:/program files (x86)/atmel/atmel toolchain/arm gcc/native/4.7.1416/arm-gnu-toolchain/bin/../lib/gcc/arm-none-eabi/4.7.4/armv7e-m/crtbegin.o

.ARM.exidx
 *(.ARM.exidx* .gnu.linkonce.armexidx.*)
                0x00402c94                PROVIDE (__exidx_end, .)
                0x00402c94                . = ALIGN (0x4)
                0x00402c94                _etext = .

.relocate       0x20000000      0x848 load address 0x00402c94
                0x20000000                . = ALIGN (0x4)
                0x20000000                _srelocate = .
 *(.ramfunc .ramfunc.*)
 *(.data .data.*)
 .data.SystemCoreClock
                0x20000000        0x4 src/ASF/sam/utils/cmsis/sam4s/source/templates/system_sam4s.o
                0x20000000                SystemCoreClock
 .data.fade_in.8272
                0x20000004        0x1 src/pwm_led_example.o
 *fill*         0x20000005        0x3 00
 .data          0x20000008      0x430 c:/program files (x86)/atmel/atmel toolchain/arm gcc/native/4.7.1416/arm-gnu-toolchain/bin/../lib/gcc/arm-none-eabi/4.7.4/../../../../arm-none-eabi/lib/armv7e-m\libc.a(lib_a-impure.o)
                0x20000008                _impure_ptr
 .data          0x20000438      0x410 c:/program files (x86)/atmel/atmel toolchain/arm gcc/native/4.7.1416/arm-gnu-toolchain/bin/../lib/gcc/arm-none-eabi/4.7.4/../../../../arm-none-eabi/lib/armv7e-m\libc.a(lib_a-mallocr.o)
                0x20000438                __malloc_av_
                0x20000840                __malloc_sbrk_base
                0x20000844                __malloc_trim_threshold
                0x20000848                . = ALIGN (0x4)
                0x20000848                _erelocate = .

.bss            0x20000848      0x10c load address 0x004034dc
                0x20000848                . = ALIGN (0x4)
                0x20000848                _sbss = .
                0x20000848                _szero = .
 *(.bss .bss.*)
 .bss           0x20000848       0x1c c:/program files (x86)/atmel/atmel toolchain/arm gcc/native/4.7.1416/arm-gnu-toolchain/bin/../lib/gcc/arm-none-eabi/4.7.4/armv7e-m/crtbegin.o
 .bss.pio_capture_handler
                0x20000864        0x4 src/ASF/sam/drivers/pio/pio_handler.o
 .bss.gs_interrupt_sources
                0x20000868       0x70 src/ASF/sam/drivers/pio/pio_handler.o
 .bss.heap.5085
                0x200008d8        0x4 src/ASF/sam/utils/syscalls/gcc/syscalls.o
 .bss.ul_duty.8271
                0x200008dc        0x4 src/pwm_led_example.o
 .bss.ul_count.8270
                0x200008e0        0x4 src/pwm_led_example.o
 .bss           0x200008e4       0x34 c:/program files (x86)/atmel/atmel toolchain/arm gcc/native/4.7.1416/arm-gnu-toolchain/bin/../lib/gcc/arm-none-eabi/4.7.4/../../../../arm-none-eabi/lib/armv7e-m\libc.a(lib_a-mallocr.o)
                0x200008e4                __malloc_top_pad
                0x200008e8                __malloc_current_mallinfo
                0x20000910                __malloc_max_sbrked_mem
                0x20000914                __malloc_max_total_mem
 *(COMMON)
 COMMON         0x20000918        0x4 src/ASF/common/utils/stdio/read.o
                0x20000918                ptr_get
 COMMON         0x2000091c        0x8 src/ASF/common/utils/stdio/write.o
                0x2000091c                ptr_put
                0x20000920                stdio_base
 COMMON         0x20000924        0x4 src/ASF/sam/drivers/pio/pio.o
                0x20000924                pio_capture_enable_flag
 COMMON         0x20000928       0x28 src/pwm_led_example.o
                0x20000928                g_pwm_channel_led
 COMMON         0x20000950        0x4 c:/program files (x86)/atmel/atmel toolchain/arm gcc/native/4.7.1416/arm-gnu-toolchain/bin/../lib/gcc/arm-none-eabi/4.7.4/../../../../arm-none-eabi/lib/armv7e-m\libc.a(lib_a-reent.o)
                0x20000950                errno
                0x20000954                . = ALIGN (0x4)
                0x20000954                _ebss = .
                0x20000954                _ezero = .

.stack          0x20000954     0x3004 load address 0x004035e8
                0x20000958                . = ALIGN (0x8)
 *fill*         0x20000954        0x4 00
                0x20000958                _sstack = .
                0x20003958                . = (. + __stack_size__)
 *fill*         0x20000958     0x3000 00
                0x20003958                . = ALIGN (0x8)
                0x20003958                _estack = .
                0x20003958                . = ALIGN (0x4)
                0x20003958                _end = .
OUTPUT(PWM_PWM_LED_EXAMPLE1.elf elf32-littlearm)

.ARM.attributes
                0x00000000       0x2a
 .ARM.attributes
                0x00000000       0x1e c:/program files (x86)/atmel/atmel toolchain/arm gcc/native/4.7.1416/arm-gnu-toolchain/bin/../lib/gcc/arm-none-eabi/4.7.4/armv7e-m/crti.o
 .ARM.attributes
                0x0000001e       0x2e c:/program files (x86)/atmel/atmel toolchain/arm gcc/native/4.7.1416/arm-gnu-toolchain/bin/../lib/gcc/arm-none-eabi/4.7.4/armv7e-m/crtbegin.o
 .ARM.attributes
                0x0000004c       0x33 src/ASF/common/services/clock/sam4s/sysclk.o
 .ARM.attributes
                0x0000007f       0x33 src/ASF/common/utils/stdio/read.o
 .ARM.attributes
                0x000000b2       0x33 src/ASF/common/utils/stdio/write.o
 .ARM.attributes
                0x000000e5       0x33 src/ASF/sam/boards/sam4s_ek2/init.o
 .ARM.attributes
                0x00000118       0x33 src/ASF/sam/drivers/pio/pio.o
 .ARM.attributes
                0x0000014b       0x33 src/ASF/sam/drivers/pio/pio_handler.o
 .ARM.attributes
                0x0000017e       0x33 src/ASF/sam/drivers/pmc/pmc.o
 .ARM.attributes
                0x000001b1       0x33 src/ASF/sam/drivers/pwm/pwm.o
 .ARM.attributes
                0x000001e4       0x33 src/ASF/sam/drivers/uart/uart.o
 .ARM.attributes
                0x00000217       0x33 src/ASF/sam/drivers/usart/usart.o
 .ARM.attributes
                0x0000024a       0x33 src/ASF/sam/utils/cmsis/sam4s/source/templates/gcc/startup_sam4s.o
 .ARM.attributes
                0x0000027d       0x33 src/ASF/sam/utils/cmsis/sam4s/source/templates/system_sam4s.o
 .ARM.attributes
                0x000002b0       0x33 src/ASF/sam/utils/syscalls/gcc/syscalls.o
 .ARM.attributes
                0x000002e3       0x33 src/pwm_led_example.o
 .ARM.attributes
                0x00000316       0x2e c:/program files (x86)/atmel/atmel toolchain/arm gcc/native/4.7.1416/arm-gnu-toolchain/bin/../lib/gcc/arm-none-eabi/4.7.4/../../../../arm-none-eabi/lib/armv7e-m\libc.a(lib_a-__atexit.o)
 .ARM.attributes
                0x00000344       0x2e c:/program files (x86)/atmel/atmel toolchain/arm gcc/native/4.7.1416/arm-gnu-toolchain/bin/../lib/gcc/arm-none-eabi/4.7.4/../../../../arm-none-eabi/lib/armv7e-m\libc.a(lib_a-fini.o)
 .ARM.attributes
                0x00000372       0x2e c:/program files (x86)/atmel/atmel toolchain/arm gcc/native/4.7.1416/arm-gnu-toolchain/bin/../lib/gcc/arm-none-eabi/4.7.4/../../../../arm-none-eabi/lib/armv7e-m\libc.a(lib_a-impure.o)
 .ARM.attributes
                0x000003a0       0x2e c:/program files (x86)/atmel/atmel toolchain/arm gcc/native/4.7.1416/arm-gnu-toolchain/bin/../lib/gcc/arm-none-eabi/4.7.4/../../../../arm-none-eabi/lib/armv7e-m\libc.a(lib_a-init.o)
 .ARM.attributes
                0x000003ce       0x2e c:/program files (x86)/atmel/atmel toolchain/arm gcc/native/4.7.1416/arm-gnu-toolchain/bin/../lib/gcc/arm-none-eabi/4.7.4/../../../../arm-none-eabi/lib/armv7e-m\libc.a(lib_a-memset.o)
 .ARM.attributes
                0x000003fc       0x2e c:/program files (x86)/atmel/atmel toolchain/arm gcc/native/4.7.1416/arm-gnu-toolchain/bin/../lib/gcc/arm-none-eabi/4.7.4/../../../../arm-none-eabi/lib/armv7e-m\libc.a(lib_a-puts.o)
 .ARM.attributes
                0x0000042a       0x2e c:/program files (x86)/atmel/atmel toolchain/arm gcc/native/4.7.1416/arm-gnu-toolchain/bin/../lib/gcc/arm-none-eabi/4.7.4/../../../../arm-none-eabi/lib/armv7e-m\libc.a(lib_a-setbuf.o)
 .ARM.attributes
                0x00000458       0x2e c:/program files (x86)/atmel/atmel toolchain/arm gcc/native/4.7.1416/arm-gnu-toolchain/bin/../lib/gcc/arm-none-eabi/4.7.4/../../../../arm-none-eabi/lib/armv7e-m\libc.a(lib_a-setvbuf.o)
 .ARM.attributes
                0x00000486       0x2e c:/program files (x86)/atmel/atmel toolchain/arm gcc/native/4.7.1416/arm-gnu-toolchain/bin/../lib/gcc/arm-none-eabi/4.7.4/../../../../arm-none-eabi/lib/armv7e-m\libc.a(lib_a-strlen.o)
 .ARM.attributes
                0x000004b4       0x2e c:/program files (x86)/atmel/atmel toolchain/arm gcc/native/4.7.1416/arm-gnu-toolchain/bin/../lib/gcc/arm-none-eabi/4.7.4/../../../../arm-none-eabi/lib/armv7e-m\libc.a(lib_a-wsetup.o)
 .ARM.attributes
                0x000004e2       0x2e c:/program files (x86)/atmel/atmel toolchain/arm gcc/native/4.7.1416/arm-gnu-toolchain/bin/../lib/gcc/arm-none-eabi/4.7.4/../../../../arm-none-eabi/lib/armv7e-m\libc.a(lib_a-__call_atexit.o)
 .ARM.attributes
                0x00000510       0x2e c:/program files (x86)/atmel/atmel toolchain/arm gcc/native/4.7.1416/arm-gnu-toolchain/bin/../lib/gcc/arm-none-eabi/4.7.4/../../../../arm-none-eabi/lib/armv7e-m\libc.a(lib_a-atexit.o)
 .ARM.attributes
                0x0000053e       0x2e c:/program files (x86)/atmel/atmel toolchain/arm gcc/native/4.7.1416/arm-gnu-toolchain/bin/../lib/gcc/arm-none-eabi/4.7.4/../../../../arm-none-eabi/lib/armv7e-m\libc.a(lib_a-fflush.o)
 .ARM.attributes
                0x0000056c       0x2e c:/program files (x86)/atmel/atmel toolchain/arm gcc/native/4.7.1416/arm-gnu-toolchain/bin/../lib/gcc/arm-none-eabi/4.7.4/../../../../arm-none-eabi/lib/armv7e-m\libc.a(lib_a-findfp.o)
 .ARM.attributes
                0x0000059a       0x2e c:/program files (x86)/atmel/atmel toolchain/arm gcc/native/4.7.1416/arm-gnu-toolchain/bin/../lib/gcc/arm-none-eabi/4.7.4/../../../../arm-none-eabi/lib/armv7e-m\libc.a(lib_a-freer.o)
 .ARM.attributes
                0x000005c8       0x2e c:/program files (x86)/atmel/atmel toolchain/arm gcc/native/4.7.1416/arm-gnu-toolchain/bin/../lib/gcc/arm-none-eabi/4.7.4/../../../../arm-none-eabi/lib/armv7e-m\libc.a(lib_a-fvwrite.o)
 .ARM.attributes
                0x000005f6       0x2e c:/program files (x86)/atmel/atmel toolchain/arm gcc/native/4.7.1416/arm-gnu-toolchain/bin/../lib/gcc/arm-none-eabi/4.7.4/../../../../arm-none-eabi/lib/armv7e-m\libc.a(lib_a-fwalk.o)
 .ARM.attributes
                0x00000624       0x2e c:/program files (x86)/atmel/atmel toolchain/arm gcc/native/4.7.1416/arm-gnu-toolchain/bin/../lib/gcc/arm-none-eabi/4.7.4/../../../../arm-none-eabi/lib/armv7e-m\libc.a(lib_a-makebuf.o)
 .ARM.attributes
                0x00000652       0x2e c:/program files (x86)/atmel/atmel toolchain/arm gcc/native/4.7.1416/arm-gnu-toolchain/bin/../lib/gcc/arm-none-eabi/4.7.4/../../../../arm-none-eabi/lib/armv7e-m\libc.a(lib_a-malloc.o)
 .ARM.attributes
                0x00000680       0x2e c:/program files (x86)/atmel/atmel toolchain/arm gcc/native/4.7.1416/arm-gnu-toolchain/bin/../lib/gcc/arm-none-eabi/4.7.4/../../../../arm-none-eabi/lib/armv7e-m\libc.a(lib_a-mallocr.o)
 .ARM.attributes
                0x000006ae       0x2e c:/program files (x86)/atmel/atmel toolchain/arm gcc/native/4.7.1416/arm-gnu-toolchain/bin/../lib/gcc/arm-none-eabi/4.7.4/../../../../arm-none-eabi/lib/armv7e-m\libc.a(lib_a-memchr.o)
 .ARM.attributes
                0x000006dc       0x2e c:/program files (x86)/atmel/atmel toolchain/arm gcc/native/4.7.1416/arm-gnu-toolchain/bin/../lib/gcc/arm-none-eabi/4.7.4/../../../../arm-none-eabi/lib/armv7e-m\libc.a(lib_a-memcpy.o)
 .ARM.attributes
                0x0000070a       0x2e c:/program files (x86)/atmel/atmel toolchain/arm gcc/native/4.7.1416/arm-gnu-toolchain/bin/../lib/gcc/arm-none-eabi/4.7.4/../../../../arm-none-eabi/lib/armv7e-m\libc.a(lib_a-memmove.o)
 .ARM.attributes
                0x00000738       0x2e c:/program files (x86)/atmel/atmel toolchain/arm gcc/native/4.7.1416/arm-gnu-toolchain/bin/../lib/gcc/arm-none-eabi/4.7.4/../../../../arm-none-eabi/lib/armv7e-m\libc.a(lib_a-mlock.o)
 .ARM.attributes
                0x00000766       0x2e c:/program files (x86)/atmel/atmel toolchain/arm gcc/native/4.7.1416/arm-gnu-toolchain/bin/../lib/gcc/arm-none-eabi/4.7.4/../../../../arm-none-eabi/lib/armv7e-m\libc.a(lib_a-reallocr.o)
 .ARM.attributes
                0x00000794       0x2e c:/program files (x86)/atmel/atmel toolchain/arm gcc/native/4.7.1416/arm-gnu-toolchain/bin/../lib/gcc/arm-none-eabi/4.7.4/../../../../arm-none-eabi/lib/armv7e-m\libc.a(lib_a-sbrkr.o)
 .ARM.attributes
                0x000007c2       0x2e c:/program files (x86)/atmel/atmel toolchain/arm gcc/native/4.7.1416/arm-gnu-toolchain/bin/../lib/gcc/arm-none-eabi/4.7.4/../../../../arm-none-eabi/lib/armv7e-m\libc.a(lib_a-stdio.o)
 .ARM.attributes
                0x000007f0       0x2e c:/program files (x86)/atmel/atmel toolchain/arm gcc/native/4.7.1416/arm-gnu-toolchain/bin/../lib/gcc/arm-none-eabi/4.7.4/../../../../arm-none-eabi/lib/armv7e-m\libc.a(lib_a-writer.o)
 .ARM.attributes
                0x0000081e       0x2e c:/program files (x86)/atmel/atmel toolchain/arm gcc/native/4.7.1416/arm-gnu-toolchain/bin/../lib/gcc/arm-none-eabi/4.7.4/../../../../arm-none-eabi/lib/armv7e-m\libc.a(lib_a-closer.o)
 .ARM.attributes
                0x0000084c       0x2e c:/program files (x86)/atmel/atmel toolchain/arm gcc/native/4.7.1416/arm-gnu-toolchain/bin/../lib/gcc/arm-none-eabi/4.7.4/../../../../arm-none-eabi/lib/armv7e-m\libc.a(lib_a-fclose.o)
 .ARM.attributes
                0x0000087a       0x2e c:/program files (x86)/atmel/atmel toolchain/arm gcc/native/4.7.1416/arm-gnu-toolchain/bin/../lib/gcc/arm-none-eabi/4.7.4/../../../../arm-none-eabi/lib/armv7e-m\libc.a(lib_a-fstatr.o)
 .ARM.attributes
                0x000008a8       0x2e c:/program files (x86)/atmel/atmel toolchain/arm gcc/native/4.7.1416/arm-gnu-toolchain/bin/../lib/gcc/arm-none-eabi/4.7.4/../../../../arm-none-eabi/lib/armv7e-m\libc.a(lib_a-isattyr.o)
 .ARM.attributes
                0x000008d6       0x2e c:/program files (x86)/atmel/atmel toolchain/arm gcc/native/4.7.1416/arm-gnu-toolchain/bin/../lib/gcc/arm-none-eabi/4.7.4/../../../../arm-none-eabi/lib/armv7e-m\libc.a(lib_a-lseekr.o)
 .ARM.attributes
                0x00000904       0x2e c:/program files (x86)/atmel/atmel toolchain/arm gcc/native/4.7.1416/arm-gnu-toolchain/bin/../lib/gcc/arm-none-eabi/4.7.4/../../../../arm-none-eabi/lib/armv7e-m\libc.a(lib_a-readr.o)
 .ARM.attributes
                0x00000932       0x2e c:/program files (x86)/atmel/atmel toolchain/arm gcc/native/4.7.1416/arm-gnu-toolchain/bin/../lib/gcc/arm-none-eabi/4.7.4/../../../../arm-none-eabi/lib/armv7e-m\libc.a(lib_a-reent.o)
 .ARM.attributes
                0x00000960       0x2e c:/program files (x86)/atmel/atmel toolchain/arm gcc/native/4.7.1416/arm-gnu-toolchain/bin/../lib/gcc/arm-none-eabi/4.7.4/armv7e-m/crtend.o
 .ARM.attributes
                0x0000098e       0x1e c:/program files (x86)/atmel/atmel toolchain/arm gcc/native/4.7.1416/arm-gnu-toolchain/bin/../lib/gcc/arm-none-eabi/4.7.4/armv7e-m/crtn.o

.comment        0x00000000       0x71
 .comment       0x00000000       0x71 c:/program files (x86)/atmel/atmel toolchain/arm gcc/native/4.7.1416/arm-gnu-toolchain/bin/../lib/gcc/arm-none-eabi/4.7.4/armv7e-m/crtbegin.o
                                 0x72 (size before relaxing)
 .comment       0x00000000       0x72 src/ASF/common/services/clock/sam4s/sysclk.o
 .comment       0x00000000       0x72 src/ASF/common/utils/stdio/read.o
 .comment       0x00000000       0x72 src/ASF/common/utils/stdio/write.o
 .comment       0x00000000       0x72 src/ASF/sam/boards/sam4s_ek2/init.o
 .comment       0x00000000       0x72 src/ASF/sam/drivers/pio/pio.o
 .comment       0x00000000       0x72 src/ASF/sam/drivers/pio/pio_handler.o
 .comment       0x00000000       0x72 src/ASF/sam/drivers/pmc/pmc.o
 .comment       0x00000000       0x72 src/ASF/sam/drivers/pwm/pwm.o
 .comment       0x00000000       0x72 src/ASF/sam/drivers/uart/uart.o
 .comment       0x00000000       0x72 src/ASF/sam/drivers/usart/usart.o
 .comment       0x00000000       0x72 src/ASF/sam/utils/cmsis/sam4s/source/templates/gcc/startup_sam4s.o
 .comment       0x00000000       0x72 src/ASF/sam/utils/cmsis/sam4s/source/templates/system_sam4s.o
 .comment       0x00000000       0x72 src/ASF/sam/utils/syscalls/gcc/syscalls.o
 .comment       0x00000000       0x72 src/pwm_led_example.o
 .comment       0x00000000       0x72 c:/program files (x86)/atmel/atmel toolchain/arm gcc/native/4.7.1416/arm-gnu-toolchain/bin/../lib/gcc/arm-none-eabi/4.7.4/../../../../arm-none-eabi/lib/armv7e-m\libc.a(lib_a-__atexit.o)
 .comment       0x00000000       0x72 c:/program files (x86)/atmel/atmel toolchain/arm gcc/native/4.7.1416/arm-gnu-toolchain/bin/../lib/gcc/arm-none-eabi/4.7.4/../../../../arm-none-eabi/lib/armv7e-m\libc.a(lib_a-fini.o)
 .comment       0x00000000       0x72 c:/program files (x86)/atmel/atmel toolchain/arm gcc/native/4.7.1416/arm-gnu-toolchain/bin/../lib/gcc/arm-none-eabi/4.7.4/../../../../arm-none-eabi/lib/armv7e-m\libc.a(lib_a-impure.o)
 .comment       0x00000000       0x72 c:/program files (x86)/atmel/atmel toolchain/arm gcc/native/4.7.1416/arm-gnu-toolchain/bin/../lib/gcc/arm-none-eabi/4.7.4/../../../../arm-none-eabi/lib/armv7e-m\libc.a(lib_a-init.o)
 .comment       0x00000000       0x72 c:/program files (x86)/atmel/atmel toolchain/arm gcc/native/4.7.1416/arm-gnu-toolchain/bin/../lib/gcc/arm-none-eabi/4.7.4/../../../../arm-none-eabi/lib/armv7e-m\libc.a(lib_a-memset.o)
 .comment       0x00000000       0x72 c:/program files (x86)/atmel/atmel toolchain/arm gcc/native/4.7.1416/arm-gnu-toolchain/bin/../lib/gcc/arm-none-eabi/4.7.4/../../../../arm-none-eabi/lib/armv7e-m\libc.a(lib_a-puts.o)
 .comment       0x00000000       0x72 c:/program files (x86)/atmel/atmel toolchain/arm gcc/native/4.7.1416/arm-gnu-toolchain/bin/../lib/gcc/arm-none-eabi/4.7.4/../../../../arm-none-eabi/lib/armv7e-m\libc.a(lib_a-setbuf.o)
 .comment       0x00000000       0x72 c:/program files (x86)/atmel/atmel toolchain/arm gcc/native/4.7.1416/arm-gnu-toolchain/bin/../lib/gcc/arm-none-eabi/4.7.4/../../../../arm-none-eabi/lib/armv7e-m\libc.a(lib_a-setvbuf.o)
 .comment       0x00000000       0x72 c:/program files (x86)/atmel/atmel toolchain/arm gcc/native/4.7.1416/arm-gnu-toolchain/bin/../lib/gcc/arm-none-eabi/4.7.4/../../../../arm-none-eabi/lib/armv7e-m\libc.a(lib_a-strlen.o)
 .comment       0x00000000       0x72 c:/program files (x86)/atmel/atmel toolchain/arm gcc/native/4.7.1416/arm-gnu-toolchain/bin/../lib/gcc/arm-none-eabi/4.7.4/../../../../arm-none-eabi/lib/armv7e-m\libc.a(lib_a-wsetup.o)
 .comment       0x00000000       0x72 c:/program files (x86)/atmel/atmel toolchain/arm gcc/native/4.7.1416/arm-gnu-toolchain/bin/../lib/gcc/arm-none-eabi/4.7.4/../../../../arm-none-eabi/lib/armv7e-m\libc.a(lib_a-__call_atexit.o)
 .comment       0x00000000       0x72 c:/program files (x86)/atmel/atmel toolchain/arm gcc/native/4.7.1416/arm-gnu-toolchain/bin/../lib/gcc/arm-none-eabi/4.7.4/../../../../arm-none-eabi/lib/armv7e-m\libc.a(lib_a-atexit.o)
 .comment       0x00000000       0x72 c:/program files (x86)/atmel/atmel toolchain/arm gcc/native/4.7.1416/arm-gnu-toolchain/bin/../lib/gcc/arm-none-eabi/4.7.4/../../../../arm-none-eabi/lib/armv7e-m\libc.a(lib_a-fflush.o)
 .comment       0x00000000       0x72 c:/program files (x86)/atmel/atmel toolchain/arm gcc/native/4.7.1416/arm-gnu-toolchain/bin/../lib/gcc/arm-none-eabi/4.7.4/../../../../arm-none-eabi/lib/armv7e-m\libc.a(lib_a-findfp.o)
 .comment       0x00000000       0x72 c:/program files (x86)/atmel/atmel toolchain/arm gcc/native/4.7.1416/arm-gnu-toolchain/bin/../lib/gcc/arm-none-eabi/4.7.4/../../../../arm-none-eabi/lib/armv7e-m\libc.a(lib_a-freer.o)
 .comment       0x00000000       0x72 c:/program files (x86)/atmel/atmel toolchain/arm gcc/native/4.7.1416/arm-gnu-toolchain/bin/../lib/gcc/arm-none-eabi/4.7.4/../../../../arm-none-eabi/lib/armv7e-m\libc.a(lib_a-fvwrite.o)
 .comment       0x00000000       0x72 c:/program files (x86)/atmel/atmel toolchain/arm gcc/native/4.7.1416/arm-gnu-toolchain/bin/../lib/gcc/arm-none-eabi/4.7.4/../../../../arm-none-eabi/lib/armv7e-m\libc.a(lib_a-fwalk.o)
 .comment       0x00000000       0x72 c:/program files (x86)/atmel/atmel toolchain/arm gcc/native/4.7.1416/arm-gnu-toolchain/bin/../lib/gcc/arm-none-eabi/4.7.4/../../../../arm-none-eabi/lib/armv7e-m\libc.a(lib_a-makebuf.o)
 .comment       0x00000000       0x72 c:/program files (x86)/atmel/atmel toolchain/arm gcc/native/4.7.1416/arm-gnu-toolchain/bin/../lib/gcc/arm-none-eabi/4.7.4/../../../../arm-none-eabi/lib/armv7e-m\libc.a(lib_a-malloc.o)
 .comment       0x00000000       0x72 c:/program files (x86)/atmel/atmel toolchain/arm gcc/native/4.7.1416/arm-gnu-toolchain/bin/../lib/gcc/arm-none-eabi/4.7.4/../../../../arm-none-eabi/lib/armv7e-m\libc.a(lib_a-mallocr.o)
 .comment       0x00000000       0x72 c:/program files (x86)/atmel/atmel toolchain/arm gcc/native/4.7.1416/arm-gnu-toolchain/bin/../lib/gcc/arm-none-eabi/4.7.4/../../../../arm-none-eabi/lib/armv7e-m\libc.a(lib_a-memchr.o)
 .comment       0x00000000       0x72 c:/program files (x86)/atmel/atmel toolchain/arm gcc/native/4.7.1416/arm-gnu-toolchain/bin/../lib/gcc/arm-none-eabi/4.7.4/../../../../arm-none-eabi/lib/armv7e-m\libc.a(lib_a-memcpy.o)
 .comment       0x00000000       0x72 c:/program files (x86)/atmel/atmel toolchain/arm gcc/native/4.7.1416/arm-gnu-toolchain/bin/../lib/gcc/arm-none-eabi/4.7.4/../../../../arm-none-eabi/lib/armv7e-m\libc.a(lib_a-memmove.o)
 .comment       0x00000000       0x72 c:/program files (x86)/atmel/atmel toolchain/arm gcc/native/4.7.1416/arm-gnu-toolchain/bin/../lib/gcc/arm-none-eabi/4.7.4/../../../../arm-none-eabi/lib/armv7e-m\libc.a(lib_a-mlock.o)
 .comment       0x00000000       0x72 c:/program files (x86)/atmel/atmel toolchain/arm gcc/native/4.7.1416/arm-gnu-toolchain/bin/../lib/gcc/arm-none-eabi/4.7.4/../../../../arm-none-eabi/lib/armv7e-m\libc.a(lib_a-reallocr.o)
 .comment       0x00000000       0x72 c:/program files (x86)/atmel/atmel toolchain/arm gcc/native/4.7.1416/arm-gnu-toolchain/bin/../lib/gcc/arm-none-eabi/4.7.4/../../../../arm-none-eabi/lib/armv7e-m\libc.a(lib_a-sbrkr.o)
 .comment       0x00000000       0x72 c:/program files (x86)/atmel/atmel toolchain/arm gcc/native/4.7.1416/arm-gnu-toolchain/bin/../lib/gcc/arm-none-eabi/4.7.4/../../../../arm-none-eabi/lib/armv7e-m\libc.a(lib_a-stdio.o)
 .comment       0x00000000       0x72 c:/program files (x86)/atmel/atmel toolchain/arm gcc/native/4.7.1416/arm-gnu-toolchain/bin/../lib/gcc/arm-none-eabi/4.7.4/../../../../arm-none-eabi/lib/armv7e-m\libc.a(lib_a-writer.o)
 .comment       0x00000000       0x72 c:/program files (x86)/atmel/atmel toolchain/arm gcc/native/4.7.1416/arm-gnu-toolchain/bin/../lib/gcc/arm-none-eabi/4.7.4/../../../../arm-none-eabi/lib/armv7e-m\libc.a(lib_a-closer.o)
 .comment       0x00000000       0x72 c:/program files (x86)/atmel/atmel toolchain/arm gcc/native/4.7.1416/arm-gnu-toolchain/bin/../lib/gcc/arm-none-eabi/4.7.4/../../../../arm-none-eabi/lib/armv7e-m\libc.a(lib_a-fclose.o)
 .comment       0x00000000       0x72 c:/program files (x86)/atmel/atmel toolchain/arm gcc/native/4.7.1416/arm-gnu-toolchain/bin/../lib/gcc/arm-none-eabi/4.7.4/../../../../arm-none-eabi/lib/armv7e-m\libc.a(lib_a-fstatr.o)
 .comment       0x00000000       0x72 c:/program files (x86)/atmel/atmel toolchain/arm gcc/native/4.7.1416/arm-gnu-toolchain/bin/../lib/gcc/arm-none-eabi/4.7.4/../../../../arm-none-eabi/lib/armv7e-m\libc.a(lib_a-isattyr.o)
 .comment       0x00000000       0x72 c:/program files (x86)/atmel/atmel toolchain/arm gcc/native/4.7.1416/arm-gnu-toolchain/bin/../lib/gcc/arm-none-eabi/4.7.4/../../../../arm-none-eabi/lib/armv7e-m\libc.a(lib_a-lseekr.o)
 .comment       0x00000000       0x72 c:/program files (x86)/atmel/atmel toolchain/arm gcc/native/4.7.1416/arm-gnu-toolchain/bin/../lib/gcc/arm-none-eabi/4.7.4/../../../../arm-none-eabi/lib/armv7e-m\libc.a(lib_a-readr.o)
 .comment       0x00000000       0x72 c:/program files (x86)/atmel/atmel toolchain/arm gcc/native/4.7.1416/arm-gnu-toolchain/bin/../lib/gcc/arm-none-eabi/4.7.4/../../../../arm-none-eabi/lib/armv7e-m\libc.a(lib_a-reent.o)
 .comment       0x00000000       0x72 c:/program files (x86)/atmel/atmel toolchain/arm gcc/native/4.7.1416/arm-gnu-toolchain/bin/../lib/gcc/arm-none-eabi/4.7.4/armv7e-m/crtend.o

.debug_info     0x00000000    0x1de72
 .debug_info    0x00000000      0x730 src/ASF/common/services/clock/sam4s/sysclk.o
 .debug_info    0x00000730      0x1d8 src/ASF/common/utils/stdio/read.o
 .debug_info    0x00000908      0x1aa src/ASF/common/utils/stdio/write.o
 .debug_info    0x00000ab2      0x83b src/ASF/sam/boards/sam4s_ek2/init.o
 .debug_info    0x000012ed     0x1749 src/ASF/sam/drivers/pio/pio.o
 .debug_info    0x00002a36      0xef7 src/ASF/sam/drivers/pio/pio_handler.o
 .debug_info    0x0000392d     0x110c src/ASF/sam/drivers/pmc/pmc.o
 .debug_info    0x00004a39     0x1506 src/ASF/sam/drivers/pwm/pwm.o
 .debug_info    0x00005f3f      0x7dc src/ASF/sam/drivers/uart/uart.o
 .debug_info    0x0000671b     0x16c5 src/ASF/sam/drivers/usart/usart.o
 .debug_info    0x00007de0      0x664 src/ASF/sam/utils/cmsis/sam4s/source/templates/gcc/startup_sam4s.o
 .debug_info    0x00008444      0x48d src/ASF/sam/utils/cmsis/sam4s/source/templates/system_sam4s.o
 .debug_info    0x000088d1      0x441 src/ASF/sam/utils/syscalls/gcc/syscalls.o
 .debug_info    0x00008d12     0x1fc2 src/pwm_led_example.o
 .debug_info    0x0000acd4      0xa15 c:/program files (x86)/atmel/atmel toolchain/arm gcc/native/4.7.1416/arm-gnu-toolchain/bin/../lib/gcc/arm-none-eabi/4.7.4/../../../../arm-none-eabi/lib/armv7e-m\libc.a(lib_a-__atexit.o)
 .debug_info    0x0000b6e9       0xf7 c:/program files (x86)/atmel/atmel toolchain/arm gcc/native/4.7.1416/arm-gnu-toolchain/bin/../lib/gcc/arm-none-eabi/4.7.4/../../../../arm-none-eabi/lib/armv7e-m\libc.a(lib_a-fini.o)
 .debug_info    0x0000b7e0      0x961 c:/program files (x86)/atmel/atmel toolchain/arm gcc/native/4.7.1416/arm-gnu-toolchain/bin/../lib/gcc/arm-none-eabi/4.7.4/../../../../arm-none-eabi/lib/armv7e-m\libc.a(lib_a-impure.o)
 .debug_info    0x0000c141      0x110 c:/program files (x86)/atmel/atmel toolchain/arm gcc/native/4.7.1416/arm-gnu-toolchain/bin/../lib/gcc/arm-none-eabi/4.7.4/../../../../arm-none-eabi/lib/armv7e-m\libc.a(lib_a-init.o)
 .debug_info    0x0000c251       0xd3 c:/program files (x86)/atmel/atmel toolchain/arm gcc/native/4.7.1416/arm-gnu-toolchain/bin/../lib/gcc/arm-none-eabi/4.7.4/../../../../arm-none-eabi/lib/armv7e-m\libc.a(lib_a-memset.o)
 .debug_info    0x0000c324      0xae4 c:/program files (x86)/atmel/atmel toolchain/arm gcc/native/4.7.1416/arm-gnu-toolchain/bin/../lib/gcc/arm-none-eabi/4.7.4/../../../../arm-none-eabi/lib/armv7e-m\libc.a(lib_a-puts.o)
 .debug_info    0x0000ce08      0x9d7 c:/program files (x86)/atmel/atmel toolchain/arm gcc/native/4.7.1416/arm-gnu-toolchain/bin/../lib/gcc/arm-none-eabi/4.7.4/../../../../arm-none-eabi/lib/armv7e-m\libc.a(lib_a-setbuf.o)
 .debug_info    0x0000d7df      0xa79 c:/program files (x86)/atmel/atmel toolchain/arm gcc/native/4.7.1416/arm-gnu-toolchain/bin/../lib/gcc/arm-none-eabi/4.7.4/../../../../arm-none-eabi/lib/armv7e-m\libc.a(lib_a-setvbuf.o)
 .debug_info    0x0000e258       0xcd c:/program files (x86)/atmel/atmel toolchain/arm gcc/native/4.7.1416/arm-gnu-toolchain/bin/../lib/gcc/arm-none-eabi/4.7.4/../../../../arm-none-eabi/lib/armv7e-m\libc.a(lib_a-strlen.o)
 .debug_info    0x0000e325      0xa01 c:/program files (x86)/atmel/atmel toolchain/arm gcc/native/4.7.1416/arm-gnu-toolchain/bin/../lib/gcc/arm-none-eabi/4.7.4/../../../../arm-none-eabi/lib/armv7e-m\libc.a(lib_a-wsetup.o)
 .debug_info    0x0000ed26      0xa7c c:/program files (x86)/atmel/atmel toolchain/arm gcc/native/4.7.1416/arm-gnu-toolchain/bin/../lib/gcc/arm-none-eabi/4.7.4/../../../../arm-none-eabi/lib/armv7e-m\libc.a(lib_a-__call_atexit.o)
 .debug_info    0x0000f7a2      0x10f c:/program files (x86)/atmel/atmel toolchain/arm gcc/native/4.7.1416/arm-gnu-toolchain/bin/../lib/gcc/arm-none-eabi/4.7.4/../../../../arm-none-eabi/lib/armv7e-m\libc.a(lib_a-atexit.o)
 .debug_info    0x0000f8b1      0xb2b c:/program files (x86)/atmel/atmel toolchain/arm gcc/native/4.7.1416/arm-gnu-toolchain/bin/../lib/gcc/arm-none-eabi/4.7.4/../../../../arm-none-eabi/lib/armv7e-m\libc.a(lib_a-fflush.o)
 .debug_info    0x000103dc      0xdbc c:/program files (x86)/atmel/atmel toolchain/arm gcc/native/4.7.1416/arm-gnu-toolchain/bin/../lib/gcc/arm-none-eabi/4.7.4/../../../../arm-none-eabi/lib/armv7e-m\libc.a(lib_a-findfp.o)
 .debug_info    0x00011198      0xd0f c:/program files (x86)/atmel/atmel toolchain/arm gcc/native/4.7.1416/arm-gnu-toolchain/bin/../lib/gcc/arm-none-eabi/4.7.4/../../../../arm-none-eabi/lib/armv7e-m\libc.a(lib_a-freer.o)
 .debug_info    0x00011ea7      0xd8f c:/program files (x86)/atmel/atmel toolchain/arm gcc/native/4.7.1416/arm-gnu-toolchain/bin/../lib/gcc/arm-none-eabi/4.7.4/../../../../arm-none-eabi/lib/armv7e-m\libc.a(lib_a-fvwrite.o)
 .debug_info    0x00012c36      0xb9d c:/program files (x86)/atmel/atmel toolchain/arm gcc/native/4.7.1416/arm-gnu-toolchain/bin/../lib/gcc/arm-none-eabi/4.7.4/../../../../arm-none-eabi/lib/armv7e-m\libc.a(lib_a-fwalk.o)
 .debug_info    0x000137d3      0xbea c:/program files (x86)/atmel/atmel toolchain/arm gcc/native/4.7.1416/arm-gnu-toolchain/bin/../lib/gcc/arm-none-eabi/4.7.4/../../../../arm-none-eabi/lib/armv7e-m\libc.a(lib_a-makebuf.o)
 .debug_info    0x000143bd      0x9f2 c:/program files (x86)/atmel/atmel toolchain/arm gcc/native/4.7.1416/arm-gnu-toolchain/bin/../lib/gcc/arm-none-eabi/4.7.4/../../../../arm-none-eabi/lib/armv7e-m\libc.a(lib_a-malloc.o)
 .debug_info    0x00014daf      0xe25 c:/program files (x86)/atmel/atmel toolchain/arm gcc/native/4.7.1416/arm-gnu-toolchain/bin/../lib/gcc/arm-none-eabi/4.7.4/../../../../arm-none-eabi/lib/armv7e-m\libc.a(lib_a-mallocr.o)
 .debug_info    0x00015bd4       0xf9 c:/program files (x86)/atmel/atmel toolchain/arm gcc/native/4.7.1416/arm-gnu-toolchain/bin/../lib/gcc/arm-none-eabi/4.7.4/../../../../arm-none-eabi/lib/armv7e-m\libc.a(lib_a-memchr.o)
 .debug_info    0x00015ccd      0x103 c:/program files (x86)/atmel/atmel toolchain/arm gcc/native/4.7.1416/arm-gnu-toolchain/bin/../lib/gcc/arm-none-eabi/4.7.4/../../../../arm-none-eabi/lib/armv7e-m\libc.a(lib_a-memcpy.o)
 .debug_info    0x00015dd0      0x103 c:/program files (x86)/atmel/atmel toolchain/arm gcc/native/4.7.1416/arm-gnu-toolchain/bin/../lib/gcc/arm-none-eabi/4.7.4/../../../../arm-none-eabi/lib/armv7e-m\libc.a(lib_a-memmove.o)
 .debug_info    0x00015ed3      0x985 c:/program files (x86)/atmel/atmel toolchain/arm gcc/native/4.7.1416/arm-gnu-toolchain/bin/../lib/gcc/arm-none-eabi/4.7.4/../../../../arm-none-eabi/lib/armv7e-m\libc.a(lib_a-mlock.o)
 .debug_info    0x00016858      0xd3c c:/program files (x86)/atmel/atmel toolchain/arm gcc/native/4.7.1416/arm-gnu-toolchain/bin/../lib/gcc/arm-none-eabi/4.7.4/../../../../arm-none-eabi/lib/armv7e-m\libc.a(lib_a-reallocr.o)
 .debug_info    0x00017594      0x9cc c:/program files (x86)/atmel/atmel toolchain/arm gcc/native/4.7.1416/arm-gnu-toolchain/bin/../lib/gcc/arm-none-eabi/4.7.4/../../../../arm-none-eabi/lib/armv7e-m\libc.a(lib_a-sbrkr.o)
 .debug_info    0x00017f60      0xc7b c:/program files (x86)/atmel/atmel toolchain/arm gcc/native/4.7.1416/arm-gnu-toolchain/bin/../lib/gcc/arm-none-eabi/4.7.4/../../../../arm-none-eabi/lib/armv7e-m\libc.a(lib_a-stdio.o)
 .debug_info    0x00018bdb      0x9ff c:/program files (x86)/atmel/atmel toolchain/arm gcc/native/4.7.1416/arm-gnu-toolchain/bin/../lib/gcc/arm-none-eabi/4.7.4/../../../../arm-none-eabi/lib/armv7e-m\libc.a(lib_a-writer.o)
 .debug_info    0x000195da      0x9b6 c:/program files (x86)/atmel/atmel toolchain/arm gcc/native/4.7.1416/arm-gnu-toolchain/bin/../lib/gcc/arm-none-eabi/4.7.4/../../../../arm-none-eabi/lib/armv7e-m\libc.a(lib_a-closer.o)
 .debug_info    0x00019f90      0xac3 c:/program files (x86)/atmel/atmel toolchain/arm gcc/native/4.7.1416/arm-gnu-toolchain/bin/../lib/gcc/arm-none-eabi/4.7.4/../../../../arm-none-eabi/lib/armv7e-m\libc.a(lib_a-fclose.o)
 .debug_info    0x0001aa53      0xb61 c:/program files (x86)/atmel/atmel toolchain/arm gcc/native/4.7.1416/arm-gnu-toolchain/bin/../lib/gcc/arm-none-eabi/4.7.4/../../../../arm-none-eabi/lib/armv7e-m\libc.a(lib_a-fstatr.o)
 .debug_info    0x0001b5b4      0x9b6 c:/program files (x86)/atmel/atmel toolchain/arm gcc/native/4.7.1416/arm-gnu-toolchain/bin/../lib/gcc/arm-none-eabi/4.7.4/../../../../arm-none-eabi/lib/armv7e-m\libc.a(lib_a-isattyr.o)
 .debug_info    0x0001bf6a      0x9ed c:/program files (x86)/atmel/atmel toolchain/arm gcc/native/4.7.1416/arm-gnu-toolchain/bin/../lib/gcc/arm-none-eabi/4.7.4/../../../../arm-none-eabi/lib/armv7e-m\libc.a(lib_a-lseekr.o)
 .debug_info    0x0001c957      0x9f8 c:/program files (x86)/atmel/atmel toolchain/arm gcc/native/4.7.1416/arm-gnu-toolchain/bin/../lib/gcc/arm-none-eabi/4.7.4/../../../../arm-none-eabi/lib/armv7e-m\libc.a(lib_a-readr.o)
 .debug_info    0x0001d34f      0xb23 c:/program files (x86)/atmel/atmel toolchain/arm gcc/native/4.7.1416/arm-gnu-toolchain/bin/../lib/gcc/arm-none-eabi/4.7.4/../../../../arm-none-eabi/lib/armv7e-m\libc.a(lib_a-reent.o)

.debug_abbrev   0x00000000     0x56e9
 .debug_abbrev  0x00000000      0x221 src/ASF/common/services/clock/sam4s/sysclk.o
 .debug_abbrev  0x00000221      0x10c src/ASF/common/utils/stdio/read.o
 .debug_abbrev  0x0000032d       0xf5 src/ASF/common/utils/stdio/write.o
 .debug_abbrev  0x00000422      0x17c src/ASF/sam/boards/sam4s_ek2/init.o
 .debug_abbrev  0x0000059e      0x24c src/ASF/sam/drivers/pio/pio.o
 .debug_abbrev  0x000007ea      0x280 src/ASF/sam/drivers/pio/pio_handler.o
 .debug_abbrev  0x00000a6a      0x246 src/ASF/sam/drivers/pmc/pmc.o
 .debug_abbrev  0x00000cb0      0x231 src/ASF/sam/drivers/pwm/pwm.o
 .debug_abbrev  0x00000ee1      0x1a3 src/ASF/sam/drivers/uart/uart.o
 .debug_abbrev  0x00001084      0x26e src/ASF/sam/drivers/usart/usart.o
 .debug_abbrev  0x000012f2      0x173 src/ASF/sam/utils/cmsis/sam4s/source/templates/gcc/startup_sam4s.o
 .debug_abbrev  0x00001465       0xf5 src/ASF/sam/utils/cmsis/sam4s/source/templates/system_sam4s.o
 .debug_abbrev  0x0000155a      0x15d src/ASF/sam/utils/syscalls/gcc/syscalls.o
 .debug_abbrev  0x000016b7      0x3b2 src/pwm_led_example.o
 .debug_abbrev  0x00001a69      0x1fe c:/program files (x86)/atmel/atmel toolchain/arm gcc/native/4.7.1416/arm-gnu-toolchain/bin/../lib/gcc/arm-none-eabi/4.7.4/../../../../arm-none-eabi/lib/armv7e-m\libc.a(lib_a-__atexit.o)
 .debug_abbrev  0x00001c67       0xbb c:/program files (x86)/atmel/atmel toolchain/arm gcc/native/4.7.1416/arm-gnu-toolchain/bin/../lib/gcc/arm-none-eabi/4.7.4/../../../../arm-none-eabi/lib/armv7e-m\libc.a(lib_a-fini.o)
 .debug_abbrev  0x00001d22      0x160 c:/program files (x86)/atmel/atmel toolchain/arm gcc/native/4.7.1416/arm-gnu-toolchain/bin/../lib/gcc/arm-none-eabi/4.7.4/../../../../arm-none-eabi/lib/armv7e-m\libc.a(lib_a-impure.o)
 .debug_abbrev  0x00001e82       0xb8 c:/program files (x86)/atmel/atmel toolchain/arm gcc/native/4.7.1416/arm-gnu-toolchain/bin/../lib/gcc/arm-none-eabi/4.7.4/../../../../arm-none-eabi/lib/armv7e-m\libc.a(lib_a-init.o)
 .debug_abbrev  0x00001f3a       0x8c c:/program files (x86)/atmel/atmel toolchain/arm gcc/native/4.7.1416/arm-gnu-toolchain/bin/../lib/gcc/arm-none-eabi/4.7.4/../../../../arm-none-eabi/lib/armv7e-m\libc.a(lib_a-memset.o)
 .debug_abbrev  0x00001fc6      0x208 c:/program files (x86)/atmel/atmel toolchain/arm gcc/native/4.7.1416/arm-gnu-toolchain/bin/../lib/gcc/arm-none-eabi/4.7.4/../../../../arm-none-eabi/lib/armv7e-m\libc.a(lib_a-puts.o)
 .debug_abbrev  0x000021ce      0x19c c:/program files (x86)/atmel/atmel toolchain/arm gcc/native/4.7.1416/arm-gnu-toolchain/bin/../lib/gcc/arm-none-eabi/4.7.4/../../../../arm-none-eabi/lib/armv7e-m\libc.a(lib_a-setbuf.o)
 .debug_abbrev  0x0000236a      0x217 c:/program files (x86)/atmel/atmel toolchain/arm gcc/native/4.7.1416/arm-gnu-toolchain/bin/../lib/gcc/arm-none-eabi/4.7.4/../../../../arm-none-eabi/lib/armv7e-m\libc.a(lib_a-setvbuf.o)
 .debug_abbrev  0x00002581       0x8a c:/program files (x86)/atmel/atmel toolchain/arm gcc/native/4.7.1416/arm-gnu-toolchain/bin/../lib/gcc/arm-none-eabi/4.7.4/../../../../arm-none-eabi/lib/armv7e-m\libc.a(lib_a-strlen.o)
 .debug_abbrev  0x0000260b      0x1d5 c:/program files (x86)/atmel/atmel toolchain/arm gcc/native/4.7.1416/arm-gnu-toolchain/bin/../lib/gcc/arm-none-eabi/4.7.4/../../../../arm-none-eabi/lib/armv7e-m\libc.a(lib_a-wsetup.o)
 .debug_abbrev  0x000027e0      0x265 c:/program files (x86)/atmel/atmel toolchain/arm gcc/native/4.7.1416/arm-gnu-toolchain/bin/../lib/gcc/arm-none-eabi/4.7.4/../../../../arm-none-eabi/lib/armv7e-m\libc.a(lib_a-__call_atexit.o)
 .debug_abbrev  0x00002a45       0xb6 c:/program files (x86)/atmel/atmel toolchain/arm gcc/native/4.7.1416/arm-gnu-toolchain/bin/../lib/gcc/arm-none-eabi/4.7.4/../../../../arm-none-eabi/lib/armv7e-m\libc.a(lib_a-atexit.o)
 .debug_abbrev  0x00002afb      0x25f c:/program files (x86)/atmel/atmel toolchain/arm gcc/native/4.7.1416/arm-gnu-toolchain/bin/../lib/gcc/arm-none-eabi/4.7.4/../../../../arm-none-eabi/lib/armv7e-m\libc.a(lib_a-fflush.o)
 .debug_abbrev  0x00002d5a      0x317 c:/program files (x86)/atmel/atmel toolchain/arm gcc/native/4.7.1416/arm-gnu-toolchain/bin/../lib/gcc/arm-none-eabi/4.7.4/../../../../arm-none-eabi/lib/armv7e-m\libc.a(lib_a-findfp.o)
 .debug_abbrev  0x00003071      0x248 c:/program files (x86)/atmel/atmel toolchain/arm gcc/native/4.7.1416/arm-gnu-toolchain/bin/../lib/gcc/arm-none-eabi/4.7.4/../../../../arm-none-eabi/lib/armv7e-m\libc.a(lib_a-freer.o)
 .debug_abbrev  0x000032b9      0x22e c:/program files (x86)/atmel/atmel toolchain/arm gcc/native/4.7.1416/arm-gnu-toolchain/bin/../lib/gcc/arm-none-eabi/4.7.4/../../../../arm-none-eabi/lib/armv7e-m\libc.a(lib_a-fvwrite.o)
 .debug_abbrev  0x000034e7      0x238 c:/program files (x86)/atmel/atmel toolchain/arm gcc/native/4.7.1416/arm-gnu-toolchain/bin/../lib/gcc/arm-none-eabi/4.7.4/../../../../arm-none-eabi/lib/armv7e-m\libc.a(lib_a-fwalk.o)
 .debug_abbrev  0x0000371f      0x1e8 c:/program files (x86)/atmel/atmel toolchain/arm gcc/native/4.7.1416/arm-gnu-toolchain/bin/../lib/gcc/arm-none-eabi/4.7.4/../../../../arm-none-eabi/lib/armv7e-m\libc.a(lib_a-makebuf.o)
 .debug_abbrev  0x00003907      0x1da c:/program files (x86)/atmel/atmel toolchain/arm gcc/native/4.7.1416/arm-gnu-toolchain/bin/../lib/gcc/arm-none-eabi/4.7.4/../../../../arm-none-eabi/lib/armv7e-m\libc.a(lib_a-malloc.o)
 .debug_abbrev  0x00003ae1      0x286 c:/program files (x86)/atmel/atmel toolchain/arm gcc/native/4.7.1416/arm-gnu-toolchain/bin/../lib/gcc/arm-none-eabi/4.7.4/../../../../arm-none-eabi/lib/armv7e-m\libc.a(lib_a-mallocr.o)
 .debug_abbrev  0x00003d67       0xa9 c:/program files (x86)/atmel/atmel toolchain/arm gcc/native/4.7.1416/arm-gnu-toolchain/bin/../lib/gcc/arm-none-eabi/4.7.4/../../../../arm-none-eabi/lib/armv7e-m\libc.a(lib_a-memchr.o)
 .debug_abbrev  0x00003e10       0xa2 c:/program files (x86)/atmel/atmel toolchain/arm gcc/native/4.7.1416/arm-gnu-toolchain/bin/../lib/gcc/arm-none-eabi/4.7.4/../../../../arm-none-eabi/lib/armv7e-m\libc.a(lib_a-memcpy.o)
 .debug_abbrev  0x00003eb2       0x9a c:/program files (x86)/atmel/atmel toolchain/arm gcc/native/4.7.1416/arm-gnu-toolchain/bin/../lib/gcc/arm-none-eabi/4.7.4/../../../../arm-none-eabi/lib/armv7e-m\libc.a(lib_a-memmove.o)
 .debug_abbrev  0x00003f4c      0x17a c:/program files (x86)/atmel/atmel toolchain/arm gcc/native/4.7.1416/arm-gnu-toolchain/bin/../lib/gcc/arm-none-eabi/4.7.4/../../../../arm-none-eabi/lib/armv7e-m\libc.a(lib_a-mlock.o)
 .debug_abbrev  0x000040c6      0x265 c:/program files (x86)/atmel/atmel toolchain/arm gcc/native/4.7.1416/arm-gnu-toolchain/bin/../lib/gcc/arm-none-eabi/4.7.4/../../../../arm-none-eabi/lib/armv7e-m\libc.a(lib_a-reallocr.o)
 .debug_abbrev  0x0000432b      0x1dd c:/program files (x86)/atmel/atmel toolchain/arm gcc/native/4.7.1416/arm-gnu-toolchain/bin/../lib/gcc/arm-none-eabi/4.7.4/../../../../arm-none-eabi/lib/armv7e-m\libc.a(lib_a-sbrkr.o)
 .debug_abbrev  0x00004508      0x244 c:/program files (x86)/atmel/atmel toolchain/arm gcc/native/4.7.1416/arm-gnu-toolchain/bin/../lib/gcc/arm-none-eabi/4.7.4/../../../../arm-none-eabi/lib/armv7e-m\libc.a(lib_a-stdio.o)
 .debug_abbrev  0x0000474c      0x1d4 c:/program files (x86)/atmel/atmel toolchain/arm gcc/native/4.7.1416/arm-gnu-toolchain/bin/../lib/gcc/arm-none-eabi/4.7.4/../../../../arm-none-eabi/lib/armv7e-m\libc.a(lib_a-writer.o)
 .debug_abbrev  0x00004920      0x1cf c:/program files (x86)/atmel/atmel toolchain/arm gcc/native/4.7.1416/arm-gnu-toolchain/bin/../lib/gcc/arm-none-eabi/4.7.4/../../../../arm-none-eabi/lib/armv7e-m\libc.a(lib_a-closer.o)
 .debug_abbrev  0x00004aef      0x232 c:/program files (x86)/atmel/atmel toolchain/arm gcc/native/4.7.1416/arm-gnu-toolchain/bin/../lib/gcc/arm-none-eabi/4.7.4/../../../../arm-none-eabi/lib/armv7e-m\libc.a(lib_a-fclose.o)
 .debug_abbrev  0x00004d21      0x1de c:/program files (x86)/atmel/atmel toolchain/arm gcc/native/4.7.1416/arm-gnu-toolchain/bin/../lib/gcc/arm-none-eabi/4.7.4/../../../../arm-none-eabi/lib/armv7e-m\libc.a(lib_a-fstatr.o)
 .debug_abbrev  0x00004eff      0x1cf c:/program files (x86)/atmel/atmel toolchain/arm gcc/native/4.7.1416/arm-gnu-toolchain/bin/../lib/gcc/arm-none-eabi/4.7.4/../../../../arm-none-eabi/lib/armv7e-m\libc.a(lib_a-isattyr.o)
 .debug_abbrev  0x000050ce      0x1de c:/program files (x86)/atmel/atmel toolchain/arm gcc/native/4.7.1416/arm-gnu-toolchain/bin/../lib/gcc/arm-none-eabi/4.7.4/../../../../arm-none-eabi/lib/armv7e-m\libc.a(lib_a-lseekr.o)
 .debug_abbrev  0x000052ac      0x1cf c:/program files (x86)/atmel/atmel toolchain/arm gcc/native/4.7.1416/arm-gnu-toolchain/bin/../lib/gcc/arm-none-eabi/4.7.4/../../../../arm-none-eabi/lib/armv7e-m\libc.a(lib_a-readr.o)
 .debug_abbrev  0x0000547b      0x26e c:/program files (x86)/atmel/atmel toolchain/arm gcc/native/4.7.1416/arm-gnu-toolchain/bin/../lib/gcc/arm-none-eabi/4.7.4/../../../../arm-none-eabi/lib/armv7e-m\libc.a(lib_a-reent.o)

.debug_loc      0x00000000     0x765c
 .debug_loc     0x00000000       0xed src/ASF/common/services/clock/sam4s/sysclk.o
 .debug_loc     0x000000ed       0xff src/ASF/common/utils/stdio/read.o
 .debug_loc     0x000001ec       0xcc src/ASF/common/utils/stdio/write.o
 .debug_loc     0x000002b8       0x20 src/ASF/sam/boards/sam4s_ek2/init.o
 .debug_loc     0x000002d8      0xb2e src/ASF/sam/drivers/pio/pio.o
 .debug_loc     0x00000e06      0x476 src/ASF/sam/drivers/pio/pio_handler.o
 .debug_loc     0x0000127c      0xbda src/ASF/sam/drivers/pmc/pmc.o
 .debug_loc     0x00001e56      0xeff src/ASF/sam/drivers/pwm/pwm.o
 .debug_loc     0x00002d55      0x2e0 src/ASF/sam/drivers/uart/uart.o
 .debug_loc     0x00003035      0xeba src/ASF/sam/drivers/usart/usart.o
 .debug_loc     0x00003eef       0x85 src/ASF/sam/utils/cmsis/sam4s/source/templates/gcc/startup_sam4s.o
 .debug_loc     0x00003f74       0x85 src/ASF/sam/utils/cmsis/sam4s/source/templates/system_sam4s.o
 .debug_loc     0x00003ff9      0x134 src/ASF/sam/utils/syscalls/gcc/syscalls.o
 .debug_loc     0x0000412d      0x1fd src/pwm_led_example.o
 .debug_loc     0x0000432a       0xfc c:/program files (x86)/atmel/atmel toolchain/arm gcc/native/4.7.1416/arm-gnu-toolchain/bin/../lib/gcc/arm-none-eabi/4.7.4/../../../../arm-none-eabi/lib/armv7e-m\libc.a(lib_a-__atexit.o)
 .debug_loc     0x00004426       0x33 c:/program files (x86)/atmel/atmel toolchain/arm gcc/native/4.7.1416/arm-gnu-toolchain/bin/../lib/gcc/arm-none-eabi/4.7.4/../../../../arm-none-eabi/lib/armv7e-m\libc.a(lib_a-fini.o)
 .debug_loc     0x00004459       0x56 c:/program files (x86)/atmel/atmel toolchain/arm gcc/native/4.7.1416/arm-gnu-toolchain/bin/../lib/gcc/arm-none-eabi/4.7.4/../../../../arm-none-eabi/lib/armv7e-m\libc.a(lib_a-init.o)
 .debug_loc     0x000044af       0x3f c:/program files (x86)/atmel/atmel toolchain/arm gcc/native/4.7.1416/arm-gnu-toolchain/bin/../lib/gcc/arm-none-eabi/4.7.4/../../../../arm-none-eabi/lib/armv7e-m\libc.a(lib_a-memset.o)
 .debug_loc     0x000044ee       0xb3 c:/program files (x86)/atmel/atmel toolchain/arm gcc/native/4.7.1416/arm-gnu-toolchain/bin/../lib/gcc/arm-none-eabi/4.7.4/../../../../arm-none-eabi/lib/armv7e-m\libc.a(lib_a-puts.o)
 .debug_loc     0x000045a1       0x42 c:/program files (x86)/atmel/atmel toolchain/arm gcc/native/4.7.1416/arm-gnu-toolchain/bin/../lib/gcc/arm-none-eabi/4.7.4/../../../../arm-none-eabi/lib/armv7e-m\libc.a(lib_a-setbuf.o)
 .debug_loc     0x000045e3      0x174 c:/program files (x86)/atmel/atmel toolchain/arm gcc/native/4.7.1416/arm-gnu-toolchain/bin/../lib/gcc/arm-none-eabi/4.7.4/../../../../arm-none-eabi/lib/armv7e-m\libc.a(lib_a-setvbuf.o)
 .debug_loc     0x00004757       0x21 c:/program files (x86)/atmel/atmel toolchain/arm gcc/native/4.7.1416/arm-gnu-toolchain/bin/../lib/gcc/arm-none-eabi/4.7.4/../../../../arm-none-eabi/lib/armv7e-m\libc.a(lib_a-strlen.o)
 .debug_loc     0x00004778       0x5c c:/program files (x86)/atmel/atmel toolchain/arm gcc/native/4.7.1416/arm-gnu-toolchain/bin/../lib/gcc/arm-none-eabi/4.7.4/../../../../arm-none-eabi/lib/armv7e-m\libc.a(lib_a-wsetup.o)
 .debug_loc     0x000047d4      0x13b c:/program files (x86)/atmel/atmel toolchain/arm gcc/native/4.7.1416/arm-gnu-toolchain/bin/../lib/gcc/arm-none-eabi/4.7.4/../../../../arm-none-eabi/lib/armv7e-m\libc.a(lib_a-__call_atexit.o)
 .debug_loc     0x0000490f       0x2c c:/program files (x86)/atmel/atmel toolchain/arm gcc/native/4.7.1416/arm-gnu-toolchain/bin/../lib/gcc/arm-none-eabi/4.7.4/../../../../arm-none-eabi/lib/armv7e-m\libc.a(lib_a-atexit.o)
 .debug_loc     0x0000493b      0x1cc c:/program files (x86)/atmel/atmel toolchain/arm gcc/native/4.7.1416/arm-gnu-toolchain/bin/../lib/gcc/arm-none-eabi/4.7.4/../../../../arm-none-eabi/lib/armv7e-m\libc.a(lib_a-fflush.o)
 .debug_loc     0x00004b07      0x25b c:/program files (x86)/atmel/atmel toolchain/arm gcc/native/4.7.1416/arm-gnu-toolchain/bin/../lib/gcc/arm-none-eabi/4.7.4/../../../../arm-none-eabi/lib/armv7e-m\libc.a(lib_a-findfp.o)
 .debug_loc     0x00004d62      0x409 c:/program files (x86)/atmel/atmel toolchain/arm gcc/native/4.7.1416/arm-gnu-toolchain/bin/../lib/gcc/arm-none-eabi/4.7.4/../../../../arm-none-eabi/lib/armv7e-m\libc.a(lib_a-freer.o)
 .debug_loc     0x0000516b      0x413 c:/program files (x86)/atmel/atmel toolchain/arm gcc/native/4.7.1416/arm-gnu-toolchain/bin/../lib/gcc/arm-none-eabi/4.7.4/../../../../arm-none-eabi/lib/armv7e-m\libc.a(lib_a-fvwrite.o)
 .debug_loc     0x0000557e      0x1cf c:/program files (x86)/atmel/atmel toolchain/arm gcc/native/4.7.1416/arm-gnu-toolchain/bin/../lib/gcc/arm-none-eabi/4.7.4/../../../../arm-none-eabi/lib/armv7e-m\libc.a(lib_a-fwalk.o)
 .debug_loc     0x0000574d      0x10a c:/program files (x86)/atmel/atmel toolchain/arm gcc/native/4.7.1416/arm-gnu-toolchain/bin/../lib/gcc/arm-none-eabi/4.7.4/../../../../arm-none-eabi/lib/armv7e-m\libc.a(lib_a-makebuf.o)
 .debug_loc     0x00005857       0x58 c:/program files (x86)/atmel/atmel toolchain/arm gcc/native/4.7.1416/arm-gnu-toolchain/bin/../lib/gcc/arm-none-eabi/4.7.4/../../../../arm-none-eabi/lib/armv7e-m\libc.a(lib_a-malloc.o)
 .debug_loc     0x000058af      0x75e c:/program files (x86)/atmel/atmel toolchain/arm gcc/native/4.7.1416/arm-gnu-toolchain/bin/../lib/gcc/arm-none-eabi/4.7.4/../../../../arm-none-eabi/lib/armv7e-m\libc.a(lib_a-mallocr.o)
 .debug_loc     0x0000600d       0x88 c:/program files (x86)/atmel/atmel toolchain/arm gcc/native/4.7.1416/arm-gnu-toolchain/bin/../lib/gcc/arm-none-eabi/4.7.4/../../../../arm-none-eabi/lib/armv7e-m\libc.a(lib_a-memchr.o)
 .debug_loc     0x00006095       0x59 c:/program files (x86)/atmel/atmel toolchain/arm gcc/native/4.7.1416/arm-gnu-toolchain/bin/../lib/gcc/arm-none-eabi/4.7.4/../../../../arm-none-eabi/lib/armv7e-m\libc.a(lib_a-memcpy.o)
 .debug_loc     0x000060ee       0xd4 c:/program files (x86)/atmel/atmel toolchain/arm gcc/native/4.7.1416/arm-gnu-toolchain/bin/../lib/gcc/arm-none-eabi/4.7.4/../../../../arm-none-eabi/lib/armv7e-m\libc.a(lib_a-memmove.o)
 .debug_loc     0x000061c2      0xc64 c:/program files (x86)/atmel/atmel toolchain/arm gcc/native/4.7.1416/arm-gnu-toolchain/bin/../lib/gcc/arm-none-eabi/4.7.4/../../../../arm-none-eabi/lib/armv7e-m\libc.a(lib_a-reallocr.o)
 .debug_loc     0x00006e26       0x5f c:/program files (x86)/atmel/atmel toolchain/arm gcc/native/4.7.1416/arm-gnu-toolchain/bin/../lib/gcc/arm-none-eabi/4.7.4/../../../../arm-none-eabi/lib/armv7e-m\libc.a(lib_a-sbrkr.o)
 .debug_loc     0x00006e85      0x23d c:/program files (x86)/atmel/atmel toolchain/arm gcc/native/4.7.1416/arm-gnu-toolchain/bin/../lib/gcc/arm-none-eabi/4.7.4/../../../../arm-none-eabi/lib/armv7e-m\libc.a(lib_a-stdio.o)
 .debug_loc     0x000070c2       0xb7 c:/program files (x86)/atmel/atmel toolchain/arm gcc/native/4.7.1416/arm-gnu-toolchain/bin/../lib/gcc/arm-none-eabi/4.7.4/../../../../arm-none-eabi/lib/armv7e-m\libc.a(lib_a-writer.o)
 .debug_loc     0x00007179       0x5f c:/program files (x86)/atmel/atmel toolchain/arm gcc/native/4.7.1416/arm-gnu-toolchain/bin/../lib/gcc/arm-none-eabi/4.7.4/../../../../arm-none-eabi/lib/armv7e-m\libc.a(lib_a-closer.o)
 .debug_loc     0x000071d8       0xd2 c:/program files (x86)/atmel/atmel toolchain/arm gcc/native/4.7.1416/arm-gnu-toolchain/bin/../lib/gcc/arm-none-eabi/4.7.4/../../../../arm-none-eabi/lib/armv7e-m\libc.a(lib_a-fclose.o)
 .debug_loc     0x000072aa       0x8b c:/program files (x86)/atmel/atmel toolchain/arm gcc/native/4.7.1416/arm-gnu-toolchain/bin/../lib/gcc/arm-none-eabi/4.7.4/../../../../arm-none-eabi/lib/armv7e-m\libc.a(lib_a-fstatr.o)
 .debug_loc     0x00007335       0x5f c:/program files (x86)/atmel/atmel toolchain/arm gcc/native/4.7.1416/arm-gnu-toolchain/bin/../lib/gcc/arm-none-eabi/4.7.4/../../../../arm-none-eabi/lib/armv7e-m\libc.a(lib_a-isattyr.o)
 .debug_loc     0x00007394       0xb7 c:/program files (x86)/atmel/atmel toolchain/arm gcc/native/4.7.1416/arm-gnu-toolchain/bin/../lib/gcc/arm-none-eabi/4.7.4/../../../../arm-none-eabi/lib/armv7e-m\libc.a(lib_a-lseekr.o)
 .debug_loc     0x0000744b       0xb7 c:/program files (x86)/atmel/atmel toolchain/arm gcc/native/4.7.1416/arm-gnu-toolchain/bin/../lib/gcc/arm-none-eabi/4.7.4/../../../../arm-none-eabi/lib/armv7e-m\libc.a(lib_a-readr.o)
 .debug_loc     0x00007502      0x15a c:/program files (x86)/atmel/atmel toolchain/arm gcc/native/4.7.1416/arm-gnu-toolchain/bin/../lib/gcc/arm-none-eabi/4.7.4/../../../../arm-none-eabi/lib/armv7e-m\libc.a(lib_a-reent.o)

.debug_aranges  0x00000000      0xe18
 .debug_aranges
                0x00000000       0x30 src/ASF/common/services/clock/sam4s/sysclk.o
 .debug_aranges
                0x00000030       0x20 src/ASF/common/utils/stdio/read.o
 .debug_aranges
                0x00000050       0x20 src/ASF/common/utils/stdio/write.o
 .debug_aranges
                0x00000070       0x20 src/ASF/sam/boards/sam4s_ek2/init.o
 .debug_aranges
                0x00000090      0x1a8 src/ASF/sam/drivers/pio/pio.o
 .debug_aranges
                0x00000238       0x58 src/ASF/sam/drivers/pio/pio_handler.o
 .debug_aranges
                0x00000290      0x200 src/ASF/sam/drivers/pmc/pmc.o
 .debug_aranges
                0x00000490      0x158 src/ASF/sam/drivers/pwm/pwm.o
 .debug_aranges
                0x000005e8       0xd8 src/ASF/sam/drivers/uart/uart.o
 .debug_aranges
                0x000006c0      0x208 src/ASF/sam/drivers/usart/usart.o
 .debug_aranges
                0x000008c8       0x28 src/ASF/sam/utils/cmsis/sam4s/source/templates/gcc/startup_sam4s.o
 .debug_aranges
                0x000008f0       0x30 src/ASF/sam/utils/cmsis/sam4s/source/templates/system_sam4s.o
 .debug_aranges
                0x00000920       0x60 src/ASF/sam/utils/syscalls/gcc/syscalls.o
 .debug_aranges
                0x00000980       0x38 src/pwm_led_example.o
 .debug_aranges
                0x000009b8       0x20 c:/program files (x86)/atmel/atmel toolchain/arm gcc/native/4.7.1416/arm-gnu-toolchain/bin/../lib/gcc/arm-none-eabi/4.7.4/../../../../arm-none-eabi/lib/armv7e-m\libc.a(lib_a-__atexit.o)
 .debug_aranges
                0x000009d8       0x20 c:/program files (x86)/atmel/atmel toolchain/arm gcc/native/4.7.1416/arm-gnu-toolchain/bin/../lib/gcc/arm-none-eabi/4.7.4/../../../../arm-none-eabi/lib/armv7e-m\libc.a(lib_a-fini.o)
 .debug_aranges
                0x000009f8       0x18 c:/program files (x86)/atmel/atmel toolchain/arm gcc/native/4.7.1416/arm-gnu-toolchain/bin/../lib/gcc/arm-none-eabi/4.7.4/../../../../arm-none-eabi/lib/armv7e-m\libc.a(lib_a-impure.o)
 .debug_aranges
                0x00000a10       0x20 c:/program files (x86)/atmel/atmel toolchain/arm gcc/native/4.7.1416/arm-gnu-toolchain/bin/../lib/gcc/arm-none-eabi/4.7.4/../../../../arm-none-eabi/lib/armv7e-m\libc.a(lib_a-init.o)
 .debug_aranges
                0x00000a30       0x20 c:/program files (x86)/atmel/atmel toolchain/arm gcc/native/4.7.1416/arm-gnu-toolchain/bin/../lib/gcc/arm-none-eabi/4.7.4/../../../../arm-none-eabi/lib/armv7e-m\libc.a(lib_a-memset.o)
 .debug_aranges
                0x00000a50       0x20 c:/program files (x86)/atmel/atmel toolchain/arm gcc/native/4.7.1416/arm-gnu-toolchain/bin/../lib/gcc/arm-none-eabi/4.7.4/../../../../arm-none-eabi/lib/armv7e-m\libc.a(lib_a-puts.o)
 .debug_aranges
                0x00000a70       0x20 c:/program files (x86)/atmel/atmel toolchain/arm gcc/native/4.7.1416/arm-gnu-toolchain/bin/../lib/gcc/arm-none-eabi/4.7.4/../../../../arm-none-eabi/lib/armv7e-m\libc.a(lib_a-setbuf.o)
 .debug_aranges
                0x00000a90       0x20 c:/program files (x86)/atmel/atmel toolchain/arm gcc/native/4.7.1416/arm-gnu-toolchain/bin/../lib/gcc/arm-none-eabi/4.7.4/../../../../arm-none-eabi/lib/armv7e-m\libc.a(lib_a-setvbuf.o)
 .debug_aranges
                0x00000ab0       0x20 c:/program files (x86)/atmel/atmel toolchain/arm gcc/native/4.7.1416/arm-gnu-toolchain/bin/../lib/gcc/arm-none-eabi/4.7.4/../../../../arm-none-eabi/lib/armv7e-m\libc.a(lib_a-strlen.o)
 .debug_aranges
                0x00000ad0       0x20 c:/program files (x86)/atmel/atmel toolchain/arm gcc/native/4.7.1416/arm-gnu-toolchain/bin/../lib/gcc/arm-none-eabi/4.7.4/../../../../arm-none-eabi/lib/armv7e-m\libc.a(lib_a-wsetup.o)
 .debug_aranges
                0x00000af0       0x28 c:/program files (x86)/atmel/atmel toolchain/arm gcc/native/4.7.1416/arm-gnu-toolchain/bin/../lib/gcc/arm-none-eabi/4.7.4/../../../../arm-none-eabi/lib/armv7e-m\libc.a(lib_a-__call_atexit.o)
 .debug_aranges
                0x00000b18       0x20 c:/program files (x86)/atmel/atmel toolchain/arm gcc/native/4.7.1416/arm-gnu-toolchain/bin/../lib/gcc/arm-none-eabi/4.7.4/../../../../arm-none-eabi/lib/armv7e-m\libc.a(lib_a-atexit.o)
 .debug_aranges
                0x00000b38       0x20 c:/program files (x86)/atmel/atmel toolchain/arm gcc/native/4.7.1416/arm-gnu-toolchain/bin/../lib/gcc/arm-none-eabi/4.7.4/../../../../arm-none-eabi/lib/armv7e-m\libc.a(lib_a-fflush.o)
 .debug_aranges
                0x00000b58       0x20 c:/program files (x86)/atmel/atmel toolchain/arm gcc/native/4.7.1416/arm-gnu-toolchain/bin/../lib/gcc/arm-none-eabi/4.7.4/../../../../arm-none-eabi/lib/armv7e-m\libc.a(lib_a-findfp.o)
 .debug_aranges
                0x00000b78       0x20 c:/program files (x86)/atmel/atmel toolchain/arm gcc/native/4.7.1416/arm-gnu-toolchain/bin/../lib/gcc/arm-none-eabi/4.7.4/../../../../arm-none-eabi/lib/armv7e-m\libc.a(lib_a-freer.o)
 .debug_aranges
                0x00000b98       0x20 c:/program files (x86)/atmel/atmel toolchain/arm gcc/native/4.7.1416/arm-gnu-toolchain/bin/../lib/gcc/arm-none-eabi/4.7.4/../../../../arm-none-eabi/lib/armv7e-m\libc.a(lib_a-fvwrite.o)
 .debug_aranges
                0x00000bb8       0x20 c:/program files (x86)/atmel/atmel toolchain/arm gcc/native/4.7.1416/arm-gnu-toolchain/bin/../lib/gcc/arm-none-eabi/4.7.4/../../../../arm-none-eabi/lib/armv7e-m\libc.a(lib_a-fwalk.o)
 .debug_aranges
                0x00000bd8       0x20 c:/program files (x86)/atmel/atmel toolchain/arm gcc/native/4.7.1416/arm-gnu-toolchain/bin/../lib/gcc/arm-none-eabi/4.7.4/../../../../arm-none-eabi/lib/armv7e-m\libc.a(lib_a-makebuf.o)
 .debug_aranges
                0x00000bf8       0x20 c:/program files (x86)/atmel/atmel toolchain/arm gcc/native/4.7.1416/arm-gnu-toolchain/bin/../lib/gcc/arm-none-eabi/4.7.4/../../../../arm-none-eabi/lib/armv7e-m\libc.a(lib_a-malloc.o)
 .debug_aranges
                0x00000c18       0x20 c:/program files (x86)/atmel/atmel toolchain/arm gcc/native/4.7.1416/arm-gnu-toolchain/bin/../lib/gcc/arm-none-eabi/4.7.4/../../../../arm-none-eabi/lib/armv7e-m\libc.a(lib_a-mallocr.o)
 .debug_aranges
                0x00000c38       0x20 c:/program files (x86)/atmel/atmel toolchain/arm gcc/native/4.7.1416/arm-gnu-toolchain/bin/../lib/gcc/arm-none-eabi/4.7.4/../../../../arm-none-eabi/lib/armv7e-m\libc.a(lib_a-memchr.o)
 .debug_aranges
                0x00000c58       0x20 c:/program files (x86)/atmel/atmel toolchain/arm gcc/native/4.7.1416/arm-gnu-toolchain/bin/../lib/gcc/arm-none-eabi/4.7.4/../../../../arm-none-eabi/lib/armv7e-m\libc.a(lib_a-memcpy.o)
 .debug_aranges
                0x00000c78       0x20 c:/program files (x86)/atmel/atmel toolchain/arm gcc/native/4.7.1416/arm-gnu-toolchain/bin/../lib/gcc/arm-none-eabi/4.7.4/../../../../arm-none-eabi/lib/armv7e-m\libc.a(lib_a-memmove.o)
 .debug_aranges
                0x00000c98       0x20 c:/program files (x86)/atmel/atmel toolchain/arm gcc/native/4.7.1416/arm-gnu-toolchain/bin/../lib/gcc/arm-none-eabi/4.7.4/../../../../arm-none-eabi/lib/armv7e-m\libc.a(lib_a-mlock.o)
 .debug_aranges
                0x00000cb8       0x20 c:/program files (x86)/atmel/atmel toolchain/arm gcc/native/4.7.1416/arm-gnu-toolchain/bin/../lib/gcc/arm-none-eabi/4.7.4/../../../../arm-none-eabi/lib/armv7e-m\libc.a(lib_a-reallocr.o)
 .debug_aranges
                0x00000cd8       0x20 c:/program files (x86)/atmel/atmel toolchain/arm gcc/native/4.7.1416/arm-gnu-toolchain/bin/../lib/gcc/arm-none-eabi/4.7.4/../../../../arm-none-eabi/lib/armv7e-m\libc.a(lib_a-sbrkr.o)
 .debug_aranges
                0x00000cf8       0x20 c:/program files (x86)/atmel/atmel toolchain/arm gcc/native/4.7.1416/arm-gnu-toolchain/bin/../lib/gcc/arm-none-eabi/4.7.4/../../../../arm-none-eabi/lib/armv7e-m\libc.a(lib_a-stdio.o)
 .debug_aranges
                0x00000d18       0x20 c:/program files (x86)/atmel/atmel toolchain/arm gcc/native/4.7.1416/arm-gnu-toolchain/bin/../lib/gcc/arm-none-eabi/4.7.4/../../../../arm-none-eabi/lib/armv7e-m\libc.a(lib_a-writer.o)
 .debug_aranges
                0x00000d38       0x20 c:/program files (x86)/atmel/atmel toolchain/arm gcc/native/4.7.1416/arm-gnu-toolchain/bin/../lib/gcc/arm-none-eabi/4.7.4/../../../../arm-none-eabi/lib/armv7e-m\libc.a(lib_a-closer.o)
 .debug_aranges
                0x00000d58       0x20 c:/program files (x86)/atmel/atmel toolchain/arm gcc/native/4.7.1416/arm-gnu-toolchain/bin/../lib/gcc/arm-none-eabi/4.7.4/../../../../arm-none-eabi/lib/armv7e-m\libc.a(lib_a-fclose.o)
 .debug_aranges
                0x00000d78       0x20 c:/program files (x86)/atmel/atmel toolchain/arm gcc/native/4.7.1416/arm-gnu-toolchain/bin/../lib/gcc/arm-none-eabi/4.7.4/../../../../arm-none-eabi/lib/armv7e-m\libc.a(lib_a-fstatr.o)
 .debug_aranges
                0x00000d98       0x20 c:/program files (x86)/atmel/atmel toolchain/arm gcc/native/4.7.1416/arm-gnu-toolchain/bin/../lib/gcc/arm-none-eabi/4.7.4/../../../../arm-none-eabi/lib/armv7e-m\libc.a(lib_a-isattyr.o)
 .debug_aranges
                0x00000db8       0x20 c:/program files (x86)/atmel/atmel toolchain/arm gcc/native/4.7.1416/arm-gnu-toolchain/bin/../lib/gcc/arm-none-eabi/4.7.4/../../../../arm-none-eabi/lib/armv7e-m\libc.a(lib_a-lseekr.o)
 .debug_aranges
                0x00000dd8       0x20 c:/program files (x86)/atmel/atmel toolchain/arm gcc/native/4.7.1416/arm-gnu-toolchain/bin/../lib/gcc/arm-none-eabi/4.7.4/../../../../arm-none-eabi/lib/armv7e-m\libc.a(lib_a-readr.o)
 .debug_aranges
                0x00000df8       0x20 c:/program files (x86)/atmel/atmel toolchain/arm gcc/native/4.7.1416/arm-gnu-toolchain/bin/../lib/gcc/arm-none-eabi/4.7.4/../../../../arm-none-eabi/lib/armv7e-m\libc.a(lib_a-reent.o)

.debug_ranges   0x00000000      0xa30
 .debug_ranges  0x00000000       0x20 src/ASF/common/services/clock/sam4s/sysclk.o
 .debug_ranges  0x00000020       0x10 src/ASF/common/utils/stdio/read.o
 .debug_ranges  0x00000030       0x10 src/ASF/common/utils/stdio/write.o
 .debug_ranges  0x00000040       0x10 src/ASF/sam/boards/sam4s_ek2/init.o
 .debug_ranges  0x00000050      0x198 src/ASF/sam/drivers/pio/pio.o
 .debug_ranges  0x000001e8       0x48 src/ASF/sam/drivers/pio/pio_handler.o
 .debug_ranges  0x00000230      0x1f0 src/ASF/sam/drivers/pmc/pmc.o
 .debug_ranges  0x00000420      0x148 src/ASF/sam/drivers/pwm/pwm.o
 .debug_ranges  0x00000568       0xc8 src/ASF/sam/drivers/uart/uart.o
 .debug_ranges  0x00000630      0x2b8 src/ASF/sam/drivers/usart/usart.o
 .debug_ranges  0x000008e8       0x30 src/ASF/sam/utils/cmsis/sam4s/source/templates/gcc/startup_sam4s.o
 .debug_ranges  0x00000918       0x20 src/ASF/sam/utils/cmsis/sam4s/source/templates/system_sam4s.o
 .debug_ranges  0x00000938       0x50 src/ASF/sam/utils/syscalls/gcc/syscalls.o
 .debug_ranges  0x00000988       0x28 src/pwm_led_example.o
 .debug_ranges  0x000009b0       0x50 c:/program files (x86)/atmel/atmel toolchain/arm gcc/native/4.7.1416/arm-gnu-toolchain/bin/../lib/gcc/arm-none-eabi/4.7.4/../../../../arm-none-eabi/lib/armv7e-m\libc.a(lib_a-__call_atexit.o)
 .debug_ranges  0x00000a00       0x30 c:/program files (x86)/atmel/atmel toolchain/arm gcc/native/4.7.1416/arm-gnu-toolchain/bin/../lib/gcc/arm-none-eabi/4.7.4/../../../../arm-none-eabi/lib/armv7e-m\libc.a(lib_a-reallocr.o)

.debug_macro    0x00000000    0x121c5
 .debug_macro   0x00000000      0x4ee src/ASF/common/services/clock/sam4s/sysclk.o
 .debug_macro   0x000004ee      0x838 src/ASF/common/services/clock/sam4s/sysclk.o
 .debug_macro   0x00000d26      0x3b9 src/ASF/common/services/clock/sam4s/sysclk.o
 .debug_macro   0x000010df       0x28 src/ASF/common/services/clock/sam4s/sysclk.o
 .debug_macro   0x00001107      0x16c src/ASF/common/services/clock/sam4s/sysclk.o
 .debug_macro   0x00001273       0x76 src/ASF/common/services/clock/sam4s/sysclk.o
 .debug_macro   0x000012e9       0x16 src/ASF/common/services/clock/sam4s/sysclk.o
 .debug_macro   0x000012ff      0x6e1 src/ASF/common/services/clock/sam4s/sysclk.o
 .debug_macro   0x000019e0       0x3a src/ASF/common/services/clock/sam4s/sysclk.o
 .debug_macro   0x00001a1a       0x10 src/ASF/common/services/clock/sam4s/sysclk.o
 .debug_macro   0x00001a2a       0x2e src/ASF/common/services/clock/sam4s/sysclk.o
 .debug_macro   0x00001a58       0xa3 src/ASF/common/services/clock/sam4s/sysclk.o
 .debug_macro   0x00001afb      0x20e src/ASF/common/services/clock/sam4s/sysclk.o
 .debug_macro   0x00001d09       0x27 src/ASF/common/services/clock/sam4s/sysclk.o
 .debug_macro   0x00001d30       0x3b src/ASF/common/services/clock/sam4s/sysclk.o
 .debug_macro   0x00001d6b       0x18 src/ASF/common/services/clock/sam4s/sysclk.o
 .debug_macro   0x00001d83       0x42 src/ASF/common/services/clock/sam4s/sysclk.o
 .debug_macro   0x00001dc5      0xb17 src/ASF/common/services/clock/sam4s/sysclk.o
 .debug_macro   0x000028dc      0x157 src/ASF/common/services/clock/sam4s/sysclk.o
 .debug_macro   0x00002a33      0x970 src/ASF/common/services/clock/sam4s/sysclk.o
 .debug_macro   0x000033a3      0x281 src/ASF/common/services/clock/sam4s/sysclk.o
 .debug_macro   0x00003624      0x11e src/ASF/common/services/clock/sam4s/sysclk.o
 .debug_macro   0x00003742       0xac src/ASF/common/services/clock/sam4s/sysclk.o
 .debug_macro   0x000037ee      0x317 src/ASF/common/services/clock/sam4s/sysclk.o
 .debug_macro   0x00003b05      0x106 src/ASF/common/services/clock/sam4s/sysclk.o
 .debug_macro   0x00003c0b       0x1c src/ASF/common/services/clock/sam4s/sysclk.o
 .debug_macro   0x00003c27      0x735 src/ASF/common/services/clock/sam4s/sysclk.o
 .debug_macro   0x0000435c      0x2d0 src/ASF/common/services/clock/sam4s/sysclk.o
 .debug_macro   0x0000462c       0xbe src/ASF/common/services/clock/sam4s/sysclk.o
 .debug_macro   0x000046ea     0x280b src/ASF/common/services/clock/sam4s/sysclk.o
 .debug_macro   0x00006ef5      0x76f src/ASF/common/services/clock/sam4s/sysclk.o
 .debug_macro   0x00007664      0xa8b src/ASF/common/services/clock/sam4s/sysclk.o
 .debug_macro   0x000080ef       0x9a src/ASF/common/services/clock/sam4s/sysclk.o
 .debug_macro   0x00008189      0x3d6 src/ASF/common/services/clock/sam4s/sysclk.o
 .debug_macro   0x0000855f       0x64 src/ASF/common/services/clock/sam4s/sysclk.o
 .debug_macro   0x000085c3      0x1ab src/ASF/common/services/clock/sam4s/sysclk.o
 .debug_macro   0x0000876e      0x383 src/ASF/common/services/clock/sam4s/sysclk.o
 .debug_macro   0x00008af1      0x621 src/ASF/common/services/clock/sam4s/sysclk.o
 .debug_macro   0x00009112      0x68d src/ASF/common/services/clock/sam4s/sysclk.o
 .debug_macro   0x0000979f      0x59c src/ASF/common/services/clock/sam4s/sysclk.o
 .debug_macro   0x00009d3b      0x34a src/ASF/common/services/clock/sam4s/sysclk.o
 .debug_macro   0x0000a085      0x289 src/ASF/common/services/clock/sam4s/sysclk.o
 .debug_macro   0x0000a30e      0x2d3 src/ASF/common/services/clock/sam4s/sysclk.o
 .debug_macro   0x0000a5e1      0x6d6 src/ASF/common/services/clock/sam4s/sysclk.o
 .debug_macro   0x0000acb7       0x76 src/ASF/common/services/clock/sam4s/sysclk.o
 .debug_macro   0x0000ad2d       0xb8 src/ASF/common/services/clock/sam4s/sysclk.o
 .debug_macro   0x0000ade5       0xb2 src/ASF/common/services/clock/sam4s/sysclk.o
 .debug_macro   0x0000ae97       0x88 src/ASF/common/services/clock/sam4s/sysclk.o
 .debug_macro   0x0000af1f      0x102 src/ASF/common/services/clock/sam4s/sysclk.o
 .debug_macro   0x0000b021      0x102 src/ASF/common/services/clock/sam4s/sysclk.o
 .debug_macro   0x0000b123       0x88 src/ASF/common/services/clock/sam4s/sysclk.o
 .debug_macro   0x0000b1ab       0x88 src/ASF/common/services/clock/sam4s/sysclk.o
 .debug_macro   0x0000b233      0x2cd src/ASF/common/services/clock/sam4s/sysclk.o
 .debug_macro   0x0000b500       0xb2 src/ASF/common/services/clock/sam4s/sysclk.o
 .debug_macro   0x0000b5b2       0xb2 src/ASF/common/services/clock/sam4s/sysclk.o
 .debug_macro   0x0000b664       0x52 src/ASF/common/services/clock/sam4s/sysclk.o
 .debug_macro   0x0000b6b6       0xa6 src/ASF/common/services/clock/sam4s/sysclk.o
 .debug_macro   0x0000b75c       0x7c src/ASF/common/services/clock/sam4s/sysclk.o